# target   /Users/runner/work/strata/strata/python/strata/_strata.cpython-312-darwin.so
# build A  /Users/runner/work/strata/strata/arms/A.so  md5=f1ca824fba2026cae3f2542f2575edf4
# build B  /Users/runner/work/strata/strata/arms/A.so  md5=f1ca824fba2026cae3f2542f2575edf4
# order    ABBAABBAABBAABBAABBAABBAA (25 launches)
# rows     small:users:loads small:users:dumps small:users:load small:users:dump small:users:ndload small:flat:loads small:flat:dumps small:flat:load small:flat:dump small:nested:loads small:nested:dumps small:nested:load small:nested:dump small:wide_arrays:loads small:wide_arrays:dumps small:wide_arrays:load small:wide_arrays:dump small:mixed:loads small:mixed:dumps small:mixed:load small:mixed:dump medium:flat:dumps medium:users:dumps medium:mixed:dumps medium:wide_arrays:loads  repeat=60
# facade   /Users/runner/work/strata/strata/python/strata swapped per launch
# launch 00 build=A md5=f1ca824fba2026cae3f2542f2575edf4 facade_md5=8045c859563f90acf92a73b882358a78
# L00 build=A extension=/Users/runner/work/strata/strata/python/strata/_strata.cpython-312-darwin.so md5=f1ca824fba2026cae3f2542f2575edf4 load=1.99,2.07,2.29 cpus=4 t=01:25:02
# launch 01 build=B md5=f1ca824fba2026cae3f2542f2575edf4 facade_md5=8045c859563f90acf92a73b882358a78
# L01 build=B extension=/Users/runner/work/strata/strata/python/strata/_strata.cpython-312-darwin.so md5=f1ca824fba2026cae3f2542f2575edf4 load=1.95,2.04,2.26 cpus=4 t=01:25:56
# launch 02 build=B md5=f1ca824fba2026cae3f2542f2575edf4 facade_md5=8045c859563f90acf92a73b882358a78
# L02 build=B extension=/Users/runner/work/strata/strata/python/strata/_strata.cpython-312-darwin.so md5=f1ca824fba2026cae3f2542f2575edf4 load=1.88,1.99,2.23 cpus=4 t=01:26:51
# launch 03 build=A md5=f1ca824fba2026cae3f2542f2575edf4 facade_md5=8045c859563f90acf92a73b882358a78
# L03 build=A extension=/Users/runner/work/strata/strata/python/strata/_strata.cpython-312-darwin.so md5=f1ca824fba2026cae3f2542f2575edf4 load=1.83,1.97,2.21 cpus=4 t=01:27:42
# launch 04 build=A md5=f1ca824fba2026cae3f2542f2575edf4 facade_md5=8045c859563f90acf92a73b882358a78
# L04 build=A extension=/Users/runner/work/strata/strata/python/strata/_strata.cpython-312-darwin.so md5=f1ca824fba2026cae3f2542f2575edf4 load=1.76,1.92,2.17 cpus=4 t=01:28:26
# launch 05 build=B md5=f1ca824fba2026cae3f2542f2575edf4 facade_md5=8045c859563f90acf92a73b882358a78
# L05 build=B extension=/Users/runner/work/strata/strata/python/strata/_strata.cpython-312-darwin.so md5=f1ca824fba2026cae3f2542f2575edf4 load=1.87,1.90,2.15 cpus=4 t=01:29:13
# launch 06 build=B md5=f1ca824fba2026cae3f2542f2575edf4 facade_md5=8045c859563f90acf92a73b882358a78
# L06 build=B extension=/Users/runner/work/strata/strata/python/strata/_strata.cpython-312-darwin.so md5=f1ca824fba2026cae3f2542f2575edf4 load=1.54,1.80,2.10 cpus=4 t=01:29:58
# launch 07 build=A md5=f1ca824fba2026cae3f2542f2575edf4 facade_md5=8045c859563f90acf92a73b882358a78
# L07 build=A extension=/Users/runner/work/strata/strata/python/strata/_strata.cpython-312-darwin.so md5=f1ca824fba2026cae3f2542f2575edf4 load=1.47,1.75,2.06 cpus=4 t=01:30:43
# launch 08 build=A md5=f1ca824fba2026cae3f2542f2575edf4 facade_md5=8045c859563f90acf92a73b882358a78
# L08 build=A extension=/Users/runner/work/strata/strata/python/strata/_strata.cpython-312-darwin.so md5=f1ca824fba2026cae3f2542f2575edf4 load=1.59,1.75,2.05 cpus=4 t=01:31:35
# launch 09 build=B md5=f1ca824fba2026cae3f2542f2575edf4 facade_md5=8045c859563f90acf92a73b882358a78
# L09 build=B extension=/Users/runner/work/strata/strata/python/strata/_strata.cpython-312-darwin.so md5=f1ca824fba2026cae3f2542f2575edf4 load=1.71,1.76,2.03 cpus=4 t=01:32:30
# launch 10 build=B md5=f1ca824fba2026cae3f2542f2575edf4 facade_md5=8045c859563f90acf92a73b882358a78
# L10 build=B extension=/Users/runner/work/strata/strata/python/strata/_strata.cpython-312-darwin.so md5=f1ca824fba2026cae3f2542f2575edf4 load=1.97,1.80,2.03 cpus=4 t=01:33:20
# launch 11 build=A md5=f1ca824fba2026cae3f2542f2575edf4 facade_md5=8045c859563f90acf92a73b882358a78
# L11 build=A extension=/Users/runner/work/strata/strata/python/strata/_strata.cpython-312-darwin.so md5=f1ca824fba2026cae3f2542f2575edf4 load=1.86,1.78,2.00 cpus=4 t=01:34:10
# launch 12 build=A md5=f1ca824fba2026cae3f2542f2575edf4 facade_md5=8045c859563f90acf92a73b882358a78
# L12 build=A extension=/Users/runner/work/strata/strata/python/strata/_strata.cpython-312-darwin.so md5=f1ca824fba2026cae3f2542f2575edf4 load=1.88,1.80,2.00 cpus=4 t=01:35:01
# launch 13 build=B md5=f1ca824fba2026cae3f2542f2575edf4 facade_md5=8045c859563f90acf92a73b882358a78
# L13 build=B extension=/Users/runner/work/strata/strata/python/strata/_strata.cpython-312-darwin.so md5=f1ca824fba2026cae3f2542f2575edf4 load=1.87,1.80,1.98 cpus=4 t=01:35:50
# launch 14 build=B md5=f1ca824fba2026cae3f2542f2575edf4 facade_md5=8045c859563f90acf92a73b882358a78
# L14 build=B extension=/Users/runner/work/strata/strata/python/strata/_strata.cpython-312-darwin.so md5=f1ca824fba2026cae3f2542f2575edf4 load=2.17,1.88,2.00 cpus=4 t=01:36:50
# launch 15 build=A md5=f1ca824fba2026cae3f2542f2575edf4 facade_md5=8045c859563f90acf92a73b882358a78
# L15 build=A extension=/Users/runner/work/strata/strata/python/strata/_strata.cpython-312-darwin.so md5=f1ca824fba2026cae3f2542f2575edf4 load=1.91,1.86,1.99 cpus=4 t=01:37:44
# launch 16 build=A md5=f1ca824fba2026cae3f2542f2575edf4 facade_md5=8045c859563f90acf92a73b882358a78
# L16 build=A extension=/Users/runner/work/strata/strata/python/strata/_strata.cpython-312-darwin.so md5=f1ca824fba2026cae3f2542f2575edf4 load=2.20,1.94,2.00 cpus=4 t=01:38:45
# launch 17 build=B md5=f1ca824fba2026cae3f2542f2575edf4 facade_md5=8045c859563f90acf92a73b882358a78
# L17 build=B extension=/Users/runner/work/strata/strata/python/strata/_strata.cpython-312-darwin.so md5=f1ca824fba2026cae3f2542f2575edf4 load=1.92,1.92,1.99 cpus=4 t=01:39:43
# launch 18 build=B md5=f1ca824fba2026cae3f2542f2575edf4 facade_md5=8045c859563f90acf92a73b882358a78
# L18 build=B extension=/Users/runner/work/strata/strata/python/strata/_strata.cpython-312-darwin.so md5=f1ca824fba2026cae3f2542f2575edf4 load=1.69,1.86,1.96 cpus=4 t=01:40:30
# launch 19 build=A md5=f1ca824fba2026cae3f2542f2575edf4 facade_md5=8045c859563f90acf92a73b882358a78
# L19 build=A extension=/Users/runner/work/strata/strata/python/strata/_strata.cpython-312-darwin.so md5=f1ca824fba2026cae3f2542f2575edf4 load=1.94,1.90,1.98 cpus=4 t=01:41:17
# launch 20 build=A md5=f1ca824fba2026cae3f2542f2575edf4 facade_md5=8045c859563f90acf92a73b882358a78
# L20 build=A extension=/Users/runner/work/strata/strata/python/strata/_strata.cpython-312-darwin.so md5=f1ca824fba2026cae3f2542f2575edf4 load=1.69,1.84,1.95 cpus=4 t=01:42:01
# launch 21 build=B md5=f1ca824fba2026cae3f2542f2575edf4 facade_md5=8045c859563f90acf92a73b882358a78
# L21 build=B extension=/Users/runner/work/strata/strata/python/strata/_strata.cpython-312-darwin.so md5=f1ca824fba2026cae3f2542f2575edf4 load=1.68,1.80,1.92 cpus=4 t=01:43:00
# launch 22 build=B md5=f1ca824fba2026cae3f2542f2575edf4 facade_md5=8045c859563f90acf92a73b882358a78
# L22 build=B extension=/Users/runner/work/strata/strata/python/strata/_strata.cpython-312-darwin.so md5=f1ca824fba2026cae3f2542f2575edf4 load=1.87,1.84,1.93 cpus=4 t=01:43:50
# launch 23 build=A md5=f1ca824fba2026cae3f2542f2575edf4 facade_md5=8045c859563f90acf92a73b882358a78
# L23 build=A extension=/Users/runner/work/strata/strata/python/strata/_strata.cpython-312-darwin.so md5=f1ca824fba2026cae3f2542f2575edf4 load=1.82,1.84,1.92 cpus=4 t=01:44:46
# launch 24 build=A md5=f1ca824fba2026cae3f2542f2575edf4 facade_md5=8045c859563f90acf92a73b882358a78
# L24 build=A extension=/Users/runner/work/strata/strata/python/strata/_strata.cpython-312-darwin.so md5=f1ca824fba2026cae3f2542f2575edf4 load=1.97,1.88,1.93 cpus=4 t=01:45:38
# wrote ab/AA.tsv (25 of 25 launches)
# restored /Users/runner/work/strata/strata/python/strata/_strata.cpython-312-darwin.so to md5=63a32ec21f724bc17cb5dd7ba800ff0d
# restored facade /Users/runner/work/strata/strata/python/strata to md5=bc19225b9639128ba9fd166d5e3f1bef
