PYTHONPATH=. .venv/bin/python benchmarks/ab_rows.py \
		--build A=/Users/borysbardysh/PycharmProjects/PrimeLabFoundation/strata/build/evidence/M15/armA/_strata.cpython-314-darwin.so --build B=/Users/borysbardysh/PycharmProjects/PrimeLabFoundation/strata/build/evidence/M15/boundary-screen/armFix/_strata.cpython-314-darwin.so \
		--target /Users/borysbardysh/worktrees/strata/main-pgo/python/strata/_strata.cpython-314-darwin.so \
		--out /Users/borysbardysh/PycharmProjects/PrimeLabFoundation/strata/build/evidence/M15/boundary-screen/fix_screen.tsv --row small:flat:dumps --row small:flat:dump --row small:users:dumps --row medium:users:dumps --row small:users:loads --row small:mixed:dumps --row small:wide_arrays:dumps --row small:wide_arrays:dump --blocks 6 --repeat 60
# target   /Users/borysbardysh/worktrees/strata/main-pgo/python/strata/_strata.cpython-314-darwin.so
# build A  /Users/borysbardysh/PycharmProjects/PrimeLabFoundation/strata/build/evidence/M15/armA/_strata.cpython-314-darwin.so  md5=1609bb3e318d8f9e2c552fa4675795f2
# build B  /Users/borysbardysh/PycharmProjects/PrimeLabFoundation/strata/build/evidence/M15/boundary-screen/armFix/_strata.cpython-314-darwin.so  md5=13c84d63994c2036113683f52026f6bd
# order    ABBAABBAABBAABBAABBAABBAA (25 launches)
# rows     small:flat:dumps small:flat:dump small:users:dumps medium:users:dumps small:users:loads small:mixed:dumps small:wide_arrays:dumps small:wide_arrays:dump  repeat=60
# launch 00 build=A md5=1609bb3e318d8f9e2c552fa4675795f2
# L00 build=A extension=/Users/borysbardysh/worktrees/strata/main-pgo/python/strata/_strata.cpython-314-darwin.so md5=1609bb3e318d8f9e2c552fa4675795f2 load=2.87,4.02,5.11 cpus=10 t=06:41:04
# launch 01 build=B md5=13c84d63994c2036113683f52026f6bd
# L01 build=B extension=/Users/borysbardysh/worktrees/strata/main-pgo/python/strata/_strata.cpython-314-darwin.so md5=13c84d63994c2036113683f52026f6bd load=5.08,4.47,5.25 cpus=10 t=06:41:19
# launch 02 build=B md5=13c84d63994c2036113683f52026f6bd
# L02 build=B extension=/Users/borysbardysh/worktrees/strata/main-pgo/python/strata/_strata.cpython-314-darwin.so md5=13c84d63994c2036113683f52026f6bd load=5.00,4.48,5.24 cpus=10 t=06:41:33
# launch 03 build=A md5=1609bb3e318d8f9e2c552fa4675795f2
# L03 build=A extension=/Users/borysbardysh/worktrees/strata/main-pgo/python/strata/_strata.cpython-314-darwin.so md5=1609bb3e318d8f9e2c552fa4675795f2 load=4.50,4.39,5.19 cpus=10 t=06:41:48
# launch 04 build=A md5=1609bb3e318d8f9e2c552fa4675795f2
# L04 build=A extension=/Users/borysbardysh/worktrees/strata/main-pgo/python/strata/_strata.cpython-314-darwin.so md5=1609bb3e318d8f9e2c552fa4675795f2 load=4.19,4.32,5.15 cpus=10 t=06:42:03
# launch 05 build=B md5=13c84d63994c2036113683f52026f6bd
# L05 build=B extension=/Users/borysbardysh/worktrees/strata/main-pgo/python/strata/_strata.cpython-314-darwin.so md5=13c84d63994c2036113683f52026f6bd load=6.19,4.76,5.30 cpus=10 t=06:42:17
# launch 06 build=B md5=13c84d63994c2036113683f52026f6bd
# L06 build=B extension=/Users/borysbardysh/worktrees/strata/main-pgo/python/strata/_strata.cpython-314-darwin.so md5=13c84d63994c2036113683f52026f6bd load=5.26,4.62,5.24 cpus=10 t=06:42:31
# launch 07 build=A md5=1609bb3e318d8f9e2c552fa4675795f2
# L07 build=A extension=/Users/borysbardysh/worktrees/strata/main-pgo/python/strata/_strata.cpython-314-darwin.so md5=1609bb3e318d8f9e2c552fa4675795f2 load=5.05,4.61,5.22 cpus=10 t=06:42:46
# launch 08 build=A md5=1609bb3e318d8f9e2c552fa4675795f2
# L08 build=A extension=/Users/borysbardysh/worktrees/strata/main-pgo/python/strata/_strata.cpython-314-darwin.so md5=1609bb3e318d8f9e2c552fa4675795f2 load=4.59,4.53,5.18 cpus=10 t=06:43:01
# launch 09 build=B md5=13c84d63994c2036113683f52026f6bd
# L09 build=B extension=/Users/borysbardysh/worktrees/strata/main-pgo/python/strata/_strata.cpython-314-darwin.so md5=13c84d63994c2036113683f52026f6bd load=4.79,4.58,5.19 cpus=10 t=06:43:15
# launch 10 build=B md5=13c84d63994c2036113683f52026f6bd
# L10 build=B extension=/Users/borysbardysh/worktrees/strata/main-pgo/python/strata/_strata.cpython-314-darwin.so md5=13c84d63994c2036113683f52026f6bd load=5.12,4.68,5.21 cpus=10 t=06:43:30
# launch 11 build=A md5=1609bb3e318d8f9e2c552fa4675795f2
# L11 build=A extension=/Users/borysbardysh/worktrees/strata/main-pgo/python/strata/_strata.cpython-314-darwin.so md5=1609bb3e318d8f9e2c552fa4675795f2 load=4.56,4.58,5.17 cpus=10 t=06:43:44
# launch 12 build=A md5=1609bb3e318d8f9e2c552fa4675795f2
# L12 build=A extension=/Users/borysbardysh/worktrees/strata/main-pgo/python/strata/_strata.cpython-314-darwin.so md5=1609bb3e318d8f9e2c552fa4675795f2 load=4.29,4.51,5.14 cpus=10 t=06:43:59
# launch 13 build=B md5=13c84d63994c2036113683f52026f6bd
# L13 build=B extension=/Users/borysbardysh/worktrees/strata/main-pgo/python/strata/_strata.cpython-314-darwin.so md5=13c84d63994c2036113683f52026f6bd load=3.86,4.41,5.09 cpus=10 t=06:44:13
# launch 14 build=B md5=13c84d63994c2036113683f52026f6bd
# L14 build=B extension=/Users/borysbardysh/worktrees/strata/main-pgo/python/strata/_strata.cpython-314-darwin.so md5=13c84d63994c2036113683f52026f6bd load=3.46,4.29,5.03 cpus=10 t=06:44:28
# launch 15 build=A md5=1609bb3e318d8f9e2c552fa4675795f2
# L15 build=A extension=/Users/borysbardysh/worktrees/strata/main-pgo/python/strata/_strata.cpython-314-darwin.so md5=1609bb3e318d8f9e2c552fa4675795f2 load=3.07,4.16,4.97 cpus=10 t=06:44:42
# launch 16 build=A md5=1609bb3e318d8f9e2c552fa4675795f2
# L16 build=A extension=/Users/borysbardysh/worktrees/strata/main-pgo/python/strata/_strata.cpython-314-darwin.so md5=1609bb3e318d8f9e2c552fa4675795f2 load=3.36,4.17,4.96 cpus=10 t=06:44:56
# launch 17 build=B md5=13c84d63994c2036113683f52026f6bd
# L17 build=B extension=/Users/borysbardysh/worktrees/strata/main-pgo/python/strata/_strata.cpython-314-darwin.so md5=13c84d63994c2036113683f52026f6bd load=3.36,4.13,4.93 cpus=10 t=06:45:11
# launch 18 build=B md5=13c84d63994c2036113683f52026f6bd
# L18 build=B extension=/Users/borysbardysh/worktrees/strata/main-pgo/python/strata/_strata.cpython-314-darwin.so md5=13c84d63994c2036113683f52026f6bd load=3.21,4.05,4.89 cpus=10 t=06:45:26
# launch 19 build=A md5=1609bb3e318d8f9e2c552fa4675795f2
# L19 build=A extension=/Users/borysbardysh/worktrees/strata/main-pgo/python/strata/_strata.cpython-314-darwin.so md5=1609bb3e318d8f9e2c552fa4675795f2 load=2.94,3.95,4.84 cpus=10 t=06:45:40
# launch 20 build=A md5=1609bb3e318d8f9e2c552fa4675795f2
# L20 build=A extension=/Users/borysbardysh/worktrees/strata/main-pgo/python/strata/_strata.cpython-314-darwin.so md5=1609bb3e318d8f9e2c552fa4675795f2 load=3.03,3.94,4.82 cpus=10 t=06:45:55
# launch 21 build=B md5=13c84d63994c2036113683f52026f6bd
# L21 build=B extension=/Users/borysbardysh/worktrees/strata/main-pgo/python/strata/_strata.cpython-314-darwin.so md5=13c84d63994c2036113683f52026f6bd load=3.01,3.89,4.79 cpus=10 t=06:46:09
# launch 22 build=B md5=13c84d63994c2036113683f52026f6bd
# L22 build=B extension=/Users/borysbardysh/worktrees/strata/main-pgo/python/strata/_strata.cpython-314-darwin.so md5=13c84d63994c2036113683f52026f6bd load=3.06,3.86,4.77 cpus=10 t=06:46:24
# launch 23 build=A md5=1609bb3e318d8f9e2c552fa4675795f2
# L23 build=A extension=/Users/borysbardysh/worktrees/strata/main-pgo/python/strata/_strata.cpython-314-darwin.so md5=1609bb3e318d8f9e2c552fa4675795f2 load=2.82,3.77,4.72 cpus=10 t=06:46:38
# launch 24 build=A md5=1609bb3e318d8f9e2c552fa4675795f2
# L24 build=A extension=/Users/borysbardysh/worktrees/strata/main-pgo/python/strata/_strata.cpython-314-darwin.so md5=1609bb3e318d8f9e2c552fa4675795f2 load=3.08,3.78,4.70 cpus=10 t=06:46:53
# wrote /Users/borysbardysh/PycharmProjects/PrimeLabFoundation/strata/build/evidence/M15/boundary-screen/fix_screen.tsv (25 of 25 launches)
# restored /Users/borysbardysh/worktrees/strata/main-pgo/python/strata/_strata.cpython-314-darwin.so to md5=800e32c62dc8a5c05de7912d938268eb
== launch medians (ms)
row/engine                    L00:A       L01:B       L02:B       L03:A       L04:A       L05:B       L06:B       L07:A       L08:A       L09:B       L10:B       L11:A       L12:A       L13:B       L14:B       L15:A       L16:A       L17:B       L18:B       L19:A       L20:A       L21:B       L22:B       L23:A       L24:A       
md-users-dumps orjson-bytes   13.8528    13.9276    13.6310    13.7366    13.8853    14.1180    13.8911    13.7540    13.7322    13.7460    13.7451    13.8880    13.7715    13.8413    13.7921    13.9612    13.9380    13.7127    13.9527    13.7566    13.8138    13.8314    13.7513    13.9116    14.0070    
md-users-dumps orjson-dump    -          -          -          -          -          -          -          -          -          -          -          -          -          -          -          -          -          -          -          -          -          -          -          -          -          
md-users-dumps orjson-loads   -          -          -          -          -          -          -          -          -          -          -          -          -          -          -          -          -          -          -          -          -          -          -          -          -          
md-users-dumps strata-bytes   8.0025     7.9521     7.8646     8.0012     7.9187     7.9950     7.9778     8.0375     7.9307     7.9002     7.8085     7.8587     7.8778     7.7876     7.7629     7.8711     7.8828     7.7493     7.8934     7.9421     7.9035     7.9397     7.8080     7.9276     8.0025     
md-users-dumps strata-dump    -          -          -          -          -          -          -          -          -          -          -          -          -          -          -          -          -          -          -          -          -          -          -          -          -          
md-users-dumps strata-loads   -          -          -          -          -          -          -          -          -          -          -          -          -          -          -          -          -          -          -          -          -          -          -          -          -          
md-users-dumps strata-str     9.5977     9.8239     9.4362     9.6421     9.4360     9.7660     9.5285     9.7719     9.6702     9.3572     9.3622     9.6323     9.6208     9.6235     9.5379     9.6472     9.5769     9.6906     9.7435     9.5211     9.4451     9.5192     9.4232     9.4539     9.9061     
sm-flat-dump orjson-bytes     -          -          -          -          -          -          -          -          -          -          -          -          -          -          -          -          -          -          -          -          -          -          -          -          -          
sm-flat-dump orjson-dump      0.3097     0.3167     0.3764     0.3133     0.3464     0.3195     0.3304     0.3147     0.3170     0.3170     0.3161     0.3220     0.3662     0.3745     0.3219     0.3854     0.3408     0.3247     0.3648     0.3678     0.3300     0.3256     0.3683     0.3889     0.3327     
sm-flat-dump orjson-loads     -          -          -          -          -          -          -          -          -          -          -          -          -          -          -          -          -          -          -          -          -          -          -          -          -          
sm-flat-dump strata-bytes     -          -          -          -          -          -          -          -          -          -          -          -          -          -          -          -          -          -          -          -          -          -          -          -          -          
sm-flat-dump strata-dump      0.2557     0.2623     0.3173     0.2619     0.2929     0.2622     0.2788     0.2616     0.2606     0.2625     0.2599     0.2756     0.3093     0.3138     0.2680     0.3169     0.2826     0.2700     0.3118     0.2863     0.2745     0.2640     0.3026     0.3044     0.2715     
sm-flat-dump strata-loads     -          -          -          -          -          -          -          -          -          -          -          -          -          -          -          -          -          -          -          -          -          -          -          -          -          
sm-flat-dump strata-str       -          -          -          -          -          -          -          -          -          -          -          -          -          -          -          -          -          -          -          -          -          -          -          -          -          
sm-flat-dumps orjson-bytes    0.2217     0.2238     0.2293     0.2218     0.2258     0.2219     0.2270     0.2219     0.2204     0.2195     0.2214     0.2227     0.2333     0.2305     0.2240     0.2318     0.2255     0.2246     0.2268     0.2291     0.2239     0.2300     0.2277     0.2270     0.2259     
sm-flat-dumps orjson-dump     -          -          -          -          -          -          -          -          -          -          -          -          -          -          -          -          -          -          -          -          -          -          -          -          -          
sm-flat-dumps orjson-loads    -          -          -          -          -          -          -          -          -          -          -          -          -          -          -          -          -          -          -          -          -          -          -          -          -          
sm-flat-dumps strata-bytes    0.1722     0.1725     0.1784     0.1723     0.1757     0.1713     0.1764     0.1718     0.1720     0.1712     0.1714     0.1717     0.1785     0.1774     0.1747     0.1777     0.1760     0.1741     0.1756     0.1766     0.1746     0.1768     0.1752     0.1786     0.1763     
sm-flat-dumps strata-dump     -          -          -          -          -          -          -          -          -          -          -          -          -          -          -          -          -          -          -          -          -          -          -          -          -          
sm-flat-dumps strata-loads    -          -          -          -          -          -          -          -          -          -          -          -          -          -          -          -          -          -          -          -          -          -          -          -          -          
sm-flat-dumps strata-str      0.1895     0.1887     0.1959     0.1895     0.1927     0.1880     0.1937     0.1887     0.1895     0.1880     0.1878     0.1896     0.1974     0.1951     0.1908     0.1964     0.1934     0.1910     0.1931     0.1948     0.1922     0.1959     0.1926     0.1991     0.1920     
sm-mixed-dumps orjson-bytes   0.0364     0.0364     0.0365     0.0376     0.0362     0.0367     0.0375     0.0360     0.0363     0.0364     0.0367     0.0372     0.0371     0.0373     0.0371     0.0385     0.0373     0.0375     0.0376     0.0377     0.0381     0.0378     0.0385     0.0387     0.0369     
sm-mixed-dumps orjson-dump    -          -          -          -          -          -          -          -          -          -          -          -          -          -          -          -          -          -          -          -          -          -          -          -          -          
sm-mixed-dumps orjson-loads   -          -          -          -          -          -          -          -          -          -          -          -          -          -          -          -          -          -          -          -          -          -          -          -          -          
sm-mixed-dumps strata-bytes   0.0284     0.0283     0.0283     0.0298     0.0282     0.0284     0.0285     0.0284     0.0282     0.0281     0.0285     0.0286     0.0289     0.0288     0.0288     0.0297     0.0289     0.0288     0.0289     0.0292     0.0299     0.0293     0.0291     0.0291     0.0288     
sm-mixed-dumps strata-dump    -          -          -          -          -          -          -          -          -          -          -          -          -          -          -          -          -          -          -          -          -          -          -          -          -          
sm-mixed-dumps strata-loads   -          -          -          -          -          -          -          -          -          -          -          -          -          -          -          -          -          -          -          -          -          -          -          -          -          
sm-mixed-dumps strata-str     0.0305     0.0306     0.0304     0.0325     0.0304     0.0306     0.0306     0.0305     0.0304     0.0305     0.0307     0.0308     0.0312     0.0311     0.0310     0.0323     0.0314     0.0313     0.0314     0.0318     0.0326     0.0318     0.0315     0.0317     0.0310     
sm-users-dumps orjson-bytes   1.9503     1.9824     1.9466     1.9684     2.0219     1.9480     1.9612     1.9603     1.9552     2.0331     1.9633     1.9827     1.9548     1.9694     1.9787     1.9697     1.9795     1.9911     1.9811     1.9871     1.9864     1.9866     1.9832     1.9994     2.0005     
sm-users-dumps orjson-dump    -          -          -          -          -          -          -          -          -          -          -          -          -          -          -          -          -          -          -          -          -          -          -          -          -          
sm-users-dumps orjson-loads   -          -          -          -          -          -          -          -          -          -          -          -          -          -          -          -          -          -          -          -          -          -          -          -          -          
sm-users-dumps strata-bytes   1.2616     1.2616     1.2496     1.2618     1.2941     1.2646     1.2606     1.2596     1.2572     1.3015     1.2541     1.2762     1.2534     1.2629     1.2600     1.2733     1.2703     1.2873     1.2711     1.2780     1.2748     1.2838     1.2756     1.2794     1.2844     
sm-users-dumps strata-dump    -          -          -          -          -          -          -          -          -          -          -          -          -          -          -          -          -          -          -          -          -          -          -          -          -          
sm-users-dumps strata-loads   -          -          -          -          -          -          -          -          -          -          -          -          -          -          -          -          -          -          -          -          -          -          -          -          -          
sm-users-dumps strata-str     1.4029     1.4209     1.3821     1.4063     1.4599     1.4080     1.3987     1.4039     1.4040     1.4499     1.4021     1.4116     1.3920     1.3971     1.4056     1.3975     1.4061     1.4236     1.4006     1.4153     1.4172     1.4323     1.4110     1.4304     1.4310     
sm-users-loads orjson-bytes   -          -          -          -          -          -          -          -          -          -          -          -          -          -          -          -          -          -          -          -          -          -          -          -          -          
sm-users-loads orjson-dump    -          -          -          -          -          -          -          -          -          -          -          -          -          -          -          -          -          -          -          -          -          -          -          -          -          
sm-users-loads orjson-loads   8.0860     7.9018     7.7549     7.7410     7.6966     7.9489     7.8306     7.8168     7.8063     7.8292     7.9329     7.9169     8.0705     7.8937     8.0293     7.9035     7.9518     7.8784     8.1397     7.9231     8.2348     8.0626     8.2286     7.8412     7.8755     
sm-users-loads strata-bytes   -          -          -          -          -          -          -          -          -          -          -          -          -          -          -          -          -          -          -          -          -          -          -          -          -          
sm-users-loads strata-dump    -          -          -          -          -          -          -          -          -          -          -          -          -          -          -          -          -          -          -          -          -          -          -          -          -          
sm-users-loads strata-loads   5.9926     5.8261     5.7262     5.7363     5.6882     5.7625     5.7560     5.7466     5.8101     5.7861     5.8564     5.9086     5.8872     5.8371     5.8983     5.8378     5.8803     5.8283     6.0348     5.8877     6.0035     5.9342     6.0087     5.8041     5.8238     
sm-users-loads strata-str     -          -          -          -          -          -          -          -          -          -          -          -          -          -          -          -          -          -          -          -          -          -          -          -          -          
sm-wide_arrays-dump orjson-bytes-          -          -          -          -          -          -          -          -          -          -          -          -          -          -          -          -          -          -          -          -          -          -          -          -          
sm-wide_arrays-dump orjson-dump1.5122     1.4944     1.4595     1.5213     1.4674     1.5488     1.4986     1.5072     1.4825     1.5346     1.4976     1.5062     1.5006     1.4701     1.5108     1.5111     1.5536     1.4809     1.5165     1.5347     1.5959     1.4978     1.5392     1.5845     1.5211     
sm-wide_arrays-dump orjson-loads-          -          -          -          -          -          -          -          -          -          -          -          -          -          -          -          -          -          -          -          -          -          -          -          -          
sm-wide_arrays-dump strata-bytes-          -          -          -          -          -          -          -          -          -          -          -          -          -          -          -          -          -          -          -          -          -          -          -          -          
sm-wide_arrays-dump strata-dump1.1924     1.2084     1.1854     1.2100     1.1779     1.2640     1.2393     1.2053     1.2035     1.2428     1.1840     1.2110     1.1986     1.2094     1.2376     1.1955     1.2652     1.1930     1.2379     1.2502     1.3024     1.1819     1.2424     1.2706     1.2264     
sm-wide_arrays-dump strata-loads-          -          -          -          -          -          -          -          -          -          -          -          -          -          -          -          -          -          -          -          -          -          -          -          -          
sm-wide_arrays-dump strata-str-          -          -          -          -          -          -          -          -          -          -          -          -          -          -          -          -          -          -          -          -          -          -          -          -          
sm-wide_arrays-dumps orjson-bytes1.1240     1.0562     1.1151     1.1404     1.1395     1.1053     1.0766     1.1775     1.1427     1.1089     1.1262     1.1162     1.1256     1.1064     1.1314     1.1219     1.1310     1.0770     1.1376     1.1466     1.1253     1.1950     1.1358     1.1401     1.1267     
sm-wide_arrays-dumps orjson-dump-          -          -          -          -          -          -          -          -          -          -          -          -          -          -          -          -          -          -          -          -          -          -          -          -          
sm-wide_arrays-dumps orjson-loads-          -          -          -          -          -          -          -          -          -          -          -          -          -          -          -          -          -          -          -          -          -          -          -          -          
sm-wide_arrays-dumps strata-bytes0.9284     0.9087     0.9423     0.9176     0.9169     0.9088     0.9096     0.9133     0.9213     0.9149     0.9373     0.9092     0.9267     0.9259     0.9245     0.9272     0.9264     0.9241     0.9347     0.9420     0.9359     0.9254     0.9300     0.9295     0.9258     
sm-wide_arrays-dumps strata-dump-          -          -          -          -          -          -          -          -          -          -          -          -          -          -          -          -          -          -          -          -          -          -          -          -          
sm-wide_arrays-dumps strata-loads-          -          -          -          -          -          -          -          -          -          -          -          -          -          -          -          -          -          -          -          -          -          -          -          -          
sm-wide_arrays-dumps strata-str1.0303     0.9923     1.0314     1.0038     1.0081     0.9918     0.9942     1.0014     1.0085     1.0032     1.0249     0.9937     1.0104     1.0090     1.0025     1.0102     1.0129     1.0094     1.0208     1.0321     1.0221     1.0104     1.0188     1.0241     1.0113     

file: /Users/borysbardysh/PycharmProjects/PrimeLabFoundation/strata/build/evidence/M15/boundary-screen/fix_screen.tsv
launches: L00:A L01:B L02:B L03:A L04:A L05:B L06:B L07:A L08:A L09:B L10:B L11:A L12:A L13:B L14:B L15:A L16:A L17:B L18:B L19:A L20:A L21:B L22:B L23:A L24:A
baseline: A   candidate: B   blocks: 6   leading: none   trailing: L24   min samples/launch: 10
blocks: L00L01L02L03  L04L05L06L07  L08L09L10L11  L12L13L14L15  L16L17L18L19  L20L21L22L23

row                   engine        rival          blk  raw strata  raw rival  normalised    ci low   ci high   pos
md-users-dumps        strata-bytes  orjson-bytes     6      -0.84%     -0.23%      -0.98%    -1.14%    -0.03%  0/6
                                    blocks (normalised): -1.05 -1.22 -0.05 -0.91 -1.05 -0.01
md-users-dumps        strata-str    orjson-bytes     6      +0.17%     -0.23%      +0.00%    -1.73%    +1.31%  3/6
                                    blocks (normalised): +0.20 -0.89 -2.57 -0.20 +1.87 +0.75
sm-flat-dump          strata-dump   orjson-dump      6      -2.29%     -2.20%      +0.41%    -1.19%    +3.00%  4/6
                                    blocks (normalised): +0.59 -0.73 -1.65 +0.24 +4.88 +1.12
sm-flat-dumps         strata-bytes  orjson-bytes     6      -0.33%     -0.10%      -0.18%    -1.07%    +0.67%  2/6
                                    blocks (normalised): -0.34 -0.23 +0.17 +1.17 -0.13 -1.81
sm-flat-dumps         strata-str    orjson-bytes     6      -0.83%     -0.10%      -0.38%    -1.45%    +0.03%  1/6
                                    blocks (normalised): -0.68 -0.21 -0.40 +0.27 -0.36 -2.22
sm-mixed-dumps        strata-bytes  orjson-bytes     6      -0.84%     -0.62%      -0.49%    -1.81%    -0.02%  1/6
                                    blocks (normalised): -1.44 -2.18 +0.07 -0.11 -0.74 -0.24
sm-mixed-dumps        strata-str    orjson-bytes     6      -1.19%     -0.62%      -0.84%    -1.98%    -0.02%  1/6
                                    blocks (normalised): -1.74 -2.21 +0.41 -0.45 -0.81 -0.87
sm-users-dumps        strata-bytes  orjson-bytes     6      +0.02%     +0.20%      -0.17%    -0.74%    +0.67%  3/6
                                    blocks (normalised): -0.74 +0.73 -0.60 -0.75 +0.26 +0.61
sm-users-dumps        strata-str    orjson-bytes     6      -0.02%     +0.20%      -0.14%    -0.34%    +0.11%  1/6
                                    blocks (normalised): -0.49 -0.15 -0.19 -0.13 -0.04 +0.25
sm-users-loads        strata-loads  orjson-loads     6      +0.41%     +0.58%      -0.32%    -0.93%    +0.16%  1/6
                                    blocks (normalised): -0.43 -0.96 -0.90 +0.41 -0.09 -0.20
sm-wide_arrays-dump   strata-dump   orjson-dump      6      +0.08%     -1.82%      +0.95%    -1.15%    +2.91%  3/6
                                    blocks (normalised): +2.33 +2.54 -0.95 +3.27 -0.44 -1.34
sm-wide_arrays-dumps  strata-bytes  orjson-bytes     6      -0.35%     -1.91%      +2.32%    -1.50%    +5.04%  5/6
                                    blocks (normalised): +4.58 +5.50 +2.26 +0.26 +2.38 -3.26
sm-wide_arrays-dumps  strata-str    orjson-bytes     6      -0.62%     -1.91%      +2.26%    -1.77%    +4.35%  4/6
                                    blocks (normalised): +3.75 +4.94 +2.36 -0.00 +2.16 -3.54

raw strata / raw rival: the same block estimator on the unnormalised medians.
normalised: strata/rival measured in the same process, then blocked.
ci: bootstrap over whole blocks of the median block effect (2000 resamples).

== drift: the trailing baseline launch against the leading one
md-users-dumps        strata-bytes  strata +0.00%   rival +1.11%   normalised -1.10%
md-users-dumps        strata-str    strata +3.21%   rival +1.11%   normalised +2.08%
sm-flat-dump          strata-dump   strata +6.18%   rival +7.41%   normalised -1.14%
sm-flat-dumps         strata-bytes  strata +2.37%   rival +1.89%   normalised +0.47%
sm-flat-dumps         strata-str    strata +1.33%   rival +1.89%   normalised -0.55%
sm-mixed-dumps        strata-bytes  strata +1.47%   rival +1.43%   normalised +0.04%
sm-mixed-dumps        strata-str    strata +1.64%   rival +1.43%   normalised +0.21%
sm-users-dumps        strata-bytes  strata +1.81%   rival +2.57%   normalised -0.74%
sm-users-dumps        strata-str    strata +2.00%   rival +2.57%   normalised -0.55%
sm-users-loads        strata-loads  strata -2.82%   rival -2.60%   normalised -0.22%
sm-wide_arrays-dump   strata-dump   strata +2.85%   rival +0.59%   normalised +2.25%
sm-wide_arrays-dumps  strata-bytes  strata -0.28%   rival +0.25%   normalised -0.53%
sm-wide_arrays-dumps  strata-str    strata -1.85%   rival +0.25%   normalised -2.09%
