# target   /Users/runner/work/strata/strata/python/strata/_strata.cpython-312-darwin.so
# build A  /Users/runner/work/strata/strata/arms/A.so  md5=f1ca824fba2026cae3f2542f2575edf4
# build B  /Users/runner/work/strata/strata/arms/A.so  md5=f1ca824fba2026cae3f2542f2575edf4
# order    ABBAABBAABBAABBAABBAABBAA (25 launches)
# rows     small:users:loads small:users:dumps small:users:load small:users:dump small:users:ndload small:flat:loads small:flat:dumps small:flat:load small:flat:dump small:nested:loads small:nested:dumps small:nested:load small:nested:dump small:wide_arrays:loads small:wide_arrays:dumps small:wide_arrays:load small:wide_arrays:dump small:mixed:loads small:mixed:dumps small:mixed:load small:mixed:dump medium:flat:dumps medium:users:dumps medium:mixed:dumps medium:wide_arrays:loads  repeat=60
# facade   /Users/runner/work/strata/strata/python/strata swapped per launch
# launch 00 build=A md5=f1ca824fba2026cae3f2542f2575edf4 facade_md5=8045c859563f90acf92a73b882358a78
# L00 build=A extension=/Users/runner/work/strata/strata/python/strata/_strata.cpython-312-darwin.so md5=f1ca824fba2026cae3f2542f2575edf4 load=1.80,1.77,1.99 cpus=4 t=07:18:07
# launch 01 build=B md5=f1ca824fba2026cae3f2542f2575edf4 facade_md5=8045c859563f90acf92a73b882358a78
# L01 build=B extension=/Users/runner/work/strata/strata/python/strata/_strata.cpython-312-darwin.so md5=f1ca824fba2026cae3f2542f2575edf4 load=1.98,1.85,2.01 cpus=4 t=07:19:03
# launch 02 build=B md5=f1ca824fba2026cae3f2542f2575edf4 facade_md5=8045c859563f90acf92a73b882358a78
# L02 build=B extension=/Users/runner/work/strata/strata/python/strata/_strata.cpython-312-darwin.so md5=f1ca824fba2026cae3f2542f2575edf4 load=1.98,1.87,2.00 cpus=4 t=07:19:53
# launch 03 build=A md5=f1ca824fba2026cae3f2542f2575edf4 facade_md5=8045c859563f90acf92a73b882358a78
# L03 build=A extension=/Users/runner/work/strata/strata/python/strata/_strata.cpython-312-darwin.so md5=f1ca824fba2026cae3f2542f2575edf4 load=1.78,1.84,1.98 cpus=4 t=07:20:42
# launch 04 build=A md5=f1ca824fba2026cae3f2542f2575edf4 facade_md5=8045c859563f90acf92a73b882358a78
# L04 build=A extension=/Users/runner/work/strata/strata/python/strata/_strata.cpython-312-darwin.so md5=f1ca824fba2026cae3f2542f2575edf4 load=1.89,1.87,1.99 cpus=4 t=07:21:26
# launch 05 build=B md5=f1ca824fba2026cae3f2542f2575edf4 facade_md5=8045c859563f90acf92a73b882358a78
# L05 build=B extension=/Users/runner/work/strata/strata/python/strata/_strata.cpython-312-darwin.so md5=f1ca824fba2026cae3f2542f2575edf4 load=1.80,1.84,1.97 cpus=4 t=07:22:12
# launch 06 build=B md5=f1ca824fba2026cae3f2542f2575edf4 facade_md5=8045c859563f90acf92a73b882358a78
# L06 build=B extension=/Users/runner/work/strata/strata/python/strata/_strata.cpython-312-darwin.so md5=f1ca824fba2026cae3f2542f2575edf4 load=1.82,1.83,1.96 cpus=4 t=07:22:56
# launch 07 build=A md5=f1ca824fba2026cae3f2542f2575edf4 facade_md5=8045c859563f90acf92a73b882358a78
# L07 build=A extension=/Users/runner/work/strata/strata/python/strata/_strata.cpython-312-darwin.so md5=f1ca824fba2026cae3f2542f2575edf4 load=1.52,1.75,1.92 cpus=4 t=07:23:41
# launch 08 build=A md5=f1ca824fba2026cae3f2542f2575edf4 facade_md5=8045c859563f90acf92a73b882358a78
# L08 build=A extension=/Users/runner/work/strata/strata/python/strata/_strata.cpython-312-darwin.so md5=f1ca824fba2026cae3f2542f2575edf4 load=1.60,1.73,1.90 cpus=4 t=07:24:43
# launch 09 build=B md5=f1ca824fba2026cae3f2542f2575edf4 facade_md5=8045c859563f90acf92a73b882358a78
# L09 build=B extension=/Users/runner/work/strata/strata/python/strata/_strata.cpython-312-darwin.so md5=f1ca824fba2026cae3f2542f2575edf4 load=1.62,1.71,1.88 cpus=4 t=07:25:42
# launch 10 build=B md5=f1ca824fba2026cae3f2542f2575edf4 facade_md5=8045c859563f90acf92a73b882358a78
# L10 build=B extension=/Users/runner/work/strata/strata/python/strata/_strata.cpython-312-darwin.so md5=f1ca824fba2026cae3f2542f2575edf4 load=1.81,1.76,1.89 cpus=4 t=07:26:43
# launch 11 build=A md5=f1ca824fba2026cae3f2542f2575edf4 facade_md5=8045c859563f90acf92a73b882358a78
# L11 build=A extension=/Users/runner/work/strata/strata/python/strata/_strata.cpython-312-darwin.so md5=f1ca824fba2026cae3f2542f2575edf4 load=2.04,1.80,1.89 cpus=4 t=07:27:40
# launch 12 build=A md5=f1ca824fba2026cae3f2542f2575edf4 facade_md5=8045c859563f90acf92a73b882358a78
# L12 build=A extension=/Users/runner/work/strata/strata/python/strata/_strata.cpython-312-darwin.so md5=f1ca824fba2026cae3f2542f2575edf4 load=1.93,1.80,1.89 cpus=4 t=07:28:33
# launch 13 build=B md5=f1ca824fba2026cae3f2542f2575edf4 facade_md5=8045c859563f90acf92a73b882358a78
# L13 build=B extension=/Users/runner/work/strata/strata/python/strata/_strata.cpython-312-darwin.so md5=f1ca824fba2026cae3f2542f2575edf4 load=1.60,1.74,1.86 cpus=4 t=07:29:25
# launch 14 build=B md5=f1ca824fba2026cae3f2542f2575edf4 facade_md5=8045c859563f90acf92a73b882358a78
# L14 build=B extension=/Users/runner/work/strata/strata/python/strata/_strata.cpython-312-darwin.so md5=f1ca824fba2026cae3f2542f2575edf4 load=1.54,1.70,1.83 cpus=4 t=07:30:17
# launch 15 build=A md5=f1ca824fba2026cae3f2542f2575edf4 facade_md5=8045c859563f90acf92a73b882358a78
# L15 build=A extension=/Users/runner/work/strata/strata/python/strata/_strata.cpython-312-darwin.so md5=f1ca824fba2026cae3f2542f2575edf4 load=1.53,1.68,1.82 cpus=4 t=07:31:07
# launch 16 build=A md5=f1ca824fba2026cae3f2542f2575edf4 facade_md5=8045c859563f90acf92a73b882358a78
# L16 build=A extension=/Users/runner/work/strata/strata/python/strata/_strata.cpython-312-darwin.so md5=f1ca824fba2026cae3f2542f2575edf4 load=1.68,1.71,1.82 cpus=4 t=07:31:57
# launch 17 build=B md5=f1ca824fba2026cae3f2542f2575edf4 facade_md5=8045c859563f90acf92a73b882358a78
# L17 build=B extension=/Users/runner/work/strata/strata/python/strata/_strata.cpython-312-darwin.so md5=f1ca824fba2026cae3f2542f2575edf4 load=1.80,1.74,1.82 cpus=4 t=07:32:47
# launch 18 build=B md5=f1ca824fba2026cae3f2542f2575edf4 facade_md5=8045c859563f90acf92a73b882358a78
# L18 build=B extension=/Users/runner/work/strata/strata/python/strata/_strata.cpython-312-darwin.so md5=f1ca824fba2026cae3f2542f2575edf4 load=1.79,1.74,1.82 cpus=4 t=07:33:36
# launch 19 build=A md5=f1ca824fba2026cae3f2542f2575edf4 facade_md5=8045c859563f90acf92a73b882358a78
# L19 build=A extension=/Users/runner/work/strata/strata/python/strata/_strata.cpython-312-darwin.so md5=f1ca824fba2026cae3f2542f2575edf4 load=1.72,1.72,1.81 cpus=4 t=07:34:26
# launch 20 build=A md5=f1ca824fba2026cae3f2542f2575edf4 facade_md5=8045c859563f90acf92a73b882358a78
# L20 build=A extension=/Users/runner/work/strata/strata/python/strata/_strata.cpython-312-darwin.so md5=f1ca824fba2026cae3f2542f2575edf4 load=1.98,1.76,1.82 cpus=4 t=07:35:16
# launch 21 build=B md5=f1ca824fba2026cae3f2542f2575edf4 facade_md5=8045c859563f90acf92a73b882358a78
# L21 build=B extension=/Users/runner/work/strata/strata/python/strata/_strata.cpython-312-darwin.so md5=f1ca824fba2026cae3f2542f2575edf4 load=1.86,1.74,1.80 cpus=4 t=07:36:05
# launch 22 build=B md5=f1ca824fba2026cae3f2542f2575edf4 facade_md5=8045c859563f90acf92a73b882358a78
# L22 build=B extension=/Users/runner/work/strata/strata/python/strata/_strata.cpython-312-darwin.so md5=f1ca824fba2026cae3f2542f2575edf4 load=1.84,1.74,1.79 cpus=4 t=07:36:55
# launch 23 build=A md5=f1ca824fba2026cae3f2542f2575edf4 facade_md5=8045c859563f90acf92a73b882358a78
# L23 build=A extension=/Users/runner/work/strata/strata/python/strata/_strata.cpython-312-darwin.so md5=f1ca824fba2026cae3f2542f2575edf4 load=1.94,1.76,1.80 cpus=4 t=07:37:45
# launch 24 build=A md5=f1ca824fba2026cae3f2542f2575edf4 facade_md5=8045c859563f90acf92a73b882358a78
# L24 build=A extension=/Users/runner/work/strata/strata/python/strata/_strata.cpython-312-darwin.so md5=f1ca824fba2026cae3f2542f2575edf4 load=1.65,1.71,1.77 cpus=4 t=07:38:34
# wrote ab/AA.tsv (25 of 25 launches)
# restored /Users/runner/work/strata/strata/python/strata/_strata.cpython-312-darwin.so to md5=603470c394c492d4a3c134bed48a6134
# restored facade /Users/runner/work/strata/strata/python/strata to md5=bc19225b9639128ba9fd166d5e3f1bef
