# target   /Users/runner/work/strata/strata/python/strata/_strata.cpython-312-darwin.so
# build A  /Users/runner/work/strata/strata/arms/A.so  md5=f1ca824fba2026cae3f2542f2575edf4
# build B  /Users/runner/work/strata/strata/arms/B.so  md5=e45b39696abae0cb27480813106a18a5
# order    ABBAABBAABBAABBAABBAABBAA (25 launches)
# rows     small:users:loads small:users:dumps small:users:load small:users:dump small:users:ndload small:flat:loads small:flat:dumps small:flat:load small:flat:dump small:nested:loads small:nested:dumps small:nested:load small:nested:dump small:wide_arrays:loads small:wide_arrays:dumps small:wide_arrays:load small:wide_arrays:dump small:mixed:loads small:mixed:dumps small:mixed:load small:mixed:dump medium:flat:dumps medium:users:dumps medium:mixed:dumps medium:wide_arrays:loads  repeat=60
# facade   /Users/runner/work/strata/strata/python/strata swapped per launch
# launch 00 build=A md5=f1ca824fba2026cae3f2542f2575edf4 facade_md5=8045c859563f90acf92a73b882358a78
# L00 build=A extension=/Users/runner/work/strata/strata/python/strata/_strata.cpython-312-darwin.so md5=f1ca824fba2026cae3f2542f2575edf4 load=3.48,2.57,2.81 cpus=4 t=06:56:54
# launch 01 build=B md5=e45b39696abae0cb27480813106a18a5 facade_md5=bc19225b9639128ba9fd166d5e3f1bef
# L01 build=B extension=/Users/runner/work/strata/strata/python/strata/_strata.cpython-312-darwin.so md5=e45b39696abae0cb27480813106a18a5 load=2.54,2.45,2.75 cpus=4 t=06:57:51
# launch 02 build=B md5=e45b39696abae0cb27480813106a18a5 facade_md5=bc19225b9639128ba9fd166d5e3f1bef
# L02 build=B extension=/Users/runner/work/strata/strata/python/strata/_strata.cpython-312-darwin.so md5=e45b39696abae0cb27480813106a18a5 load=2.15,2.36,2.70 cpus=4 t=06:58:46
# launch 03 build=A md5=f1ca824fba2026cae3f2542f2575edf4 facade_md5=8045c859563f90acf92a73b882358a78
# L03 build=A extension=/Users/runner/work/strata/strata/python/strata/_strata.cpython-312-darwin.so md5=f1ca824fba2026cae3f2542f2575edf4 load=1.83,2.23,2.63 cpus=4 t=06:59:43
# launch 04 build=A md5=f1ca824fba2026cae3f2542f2575edf4 facade_md5=8045c859563f90acf92a73b882358a78
# L04 build=A extension=/Users/runner/work/strata/strata/python/strata/_strata.cpython-312-darwin.so md5=f1ca824fba2026cae3f2542f2575edf4 load=1.93,2.21,2.59 cpus=4 t=07:00:38
# launch 05 build=B md5=e45b39696abae0cb27480813106a18a5 facade_md5=bc19225b9639128ba9fd166d5e3f1bef
# L05 build=B extension=/Users/runner/work/strata/strata/python/strata/_strata.cpython-312-darwin.so md5=e45b39696abae0cb27480813106a18a5 load=1.88,2.15,2.54 cpus=4 t=07:01:38
# launch 06 build=B md5=e45b39696abae0cb27480813106a18a5 facade_md5=bc19225b9639128ba9fd166d5e3f1bef
# L06 build=B extension=/Users/runner/work/strata/strata/python/strata/_strata.cpython-312-darwin.so md5=e45b39696abae0cb27480813106a18a5 load=1.87,2.11,2.50 cpus=4 t=07:02:38
# launch 07 build=A md5=f1ca824fba2026cae3f2542f2575edf4 facade_md5=8045c859563f90acf92a73b882358a78
# L07 build=A extension=/Users/runner/work/strata/strata/python/strata/_strata.cpython-312-darwin.so md5=f1ca824fba2026cae3f2542f2575edf4 load=1.90,2.09,2.47 cpus=4 t=07:03:30
# launch 08 build=A md5=f1ca824fba2026cae3f2542f2575edf4 facade_md5=8045c859563f90acf92a73b882358a78
# L08 build=A extension=/Users/runner/work/strata/strata/python/strata/_strata.cpython-312-darwin.so md5=f1ca824fba2026cae3f2542f2575edf4 load=1.74,2.04,2.43 cpus=4 t=07:04:19
# launch 09 build=B md5=e45b39696abae0cb27480813106a18a5 facade_md5=bc19225b9639128ba9fd166d5e3f1bef
# L09 build=B extension=/Users/runner/work/strata/strata/python/strata/_strata.cpython-312-darwin.so md5=e45b39696abae0cb27480813106a18a5 load=2.00,2.09,2.42 cpus=4 t=07:05:08
# launch 10 build=B md5=e45b39696abae0cb27480813106a18a5 facade_md5=bc19225b9639128ba9fd166d5e3f1bef
# L10 build=B extension=/Users/runner/work/strata/strata/python/strata/_strata.cpython-312-darwin.so md5=e45b39696abae0cb27480813106a18a5 load=1.99,2.11,2.42 cpus=4 t=07:05:54
# launch 11 build=A md5=f1ca824fba2026cae3f2542f2575edf4 facade_md5=8045c859563f90acf92a73b882358a78
# L11 build=A extension=/Users/runner/work/strata/strata/python/strata/_strata.cpython-312-darwin.so md5=f1ca824fba2026cae3f2542f2575edf4 load=1.97,2.10,2.40 cpus=4 t=07:06:39
# launch 12 build=A md5=f1ca824fba2026cae3f2542f2575edf4 facade_md5=8045c859563f90acf92a73b882358a78
# L12 build=A extension=/Users/runner/work/strata/strata/python/strata/_strata.cpython-312-darwin.so md5=f1ca824fba2026cae3f2542f2575edf4 load=1.72,2.01,2.35 cpus=4 t=07:07:23
# launch 13 build=B md5=e45b39696abae0cb27480813106a18a5 facade_md5=bc19225b9639128ba9fd166d5e3f1bef
# L13 build=B extension=/Users/runner/work/strata/strata/python/strata/_strata.cpython-312-darwin.so md5=e45b39696abae0cb27480813106a18a5 load=1.58,1.92,2.29 cpus=4 t=07:08:08
# launch 14 build=B md5=e45b39696abae0cb27480813106a18a5 facade_md5=bc19225b9639128ba9fd166d5e3f1bef
# L14 build=B extension=/Users/runner/work/strata/strata/python/strata/_strata.cpython-312-darwin.so md5=e45b39696abae0cb27480813106a18a5 load=1.79,1.93,2.28 cpus=4 t=07:08:52
# launch 15 build=A md5=f1ca824fba2026cae3f2542f2575edf4 facade_md5=8045c859563f90acf92a73b882358a78
# L15 build=A extension=/Users/runner/work/strata/strata/python/strata/_strata.cpython-312-darwin.so md5=f1ca824fba2026cae3f2542f2575edf4 load=1.60,1.86,2.23 cpus=4 t=07:09:39
# launch 16 build=A md5=f1ca824fba2026cae3f2542f2575edf4 facade_md5=8045c859563f90acf92a73b882358a78
# L16 build=A extension=/Users/runner/work/strata/strata/python/strata/_strata.cpython-312-darwin.so md5=f1ca824fba2026cae3f2542f2575edf4 load=1.49,1.80,2.19 cpus=4 t=07:10:28
# launch 17 build=B md5=e45b39696abae0cb27480813106a18a5 facade_md5=bc19225b9639128ba9fd166d5e3f1bef
# L17 build=B extension=/Users/runner/work/strata/strata/python/strata/_strata.cpython-312-darwin.so md5=e45b39696abae0cb27480813106a18a5 load=1.44,1.73,2.14 cpus=4 t=07:11:13
# launch 18 build=B md5=e45b39696abae0cb27480813106a18a5 facade_md5=bc19225b9639128ba9fd166d5e3f1bef
# L18 build=B extension=/Users/runner/work/strata/strata/python/strata/_strata.cpython-312-darwin.so md5=e45b39696abae0cb27480813106a18a5 load=1.56,1.72,2.12 cpus=4 t=07:11:57
# launch 19 build=A md5=f1ca824fba2026cae3f2542f2575edf4 facade_md5=8045c859563f90acf92a73b882358a78
# L19 build=A extension=/Users/runner/work/strata/strata/python/strata/_strata.cpython-312-darwin.so md5=f1ca824fba2026cae3f2542f2575edf4 load=1.49,1.68,2.08 cpus=4 t=07:12:42
# launch 20 build=A md5=f1ca824fba2026cae3f2542f2575edf4 facade_md5=8045c859563f90acf92a73b882358a78
# L20 build=A extension=/Users/runner/work/strata/strata/python/strata/_strata.cpython-312-darwin.so md5=f1ca824fba2026cae3f2542f2575edf4 load=1.57,1.69,2.06 cpus=4 t=07:13:26
# launch 21 build=B md5=e45b39696abae0cb27480813106a18a5 facade_md5=bc19225b9639128ba9fd166d5e3f1bef
# L21 build=B extension=/Users/runner/work/strata/strata/python/strata/_strata.cpython-312-darwin.so md5=e45b39696abae0cb27480813106a18a5 load=1.87,1.78,2.07 cpus=4 t=07:14:26
# launch 22 build=B md5=e45b39696abae0cb27480813106a18a5 facade_md5=bc19225b9639128ba9fd166d5e3f1bef
# L22 build=B extension=/Users/runner/work/strata/strata/python/strata/_strata.cpython-312-darwin.so md5=e45b39696abae0cb27480813106a18a5 load=1.60,1.72,2.03 cpus=4 t=07:15:18
# launch 23 build=A md5=f1ca824fba2026cae3f2542f2575edf4 facade_md5=8045c859563f90acf92a73b882358a78
# L23 build=A extension=/Users/runner/work/strata/strata/python/strata/_strata.cpython-312-darwin.so md5=f1ca824fba2026cae3f2542f2575edf4 load=1.87,1.78,2.03 cpus=4 t=07:16:15
# launch 24 build=A md5=f1ca824fba2026cae3f2542f2575edf4 facade_md5=8045c859563f90acf92a73b882358a78
# L24 build=A extension=/Users/runner/work/strata/strata/python/strata/_strata.cpython-312-darwin.so md5=f1ca824fba2026cae3f2542f2575edf4 load=1.98,1.80,2.02 cpus=4 t=07:17:08
# wrote ab/R1.tsv (25 of 25 launches)
# restored /Users/runner/work/strata/strata/python/strata/_strata.cpython-312-darwin.so to md5=603470c394c492d4a3c134bed48a6134
# restored facade /Users/runner/work/strata/strata/python/strata to md5=bc19225b9639128ba9fd166d5e3f1bef
