# target   /home/runner/work/strata/strata/python/strata/_strata.cpython-312-x86_64-linux-gnu.so
# build A  /home/runner/work/strata/strata/arms/A.so  md5=7a1009e751dd3a6a25d7a83a1b336bc3
# build B  /home/runner/work/strata/strata/arms/A.so  md5=7a1009e751dd3a6a25d7a83a1b336bc3
# order    ABBAABBAABBAABBAABBAABBAA (25 launches)
# rows     small:users:loads small:users:dumps small:users:load small:users:dump small:users:ndload small:flat:loads small:flat:dumps small:flat:load small:flat:dump small:nested:loads small:nested:dumps small:nested:load small:nested:dump small:wide_arrays:loads small:wide_arrays:dumps small:wide_arrays:load small:wide_arrays:dump small:mixed:loads small:mixed:dumps small:mixed:load small:mixed:dump medium:flat:dumps medium:users:dumps medium:mixed:dumps medium:wide_arrays:loads  repeat=60
# facade   /home/runner/work/strata/strata/python/strata swapped per launch
# launch 00 build=A md5=7a1009e751dd3a6a25d7a83a1b336bc3 facade_md5=8045c859563f90acf92a73b882358a78
# L00 build=A extension=/home/runner/work/strata/strata/python/strata/_strata.cpython-312-x86_64-linux-gnu.so md5=7a1009e751dd3a6a25d7a83a1b336bc3 load=1.00,1.00,0.97 cpus=4 t=00:59:53
# launch 01 build=B md5=7a1009e751dd3a6a25d7a83a1b336bc3 facade_md5=8045c859563f90acf92a73b882358a78
# L01 build=B extension=/home/runner/work/strata/strata/python/strata/_strata.cpython-312-x86_64-linux-gnu.so md5=7a1009e751dd3a6a25d7a83a1b336bc3 load=1.00,1.00,0.97 cpus=4 t=01:00:26
# launch 02 build=B md5=7a1009e751dd3a6a25d7a83a1b336bc3 facade_md5=8045c859563f90acf92a73b882358a78
# L02 build=B extension=/home/runner/work/strata/strata/python/strata/_strata.cpython-312-x86_64-linux-gnu.so md5=7a1009e751dd3a6a25d7a83a1b336bc3 load=1.00,1.00,0.98 cpus=4 t=01:00:59
# launch 03 build=A md5=7a1009e751dd3a6a25d7a83a1b336bc3 facade_md5=8045c859563f90acf92a73b882358a78
# L03 build=A extension=/home/runner/work/strata/strata/python/strata/_strata.cpython-312-x86_64-linux-gnu.so md5=7a1009e751dd3a6a25d7a83a1b336bc3 load=1.00,1.00,0.98 cpus=4 t=01:01:32
# launch 04 build=A md5=7a1009e751dd3a6a25d7a83a1b336bc3 facade_md5=8045c859563f90acf92a73b882358a78
# L04 build=A extension=/home/runner/work/strata/strata/python/strata/_strata.cpython-312-x86_64-linux-gnu.so md5=7a1009e751dd3a6a25d7a83a1b336bc3 load=1.00,1.00,0.98 cpus=4 t=01:02:08
# launch 05 build=B md5=7a1009e751dd3a6a25d7a83a1b336bc3 facade_md5=8045c859563f90acf92a73b882358a78
# L05 build=B extension=/home/runner/work/strata/strata/python/strata/_strata.cpython-312-x86_64-linux-gnu.so md5=7a1009e751dd3a6a25d7a83a1b336bc3 load=1.00,1.00,0.99 cpus=4 t=01:02:42
# launch 06 build=B md5=7a1009e751dd3a6a25d7a83a1b336bc3 facade_md5=8045c859563f90acf92a73b882358a78
# L06 build=B extension=/home/runner/work/strata/strata/python/strata/_strata.cpython-312-x86_64-linux-gnu.so md5=7a1009e751dd3a6a25d7a83a1b336bc3 load=1.00,1.00,0.99 cpus=4 t=01:03:14
# launch 07 build=A md5=7a1009e751dd3a6a25d7a83a1b336bc3 facade_md5=8045c859563f90acf92a73b882358a78
# L07 build=A extension=/home/runner/work/strata/strata/python/strata/_strata.cpython-312-x86_64-linux-gnu.so md5=7a1009e751dd3a6a25d7a83a1b336bc3 load=1.00,1.00,0.99 cpus=4 t=01:03:46
# launch 08 build=A md5=7a1009e751dd3a6a25d7a83a1b336bc3 facade_md5=8045c859563f90acf92a73b882358a78
# L08 build=A extension=/home/runner/work/strata/strata/python/strata/_strata.cpython-312-x86_64-linux-gnu.so md5=7a1009e751dd3a6a25d7a83a1b336bc3 load=1.06,1.02,1.00 cpus=4 t=01:04:21
# launch 09 build=B md5=7a1009e751dd3a6a25d7a83a1b336bc3 facade_md5=8045c859563f90acf92a73b882358a78
# L09 build=B extension=/home/runner/work/strata/strata/python/strata/_strata.cpython-312-x86_64-linux-gnu.so md5=7a1009e751dd3a6a25d7a83a1b336bc3 load=1.03,1.01,1.00 cpus=4 t=01:04:56
# launch 10 build=B md5=7a1009e751dd3a6a25d7a83a1b336bc3 facade_md5=8045c859563f90acf92a73b882358a78
# L10 build=B extension=/home/runner/work/strata/strata/python/strata/_strata.cpython-312-x86_64-linux-gnu.so md5=7a1009e751dd3a6a25d7a83a1b336bc3 load=1.02,1.01,1.00 cpus=4 t=01:05:29
# launch 11 build=A md5=7a1009e751dd3a6a25d7a83a1b336bc3 facade_md5=8045c859563f90acf92a73b882358a78
# L11 build=A extension=/home/runner/work/strata/strata/python/strata/_strata.cpython-312-x86_64-linux-gnu.so md5=7a1009e751dd3a6a25d7a83a1b336bc3 load=1.01,1.01,1.00 cpus=4 t=01:06:01
# launch 12 build=A md5=7a1009e751dd3a6a25d7a83a1b336bc3 facade_md5=8045c859563f90acf92a73b882358a78
# L12 build=A extension=/home/runner/work/strata/strata/python/strata/_strata.cpython-312-x86_64-linux-gnu.so md5=7a1009e751dd3a6a25d7a83a1b336bc3 load=1.00,1.00,1.00 cpus=4 t=01:06:32
# launch 13 build=B md5=7a1009e751dd3a6a25d7a83a1b336bc3 facade_md5=8045c859563f90acf92a73b882358a78
# L13 build=B extension=/home/runner/work/strata/strata/python/strata/_strata.cpython-312-x86_64-linux-gnu.so md5=7a1009e751dd3a6a25d7a83a1b336bc3 load=1.00,1.00,1.00 cpus=4 t=01:07:03
# launch 14 build=B md5=7a1009e751dd3a6a25d7a83a1b336bc3 facade_md5=8045c859563f90acf92a73b882358a78
# L14 build=B extension=/home/runner/work/strata/strata/python/strata/_strata.cpython-312-x86_64-linux-gnu.so md5=7a1009e751dd3a6a25d7a83a1b336bc3 load=1.00,1.00,1.00 cpus=4 t=01:07:35
# launch 15 build=A md5=7a1009e751dd3a6a25d7a83a1b336bc3 facade_md5=8045c859563f90acf92a73b882358a78
# L15 build=A extension=/home/runner/work/strata/strata/python/strata/_strata.cpython-312-x86_64-linux-gnu.so md5=7a1009e751dd3a6a25d7a83a1b336bc3 load=1.08,1.02,1.01 cpus=4 t=01:08:06
# launch 16 build=A md5=7a1009e751dd3a6a25d7a83a1b336bc3 facade_md5=8045c859563f90acf92a73b882358a78
# L16 build=A extension=/home/runner/work/strata/strata/python/strata/_strata.cpython-312-x86_64-linux-gnu.so md5=7a1009e751dd3a6a25d7a83a1b336bc3 load=1.05,1.01,1.00 cpus=4 t=01:08:37
# launch 17 build=B md5=7a1009e751dd3a6a25d7a83a1b336bc3 facade_md5=8045c859563f90acf92a73b882358a78
# L17 build=B extension=/home/runner/work/strata/strata/python/strata/_strata.cpython-312-x86_64-linux-gnu.so md5=7a1009e751dd3a6a25d7a83a1b336bc3 load=1.02,1.01,1.00 cpus=4 t=01:09:08
# launch 18 build=B md5=7a1009e751dd3a6a25d7a83a1b336bc3 facade_md5=8045c859563f90acf92a73b882358a78
# L18 build=B extension=/home/runner/work/strata/strata/python/strata/_strata.cpython-312-x86_64-linux-gnu.so md5=7a1009e751dd3a6a25d7a83a1b336bc3 load=1.01,1.01,1.00 cpus=4 t=01:09:41
# launch 19 build=A md5=7a1009e751dd3a6a25d7a83a1b336bc3 facade_md5=8045c859563f90acf92a73b882358a78
# L19 build=A extension=/home/runner/work/strata/strata/python/strata/_strata.cpython-312-x86_64-linux-gnu.so md5=7a1009e751dd3a6a25d7a83a1b336bc3 load=1.07,1.02,1.00 cpus=4 t=01:10:14
# launch 20 build=A md5=7a1009e751dd3a6a25d7a83a1b336bc3 facade_md5=8045c859563f90acf92a73b882358a78
# L20 build=A extension=/home/runner/work/strata/strata/python/strata/_strata.cpython-312-x86_64-linux-gnu.so md5=7a1009e751dd3a6a25d7a83a1b336bc3 load=1.04,1.02,1.00 cpus=4 t=01:10:46
# launch 21 build=B md5=7a1009e751dd3a6a25d7a83a1b336bc3 facade_md5=8045c859563f90acf92a73b882358a78
# L21 build=B extension=/home/runner/work/strata/strata/python/strata/_strata.cpython-312-x86_64-linux-gnu.so md5=7a1009e751dd3a6a25d7a83a1b336bc3 load=1.09,1.03,1.00 cpus=4 t=01:11:17
# launch 22 build=B md5=7a1009e751dd3a6a25d7a83a1b336bc3 facade_md5=8045c859563f90acf92a73b882358a78
# L22 build=B extension=/home/runner/work/strata/strata/python/strata/_strata.cpython-312-x86_64-linux-gnu.so md5=7a1009e751dd3a6a25d7a83a1b336bc3 load=1.05,1.03,1.00 cpus=4 t=01:11:50
# launch 23 build=A md5=7a1009e751dd3a6a25d7a83a1b336bc3 facade_md5=8045c859563f90acf92a73b882358a78
# L23 build=A extension=/home/runner/work/strata/strata/python/strata/_strata.cpython-312-x86_64-linux-gnu.so md5=7a1009e751dd3a6a25d7a83a1b336bc3 load=1.03,1.02,1.00 cpus=4 t=01:12:22
# launch 24 build=A md5=7a1009e751dd3a6a25d7a83a1b336bc3 facade_md5=8045c859563f90acf92a73b882358a78
# L24 build=A extension=/home/runner/work/strata/strata/python/strata/_strata.cpython-312-x86_64-linux-gnu.so md5=7a1009e751dd3a6a25d7a83a1b336bc3 load=1.02,1.02,1.00 cpus=4 t=01:12:54
# wrote ab/AA.tsv (25 of 25 launches)
# restored /home/runner/work/strata/strata/python/strata/_strata.cpython-312-x86_64-linux-gnu.so to md5=d43eea8c06f8c062c5eddf00cbb2c9f1
# restored facade /home/runner/work/strata/strata/python/strata to md5=bc19225b9639128ba9fd166d5e3f1bef
