# target   D:\a\strata\strata\python\strata\_strata.cp312-win_amd64.pyd
# build A  D:\a\strata\strata\arms\A.pyd  md5=20059a76bdbc9df0453f4a9b5c316002
# build B  D:\a\strata\strata\arms\A2.pyd  md5=fdccb34f309d9e2c9af0c240e0c1b8fe
# order    ABBAABBAABBAABBAABBAABBAA (25 launches)
# rows     small:users:loads small:users:dumps small:users:load small:users:dump small:users:ndload small:flat:loads small:flat:dumps small:flat:load small:flat:dump small:nested:loads small:nested:dumps small:nested:load small:nested:dump small:wide_arrays:loads small:wide_arrays:dumps small:wide_arrays:load small:wide_arrays:dump small:mixed:loads small:mixed:dumps small:mixed:load small:mixed:dump medium:flat:dumps medium:users:dumps medium:mixed:dumps medium:wide_arrays:loads  repeat=60
# facade   D:\a\strata\strata\python\strata swapped per launch
# launch 00 build=A md5=20059a76bdbc9df0453f4a9b5c316002 facade_md5=d352d17983408bdc586af5b8bd2a03ed
# L00 build=A extension=D:\a\strata\strata\python\strata\_strata.cp312-win_amd64.pyd md5=20059a76bdbc9df0453f4a9b5c316002 load=unavailable(Windows) cpus=4 t=05:23:13
# launch 01 build=B md5=fdccb34f309d9e2c9af0c240e0c1b8fe facade_md5=d352d17983408bdc586af5b8bd2a03ed
# L01 build=B extension=D:\a\strata\strata\python\strata\_strata.cp312-win_amd64.pyd md5=fdccb34f309d9e2c9af0c240e0c1b8fe load=unavailable(Windows) cpus=4 t=05:23:44
# launch 02 build=B md5=fdccb34f309d9e2c9af0c240e0c1b8fe facade_md5=d352d17983408bdc586af5b8bd2a03ed
# L02 build=B extension=D:\a\strata\strata\python\strata\_strata.cp312-win_amd64.pyd md5=fdccb34f309d9e2c9af0c240e0c1b8fe load=unavailable(Windows) cpus=4 t=05:24:15
# launch 03 build=A md5=20059a76bdbc9df0453f4a9b5c316002 facade_md5=d352d17983408bdc586af5b8bd2a03ed
# L03 build=A extension=D:\a\strata\strata\python\strata\_strata.cp312-win_amd64.pyd md5=20059a76bdbc9df0453f4a9b5c316002 load=unavailable(Windows) cpus=4 t=05:24:46
# launch 04 build=A md5=20059a76bdbc9df0453f4a9b5c316002 facade_md5=d352d17983408bdc586af5b8bd2a03ed
# L04 build=A extension=D:\a\strata\strata\python\strata\_strata.cp312-win_amd64.pyd md5=20059a76bdbc9df0453f4a9b5c316002 load=unavailable(Windows) cpus=4 t=05:25:17
# launch 05 build=B md5=fdccb34f309d9e2c9af0c240e0c1b8fe facade_md5=d352d17983408bdc586af5b8bd2a03ed
# L05 build=B extension=D:\a\strata\strata\python\strata\_strata.cp312-win_amd64.pyd md5=fdccb34f309d9e2c9af0c240e0c1b8fe load=unavailable(Windows) cpus=4 t=05:25:51
# launch 06 build=B md5=fdccb34f309d9e2c9af0c240e0c1b8fe facade_md5=d352d17983408bdc586af5b8bd2a03ed
# L06 build=B extension=D:\a\strata\strata\python\strata\_strata.cp312-win_amd64.pyd md5=fdccb34f309d9e2c9af0c240e0c1b8fe load=unavailable(Windows) cpus=4 t=05:26:22
# launch 07 build=A md5=20059a76bdbc9df0453f4a9b5c316002 facade_md5=d352d17983408bdc586af5b8bd2a03ed
# L07 build=A extension=D:\a\strata\strata\python\strata\_strata.cp312-win_amd64.pyd md5=20059a76bdbc9df0453f4a9b5c316002 load=unavailable(Windows) cpus=4 t=05:26:53
# launch 08 build=A md5=20059a76bdbc9df0453f4a9b5c316002 facade_md5=d352d17983408bdc586af5b8bd2a03ed
# L08 build=A extension=D:\a\strata\strata\python\strata\_strata.cp312-win_amd64.pyd md5=20059a76bdbc9df0453f4a9b5c316002 load=unavailable(Windows) cpus=4 t=05:27:24
# launch 09 build=B md5=fdccb34f309d9e2c9af0c240e0c1b8fe facade_md5=d352d17983408bdc586af5b8bd2a03ed
# L09 build=B extension=D:\a\strata\strata\python\strata\_strata.cp312-win_amd64.pyd md5=fdccb34f309d9e2c9af0c240e0c1b8fe load=unavailable(Windows) cpus=4 t=05:27:55
# launch 10 build=B md5=fdccb34f309d9e2c9af0c240e0c1b8fe facade_md5=d352d17983408bdc586af5b8bd2a03ed
# L10 build=B extension=D:\a\strata\strata\python\strata\_strata.cp312-win_amd64.pyd md5=fdccb34f309d9e2c9af0c240e0c1b8fe load=unavailable(Windows) cpus=4 t=05:28:28
# launch 11 build=A md5=20059a76bdbc9df0453f4a9b5c316002 facade_md5=d352d17983408bdc586af5b8bd2a03ed
# L11 build=A extension=D:\a\strata\strata\python\strata\_strata.cp312-win_amd64.pyd md5=20059a76bdbc9df0453f4a9b5c316002 load=unavailable(Windows) cpus=4 t=05:29:03
# launch 12 build=A md5=20059a76bdbc9df0453f4a9b5c316002 facade_md5=d352d17983408bdc586af5b8bd2a03ed
# L12 build=A extension=D:\a\strata\strata\python\strata\_strata.cp312-win_amd64.pyd md5=20059a76bdbc9df0453f4a9b5c316002 load=unavailable(Windows) cpus=4 t=05:29:41
# launch 13 build=B md5=fdccb34f309d9e2c9af0c240e0c1b8fe facade_md5=d352d17983408bdc586af5b8bd2a03ed
# L13 build=B extension=D:\a\strata\strata\python\strata\_strata.cp312-win_amd64.pyd md5=fdccb34f309d9e2c9af0c240e0c1b8fe load=unavailable(Windows) cpus=4 t=05:30:19
# launch 14 build=B md5=fdccb34f309d9e2c9af0c240e0c1b8fe facade_md5=d352d17983408bdc586af5b8bd2a03ed
# L14 build=B extension=D:\a\strata\strata\python\strata\_strata.cp312-win_amd64.pyd md5=fdccb34f309d9e2c9af0c240e0c1b8fe load=unavailable(Windows) cpus=4 t=05:30:55
# launch 15 build=A md5=20059a76bdbc9df0453f4a9b5c316002 facade_md5=d352d17983408bdc586af5b8bd2a03ed
# L15 build=A extension=D:\a\strata\strata\python\strata\_strata.cp312-win_amd64.pyd md5=20059a76bdbc9df0453f4a9b5c316002 load=unavailable(Windows) cpus=4 t=05:31:29
# launch 16 build=A md5=20059a76bdbc9df0453f4a9b5c316002 facade_md5=d352d17983408bdc586af5b8bd2a03ed
# L16 build=A extension=D:\a\strata\strata\python\strata\_strata.cp312-win_amd64.pyd md5=20059a76bdbc9df0453f4a9b5c316002 load=unavailable(Windows) cpus=4 t=05:32:05
# launch 17 build=B md5=fdccb34f309d9e2c9af0c240e0c1b8fe facade_md5=d352d17983408bdc586af5b8bd2a03ed
# L17 build=B extension=D:\a\strata\strata\python\strata\_strata.cp312-win_amd64.pyd md5=fdccb34f309d9e2c9af0c240e0c1b8fe load=unavailable(Windows) cpus=4 t=05:32:37
# launch 18 build=B md5=fdccb34f309d9e2c9af0c240e0c1b8fe facade_md5=d352d17983408bdc586af5b8bd2a03ed
# L18 build=B extension=D:\a\strata\strata\python\strata\_strata.cp312-win_amd64.pyd md5=fdccb34f309d9e2c9af0c240e0c1b8fe load=unavailable(Windows) cpus=4 t=05:33:09
# launch 19 build=A md5=20059a76bdbc9df0453f4a9b5c316002 facade_md5=d352d17983408bdc586af5b8bd2a03ed
# L19 build=A extension=D:\a\strata\strata\python\strata\_strata.cp312-win_amd64.pyd md5=20059a76bdbc9df0453f4a9b5c316002 load=unavailable(Windows) cpus=4 t=05:33:41
# launch 20 build=A md5=20059a76bdbc9df0453f4a9b5c316002 facade_md5=d352d17983408bdc586af5b8bd2a03ed
# L20 build=A extension=D:\a\strata\strata\python\strata\_strata.cp312-win_amd64.pyd md5=20059a76bdbc9df0453f4a9b5c316002 load=unavailable(Windows) cpus=4 t=05:34:13
# launch 21 build=B md5=fdccb34f309d9e2c9af0c240e0c1b8fe facade_md5=d352d17983408bdc586af5b8bd2a03ed
# L21 build=B extension=D:\a\strata\strata\python\strata\_strata.cp312-win_amd64.pyd md5=fdccb34f309d9e2c9af0c240e0c1b8fe load=unavailable(Windows) cpus=4 t=05:34:44
# launch 22 build=B md5=fdccb34f309d9e2c9af0c240e0c1b8fe facade_md5=d352d17983408bdc586af5b8bd2a03ed
# L22 build=B extension=D:\a\strata\strata\python\strata\_strata.cp312-win_amd64.pyd md5=fdccb34f309d9e2c9af0c240e0c1b8fe load=unavailable(Windows) cpus=4 t=05:35:16
# launch 23 build=A md5=20059a76bdbc9df0453f4a9b5c316002 facade_md5=d352d17983408bdc586af5b8bd2a03ed
# L23 build=A extension=D:\a\strata\strata\python\strata\_strata.cp312-win_amd64.pyd md5=20059a76bdbc9df0453f4a9b5c316002 load=unavailable(Windows) cpus=4 t=05:35:47
# launch 24 build=A md5=20059a76bdbc9df0453f4a9b5c316002 facade_md5=d352d17983408bdc586af5b8bd2a03ed
# L24 build=A extension=D:\a\strata\strata\python\strata\_strata.cp312-win_amd64.pyd md5=20059a76bdbc9df0453f4a9b5c316002 load=unavailable(Windows) cpus=4 t=05:36:19
# wrote ab\A2.tsv (25 of 25 launches)
# restored D:\a\strata\strata\python\strata\_strata.cp312-win_amd64.pyd to md5=a63e571ebb9b1ff02946311a9cd15f2e
# restored facade D:\a\strata\strata\python\strata to md5=f844a4ea77c3ff179cec70bd7131f339
