# target   D:\a\strata\strata\python\strata\_strata.cp312-win_amd64.pyd
# build A  D:\a\strata\strata\arms\A.pyd  md5=20059a76bdbc9df0453f4a9b5c316002
# build B  D:\a\strata\strata\arms\B.pyd  md5=90aa2a64a2b6e6beada9533c64bd272d
# order    ABBAABBAABBAABBAABBAABBAA (25 launches)
# rows     small:users:loads small:users:dumps small:users:load small:users:dump small:users:ndload small:flat:loads small:flat:dumps small:flat:load small:flat:dump small:nested:loads small:nested:dumps small:nested:load small:nested:dump small:wide_arrays:loads small:wide_arrays:dumps small:wide_arrays:load small:wide_arrays:dump small:mixed:loads small:mixed:dumps small:mixed:load small:mixed:dump medium:flat:dumps medium:users:dumps medium:mixed:dumps medium:wide_arrays:loads  repeat=60
# facade   D:\a\strata\strata\python\strata swapped per launch
# launch 00 build=A md5=20059a76bdbc9df0453f4a9b5c316002 facade_md5=d352d17983408bdc586af5b8bd2a03ed
# L00 build=A extension=D:\a\strata\strata\python\strata\_strata.cp312-win_amd64.pyd md5=20059a76bdbc9df0453f4a9b5c316002 load=unavailable(Windows) cpus=4 t=04:52:56
# launch 01 build=B md5=90aa2a64a2b6e6beada9533c64bd272d facade_md5=f844a4ea77c3ff179cec70bd7131f339
# L01 build=B extension=D:\a\strata\strata\python\strata\_strata.cp312-win_amd64.pyd md5=90aa2a64a2b6e6beada9533c64bd272d load=unavailable(Windows) cpus=4 t=04:53:34
# launch 02 build=B md5=90aa2a64a2b6e6beada9533c64bd272d facade_md5=f844a4ea77c3ff179cec70bd7131f339
# L02 build=B extension=D:\a\strata\strata\python\strata\_strata.cp312-win_amd64.pyd md5=90aa2a64a2b6e6beada9533c64bd272d load=unavailable(Windows) cpus=4 t=04:54:12
# launch 03 build=A md5=20059a76bdbc9df0453f4a9b5c316002 facade_md5=d352d17983408bdc586af5b8bd2a03ed
# L03 build=A extension=D:\a\strata\strata\python\strata\_strata.cp312-win_amd64.pyd md5=20059a76bdbc9df0453f4a9b5c316002 load=unavailable(Windows) cpus=4 t=04:54:49
# launch 04 build=A md5=20059a76bdbc9df0453f4a9b5c316002 facade_md5=d352d17983408bdc586af5b8bd2a03ed
# L04 build=A extension=D:\a\strata\strata\python\strata\_strata.cp312-win_amd64.pyd md5=20059a76bdbc9df0453f4a9b5c316002 load=unavailable(Windows) cpus=4 t=04:55:26
# launch 05 build=B md5=90aa2a64a2b6e6beada9533c64bd272d facade_md5=f844a4ea77c3ff179cec70bd7131f339
# L05 build=B extension=D:\a\strata\strata\python\strata\_strata.cp312-win_amd64.pyd md5=90aa2a64a2b6e6beada9533c64bd272d load=unavailable(Windows) cpus=4 t=04:56:03
# launch 06 build=B md5=90aa2a64a2b6e6beada9533c64bd272d facade_md5=f844a4ea77c3ff179cec70bd7131f339
# L06 build=B extension=D:\a\strata\strata\python\strata\_strata.cp312-win_amd64.pyd md5=90aa2a64a2b6e6beada9533c64bd272d load=unavailable(Windows) cpus=4 t=04:56:40
# launch 07 build=A md5=20059a76bdbc9df0453f4a9b5c316002 facade_md5=d352d17983408bdc586af5b8bd2a03ed
# L07 build=A extension=D:\a\strata\strata\python\strata\_strata.cp312-win_amd64.pyd md5=20059a76bdbc9df0453f4a9b5c316002 load=unavailable(Windows) cpus=4 t=04:57:21
# launch 08 build=A md5=20059a76bdbc9df0453f4a9b5c316002 facade_md5=d352d17983408bdc586af5b8bd2a03ed
# L08 build=A extension=D:\a\strata\strata\python\strata\_strata.cp312-win_amd64.pyd md5=20059a76bdbc9df0453f4a9b5c316002 load=unavailable(Windows) cpus=4 t=04:58:03
# launch 09 build=B md5=90aa2a64a2b6e6beada9533c64bd272d facade_md5=f844a4ea77c3ff179cec70bd7131f339
# L09 build=B extension=D:\a\strata\strata\python\strata\_strata.cp312-win_amd64.pyd md5=90aa2a64a2b6e6beada9533c64bd272d load=unavailable(Windows) cpus=4 t=04:58:48
# launch 10 build=B md5=90aa2a64a2b6e6beada9533c64bd272d facade_md5=f844a4ea77c3ff179cec70bd7131f339
# L10 build=B extension=D:\a\strata\strata\python\strata\_strata.cp312-win_amd64.pyd md5=90aa2a64a2b6e6beada9533c64bd272d load=unavailable(Windows) cpus=4 t=04:59:31
# launch 11 build=A md5=20059a76bdbc9df0453f4a9b5c316002 facade_md5=d352d17983408bdc586af5b8bd2a03ed
# L11 build=A extension=D:\a\strata\strata\python\strata\_strata.cp312-win_amd64.pyd md5=20059a76bdbc9df0453f4a9b5c316002 load=unavailable(Windows) cpus=4 t=05:00:12
# launch 12 build=A md5=20059a76bdbc9df0453f4a9b5c316002 facade_md5=d352d17983408bdc586af5b8bd2a03ed
# L12 build=A extension=D:\a\strata\strata\python\strata\_strata.cp312-win_amd64.pyd md5=20059a76bdbc9df0453f4a9b5c316002 load=unavailable(Windows) cpus=4 t=05:00:51
# launch 13 build=B md5=90aa2a64a2b6e6beada9533c64bd272d facade_md5=f844a4ea77c3ff179cec70bd7131f339
# L13 build=B extension=D:\a\strata\strata\python\strata\_strata.cp312-win_amd64.pyd md5=90aa2a64a2b6e6beada9533c64bd272d load=unavailable(Windows) cpus=4 t=05:01:30
# launch 14 build=B md5=90aa2a64a2b6e6beada9533c64bd272d facade_md5=f844a4ea77c3ff179cec70bd7131f339
# L14 build=B extension=D:\a\strata\strata\python\strata\_strata.cp312-win_amd64.pyd md5=90aa2a64a2b6e6beada9533c64bd272d load=unavailable(Windows) cpus=4 t=05:02:08
# launch 15 build=A md5=20059a76bdbc9df0453f4a9b5c316002 facade_md5=d352d17983408bdc586af5b8bd2a03ed
# L15 build=A extension=D:\a\strata\strata\python\strata\_strata.cp312-win_amd64.pyd md5=20059a76bdbc9df0453f4a9b5c316002 load=unavailable(Windows) cpus=4 t=05:02:46
# launch 16 build=A md5=20059a76bdbc9df0453f4a9b5c316002 facade_md5=d352d17983408bdc586af5b8bd2a03ed
# L16 build=A extension=D:\a\strata\strata\python\strata\_strata.cp312-win_amd64.pyd md5=20059a76bdbc9df0453f4a9b5c316002 load=unavailable(Windows) cpus=4 t=05:03:25
# launch 17 build=B md5=90aa2a64a2b6e6beada9533c64bd272d facade_md5=f844a4ea77c3ff179cec70bd7131f339
# L17 build=B extension=D:\a\strata\strata\python\strata\_strata.cp312-win_amd64.pyd md5=90aa2a64a2b6e6beada9533c64bd272d load=unavailable(Windows) cpus=4 t=05:04:06
# launch 18 build=B md5=90aa2a64a2b6e6beada9533c64bd272d facade_md5=f844a4ea77c3ff179cec70bd7131f339
# L18 build=B extension=D:\a\strata\strata\python\strata\_strata.cp312-win_amd64.pyd md5=90aa2a64a2b6e6beada9533c64bd272d load=unavailable(Windows) cpus=4 t=05:04:40
# launch 19 build=A md5=20059a76bdbc9df0453f4a9b5c316002 facade_md5=d352d17983408bdc586af5b8bd2a03ed
# L19 build=A extension=D:\a\strata\strata\python\strata\_strata.cp312-win_amd64.pyd md5=20059a76bdbc9df0453f4a9b5c316002 load=unavailable(Windows) cpus=4 t=05:05:13
# launch 20 build=A md5=20059a76bdbc9df0453f4a9b5c316002 facade_md5=d352d17983408bdc586af5b8bd2a03ed
# L20 build=A extension=D:\a\strata\strata\python\strata\_strata.cp312-win_amd64.pyd md5=20059a76bdbc9df0453f4a9b5c316002 load=unavailable(Windows) cpus=4 t=05:05:46
# launch 21 build=B md5=90aa2a64a2b6e6beada9533c64bd272d facade_md5=f844a4ea77c3ff179cec70bd7131f339
# L21 build=B extension=D:\a\strata\strata\python\strata\_strata.cp312-win_amd64.pyd md5=90aa2a64a2b6e6beada9533c64bd272d load=unavailable(Windows) cpus=4 t=05:06:18
# launch 22 build=B md5=90aa2a64a2b6e6beada9533c64bd272d facade_md5=f844a4ea77c3ff179cec70bd7131f339
# L22 build=B extension=D:\a\strata\strata\python\strata\_strata.cp312-win_amd64.pyd md5=90aa2a64a2b6e6beada9533c64bd272d load=unavailable(Windows) cpus=4 t=05:06:50
# launch 23 build=A md5=20059a76bdbc9df0453f4a9b5c316002 facade_md5=d352d17983408bdc586af5b8bd2a03ed
# L23 build=A extension=D:\a\strata\strata\python\strata\_strata.cp312-win_amd64.pyd md5=20059a76bdbc9df0453f4a9b5c316002 load=unavailable(Windows) cpus=4 t=05:07:27
# launch 24 build=A md5=20059a76bdbc9df0453f4a9b5c316002 facade_md5=d352d17983408bdc586af5b8bd2a03ed
# L24 build=A extension=D:\a\strata\strata\python\strata\_strata.cp312-win_amd64.pyd md5=20059a76bdbc9df0453f4a9b5c316002 load=unavailable(Windows) cpus=4 t=05:08:00
# wrote ab\R1.tsv (25 of 25 launches)
# restored D:\a\strata\strata\python\strata\_strata.cp312-win_amd64.pyd to md5=a63e571ebb9b1ff02946311a9cd15f2e
# restored facade D:\a\strata\strata\python\strata to md5=f844a4ea77c3ff179cec70bd7131f339
