# target   /home/runner/work/strata/strata/python/strata/_strata.cpython-312-x86_64-linux-gnu.so
# build A  /home/runner/work/strata/strata/arms/A.so  md5=e18c8043b02ea6603f342b086394197a
# build B  /home/runner/work/strata/strata/arms/A2.so  md5=16e151b4ad46ae8bb9560da18dcf3f07
# order    ABBAABBAABBAABBAABBAABBAA (25 launches)
# rows     small:users:loads small:users:dumps small:users:load small:users:dump small:users:ndload small:flat:loads small:flat:dumps small:flat:load small:flat:dump small:nested:loads small:nested:dumps small:nested:load small:nested:dump small:wide_arrays:loads small:wide_arrays:dumps small:wide_arrays:load small:wide_arrays:dump small:mixed:loads small:mixed:dumps small:mixed:load small:mixed:dump medium:flat:dumps medium:users:dumps medium:mixed:dumps medium:wide_arrays:loads  repeat=60
# facade   /home/runner/work/strata/strata/python/strata swapped per launch
# launch 00 build=A md5=e18c8043b02ea6603f342b086394197a facade_md5=8045c859563f90acf92a73b882358a78
# L00 build=A extension=/home/runner/work/strata/strata/python/strata/_strata.cpython-312-x86_64-linux-gnu.so md5=e18c8043b02ea6603f342b086394197a load=1.00,1.00,1.00 cpus=4 t=04:57:46
# launch 01 build=B md5=16e151b4ad46ae8bb9560da18dcf3f07 facade_md5=8045c859563f90acf92a73b882358a78
# L01 build=B extension=/home/runner/work/strata/strata/python/strata/_strata.cpython-312-x86_64-linux-gnu.so md5=16e151b4ad46ae8bb9560da18dcf3f07 load=1.00,1.00,1.00 cpus=4 t=04:58:16
# launch 02 build=B md5=16e151b4ad46ae8bb9560da18dcf3f07 facade_md5=8045c859563f90acf92a73b882358a78
# L02 build=B extension=/home/runner/work/strata/strata/python/strata/_strata.cpython-312-x86_64-linux-gnu.so md5=16e151b4ad46ae8bb9560da18dcf3f07 load=1.00,1.00,1.00 cpus=4 t=04:58:45
# launch 03 build=A md5=e18c8043b02ea6603f342b086394197a facade_md5=8045c859563f90acf92a73b882358a78
# L03 build=A extension=/home/runner/work/strata/strata/python/strata/_strata.cpython-312-x86_64-linux-gnu.so md5=e18c8043b02ea6603f342b086394197a load=1.00,1.00,1.00 cpus=4 t=04:59:14
# launch 04 build=A md5=e18c8043b02ea6603f342b086394197a facade_md5=8045c859563f90acf92a73b882358a78
# L04 build=A extension=/home/runner/work/strata/strata/python/strata/_strata.cpython-312-x86_64-linux-gnu.so md5=e18c8043b02ea6603f342b086394197a load=1.00,1.00,1.00 cpus=4 t=04:59:43
# launch 05 build=B md5=16e151b4ad46ae8bb9560da18dcf3f07 facade_md5=8045c859563f90acf92a73b882358a78
# L05 build=B extension=/home/runner/work/strata/strata/python/strata/_strata.cpython-312-x86_64-linux-gnu.so md5=16e151b4ad46ae8bb9560da18dcf3f07 load=1.00,1.00,1.00 cpus=4 t=05:00:12
# launch 06 build=B md5=16e151b4ad46ae8bb9560da18dcf3f07 facade_md5=8045c859563f90acf92a73b882358a78
# L06 build=B extension=/home/runner/work/strata/strata/python/strata/_strata.cpython-312-x86_64-linux-gnu.so md5=16e151b4ad46ae8bb9560da18dcf3f07 load=1.00,1.00,1.00 cpus=4 t=05:00:41
# launch 07 build=A md5=e18c8043b02ea6603f342b086394197a facade_md5=8045c859563f90acf92a73b882358a78
# L07 build=A extension=/home/runner/work/strata/strata/python/strata/_strata.cpython-312-x86_64-linux-gnu.so md5=e18c8043b02ea6603f342b086394197a load=1.00,1.00,1.00 cpus=4 t=05:01:11
# launch 08 build=A md5=e18c8043b02ea6603f342b086394197a facade_md5=8045c859563f90acf92a73b882358a78
# L08 build=A extension=/home/runner/work/strata/strata/python/strata/_strata.cpython-312-x86_64-linux-gnu.so md5=e18c8043b02ea6603f342b086394197a load=1.00,1.00,1.00 cpus=4 t=05:01:40
# launch 09 build=B md5=16e151b4ad46ae8bb9560da18dcf3f07 facade_md5=8045c859563f90acf92a73b882358a78
# L09 build=B extension=/home/runner/work/strata/strata/python/strata/_strata.cpython-312-x86_64-linux-gnu.so md5=16e151b4ad46ae8bb9560da18dcf3f07 load=1.00,1.00,1.00 cpus=4 t=05:02:09
# launch 10 build=B md5=16e151b4ad46ae8bb9560da18dcf3f07 facade_md5=8045c859563f90acf92a73b882358a78
# L10 build=B extension=/home/runner/work/strata/strata/python/strata/_strata.cpython-312-x86_64-linux-gnu.so md5=16e151b4ad46ae8bb9560da18dcf3f07 load=1.00,1.00,1.00 cpus=4 t=05:02:38
# launch 11 build=A md5=e18c8043b02ea6603f342b086394197a facade_md5=8045c859563f90acf92a73b882358a78
# L11 build=A extension=/home/runner/work/strata/strata/python/strata/_strata.cpython-312-x86_64-linux-gnu.so md5=e18c8043b02ea6603f342b086394197a load=1.00,1.00,1.00 cpus=4 t=05:03:08
# launch 12 build=A md5=e18c8043b02ea6603f342b086394197a facade_md5=8045c859563f90acf92a73b882358a78
# L12 build=A extension=/home/runner/work/strata/strata/python/strata/_strata.cpython-312-x86_64-linux-gnu.so md5=e18c8043b02ea6603f342b086394197a load=1.00,1.00,1.00 cpus=4 t=05:03:37
# launch 13 build=B md5=16e151b4ad46ae8bb9560da18dcf3f07 facade_md5=8045c859563f90acf92a73b882358a78
# L13 build=B extension=/home/runner/work/strata/strata/python/strata/_strata.cpython-312-x86_64-linux-gnu.so md5=16e151b4ad46ae8bb9560da18dcf3f07 load=1.00,1.00,1.00 cpus=4 t=05:04:06
# launch 14 build=B md5=16e151b4ad46ae8bb9560da18dcf3f07 facade_md5=8045c859563f90acf92a73b882358a78
# L14 build=B extension=/home/runner/work/strata/strata/python/strata/_strata.cpython-312-x86_64-linux-gnu.so md5=16e151b4ad46ae8bb9560da18dcf3f07 load=1.00,1.00,1.00 cpus=4 t=05:04:35
# launch 15 build=A md5=e18c8043b02ea6603f342b086394197a facade_md5=8045c859563f90acf92a73b882358a78
# L15 build=A extension=/home/runner/work/strata/strata/python/strata/_strata.cpython-312-x86_64-linux-gnu.so md5=e18c8043b02ea6603f342b086394197a load=1.00,1.00,1.00 cpus=4 t=05:05:04
# launch 16 build=A md5=e18c8043b02ea6603f342b086394197a facade_md5=8045c859563f90acf92a73b882358a78
# L16 build=A extension=/home/runner/work/strata/strata/python/strata/_strata.cpython-312-x86_64-linux-gnu.so md5=e18c8043b02ea6603f342b086394197a load=1.00,1.00,1.00 cpus=4 t=05:05:33
# launch 17 build=B md5=16e151b4ad46ae8bb9560da18dcf3f07 facade_md5=8045c859563f90acf92a73b882358a78
# L17 build=B extension=/home/runner/work/strata/strata/python/strata/_strata.cpython-312-x86_64-linux-gnu.so md5=16e151b4ad46ae8bb9560da18dcf3f07 load=1.00,1.00,1.00 cpus=4 t=05:06:03
# launch 18 build=B md5=16e151b4ad46ae8bb9560da18dcf3f07 facade_md5=8045c859563f90acf92a73b882358a78
# L18 build=B extension=/home/runner/work/strata/strata/python/strata/_strata.cpython-312-x86_64-linux-gnu.so md5=16e151b4ad46ae8bb9560da18dcf3f07 load=1.00,1.00,1.00 cpus=4 t=05:06:33
# launch 19 build=A md5=e18c8043b02ea6603f342b086394197a facade_md5=8045c859563f90acf92a73b882358a78
# L19 build=A extension=/home/runner/work/strata/strata/python/strata/_strata.cpython-312-x86_64-linux-gnu.so md5=e18c8043b02ea6603f342b086394197a load=1.00,1.00,1.00 cpus=4 t=05:07:02
# launch 20 build=A md5=e18c8043b02ea6603f342b086394197a facade_md5=8045c859563f90acf92a73b882358a78
# L20 build=A extension=/home/runner/work/strata/strata/python/strata/_strata.cpython-312-x86_64-linux-gnu.so md5=e18c8043b02ea6603f342b086394197a load=1.00,1.00,1.00 cpus=4 t=05:07:31
# launch 21 build=B md5=16e151b4ad46ae8bb9560da18dcf3f07 facade_md5=8045c859563f90acf92a73b882358a78
# L21 build=B extension=/home/runner/work/strata/strata/python/strata/_strata.cpython-312-x86_64-linux-gnu.so md5=16e151b4ad46ae8bb9560da18dcf3f07 load=1.00,1.00,1.00 cpus=4 t=05:08:01
# launch 22 build=B md5=16e151b4ad46ae8bb9560da18dcf3f07 facade_md5=8045c859563f90acf92a73b882358a78
# L22 build=B extension=/home/runner/work/strata/strata/python/strata/_strata.cpython-312-x86_64-linux-gnu.so md5=16e151b4ad46ae8bb9560da18dcf3f07 load=1.00,1.00,1.00 cpus=4 t=05:08:31
# launch 23 build=A md5=e18c8043b02ea6603f342b086394197a facade_md5=8045c859563f90acf92a73b882358a78
# L23 build=A extension=/home/runner/work/strata/strata/python/strata/_strata.cpython-312-x86_64-linux-gnu.so md5=e18c8043b02ea6603f342b086394197a load=1.00,1.00,1.00 cpus=4 t=05:09:00
# launch 24 build=A md5=e18c8043b02ea6603f342b086394197a facade_md5=8045c859563f90acf92a73b882358a78
# L24 build=A extension=/home/runner/work/strata/strata/python/strata/_strata.cpython-312-x86_64-linux-gnu.so md5=e18c8043b02ea6603f342b086394197a load=1.00,1.00,1.00 cpus=4 t=05:09:29
# wrote ab/A2.tsv (25 of 25 launches)
# restored /home/runner/work/strata/strata/python/strata/_strata.cpython-312-x86_64-linux-gnu.so to md5=dff168d2bddfc9bbadcb88fad980fff1
# restored facade /home/runner/work/strata/strata/python/strata to md5=bc19225b9639128ba9fd166d5e3f1bef
