# target   /Users/runner/work/strata/strata/python/strata/_strata.cpython-312-darwin.so
# build A  /Users/runner/work/strata/strata/arms/A.so  md5=22c22db12ba95d36967e71e4ed637263
# build B  /Users/runner/work/strata/strata/arms/B.so  md5=467b7c5693b848fbbdc0ba3cb7ed5270
# order    ABBAABBAABBAABBAABBAABBAA (25 launches)
# rows     small:users:loads small:users:dumps small:users:load small:users:dump small:users:ndload small:flat:loads small:flat:dumps small:flat:load small:flat:dump small:nested:loads small:nested:dumps small:nested:load small:nested:dump small:wide_arrays:loads small:wide_arrays:dumps small:wide_arrays:load small:wide_arrays:dump small:mixed:loads small:mixed:dumps small:mixed:load small:mixed:dump medium:flat:dumps medium:users:dumps medium:mixed:dumps medium:wide_arrays:loads  repeat=60
# launch 00 build=A md5=22c22db12ba95d36967e71e4ed637263
# L00 build=A extension=/Users/runner/work/strata/strata/python/strata/_strata.cpython-312-darwin.so md5=22c22db12ba95d36967e71e4ed637263 load=2.28,2.17,3.57 cpus=3 t=23:45:18
Traceback (most recent call last):
  File "/Users/runner/work/strata/strata/benchmarks/rows_probe.py", line 201, in <module>
    raise SystemExit(main())
                     ^^^^^^
  File "/Users/runner/work/strata/strata/benchmarks/rows_probe.py", line 186, in main
    samples = ab_rounds.alternating_rounds(
              ^^^^^^^^^^^^^^^^^^^^^^^^^^^^^
  File "/Users/runner/work/strata/strata/benchmarks/ab_rounds.py", line 77, in alternating_rounds
    calls[name]()
  File "/Users/runner/work/strata/strata/benchmarks/rows_probe.py", line 116, in <lambda>
    "strata-loads": lambda: strata.loads(payload),
                            ^^^^^^^^^^^^^^^^^^^^^
  File "/Users/runner/work/strata/strata/python/strata/serialize.py", line 55, in loads
    return _native.loads(
           ^^^^^^^^^^^^^^
TypeError: loads() got an unexpected keyword argument 'parse_types'
# wrote ab/R1.tsv (0 of 25 launches)
# restored /Users/runner/work/strata/strata/python/strata/_strata.cpython-312-darwin.so to md5=6b56c160118e7f0b6c295254550d6142
launch 00 (A) failed with 1
