# target   /Users/runner/work/strata/strata/python/strata/_strata.cpython-312-darwin.so
# build A  /Users/runner/work/strata/strata/arms/A.so  md5=637fad356151fa5463409a4dc6bfc326
# build B  /Users/runner/work/strata/strata/arms/A.so  md5=637fad356151fa5463409a4dc6bfc326
# order    ABBAABBAABBAABBAABBAABBAA (25 launches)
# rows     small:users:loads small:users:dumps small:users:load small:users:dump small:users:ndload small:flat:loads small:flat:dumps small:flat:load small:flat:dump small:nested:loads small:nested:dumps small:nested:load small:nested:dump small:wide_arrays:loads small:wide_arrays:dumps small:wide_arrays:load small:wide_arrays:dump small:mixed:loads small:mixed:dumps small:mixed:load small:mixed:dump medium:flat:dumps medium:users:dumps medium:mixed:dumps medium:wide_arrays:loads  repeat=60
# facade   /Users/runner/work/strata/strata/python/strata swapped per launch
# launch 00 build=A md5=637fad356151fa5463409a4dc6bfc326 facade_md5=8045c859563f90acf92a73b882358a78
# L00 build=A extension=/Users/runner/work/strata/strata/python/strata/_strata.cpython-312-darwin.so md5=637fad356151fa5463409a4dc6bfc326 load=1.88,2.82,4.15 cpus=3 t=00:53:02
# launch 01 build=B md5=637fad356151fa5463409a4dc6bfc326 facade_md5=8045c859563f90acf92a73b882358a78
# L01 build=B extension=/Users/runner/work/strata/strata/python/strata/_strata.cpython-312-darwin.so md5=637fad356151fa5463409a4dc6bfc326 load=2.00,2.76,4.08 cpus=3 t=00:53:30
# launch 02 build=B md5=637fad356151fa5463409a4dc6bfc326 facade_md5=8045c859563f90acf92a73b882358a78
# L02 build=B extension=/Users/runner/work/strata/strata/python/strata/_strata.cpython-312-darwin.so md5=637fad356151fa5463409a4dc6bfc326 load=2.03,2.70,4.02 cpus=3 t=00:53:57
# launch 03 build=A md5=637fad356151fa5463409a4dc6bfc326 facade_md5=8045c859563f90acf92a73b882358a78
# L03 build=A extension=/Users/runner/work/strata/strata/python/strata/_strata.cpython-312-darwin.so md5=637fad356151fa5463409a4dc6bfc326 load=1.76,2.57,3.92 cpus=3 t=00:54:24
# launch 04 build=A md5=637fad356151fa5463409a4dc6bfc326 facade_md5=8045c859563f90acf92a73b882358a78
# L04 build=A extension=/Users/runner/work/strata/strata/python/strata/_strata.cpython-312-darwin.so md5=637fad356151fa5463409a4dc6bfc326 load=1.72,2.49,3.85 cpus=3 t=00:54:51
# launch 05 build=B md5=637fad356151fa5463409a4dc6bfc326 facade_md5=8045c859563f90acf92a73b882358a78
# L05 build=B extension=/Users/runner/work/strata/strata/python/strata/_strata.cpython-312-darwin.so md5=637fad356151fa5463409a4dc6bfc326 load=1.67,2.42,3.79 cpus=3 t=00:55:18
# launch 06 build=B md5=637fad356151fa5463409a4dc6bfc326 facade_md5=8045c859563f90acf92a73b882358a78
# L06 build=B extension=/Users/runner/work/strata/strata/python/strata/_strata.cpython-312-darwin.so md5=637fad356151fa5463409a4dc6bfc326 load=1.67,2.34,3.71 cpus=3 t=00:55:45
# launch 07 build=A md5=637fad356151fa5463409a4dc6bfc326 facade_md5=8045c859563f90acf92a73b882358a78
# L07 build=A extension=/Users/runner/work/strata/strata/python/strata/_strata.cpython-312-darwin.so md5=637fad356151fa5463409a4dc6bfc326 load=1.66,2.28,3.65 cpus=3 t=00:56:12
# launch 08 build=A md5=637fad356151fa5463409a4dc6bfc326 facade_md5=8045c859563f90acf92a73b882358a78
# L08 build=A extension=/Users/runner/work/strata/strata/python/strata/_strata.cpython-312-darwin.so md5=637fad356151fa5463409a4dc6bfc326 load=1.69,2.24,3.59 cpus=3 t=00:56:39
# launch 09 build=B md5=637fad356151fa5463409a4dc6bfc326 facade_md5=8045c859563f90acf92a73b882358a78
# L09 build=B extension=/Users/runner/work/strata/strata/python/strata/_strata.cpython-312-darwin.so md5=637fad356151fa5463409a4dc6bfc326 load=1.52,2.16,3.52 cpus=3 t=00:57:06
# launch 10 build=B md5=637fad356151fa5463409a4dc6bfc326 facade_md5=8045c859563f90acf92a73b882358a78
# L10 build=B extension=/Users/runner/work/strata/strata/python/strata/_strata.cpython-312-darwin.so md5=637fad356151fa5463409a4dc6bfc326 load=1.46,2.08,3.45 cpus=3 t=00:57:33
# launch 11 build=A md5=637fad356151fa5463409a4dc6bfc326 facade_md5=8045c859563f90acf92a73b882358a78
# L11 build=A extension=/Users/runner/work/strata/strata/python/strata/_strata.cpython-312-darwin.so md5=637fad356151fa5463409a4dc6bfc326 load=1.42,2.02,3.39 cpus=3 t=00:58:00
# launch 12 build=A md5=637fad356151fa5463409a4dc6bfc326 facade_md5=8045c859563f90acf92a73b882358a78
# L12 build=A extension=/Users/runner/work/strata/strata/python/strata/_strata.cpython-312-darwin.so md5=637fad356151fa5463409a4dc6bfc326 load=1.69,2.03,3.35 cpus=3 t=00:58:27
# launch 13 build=B md5=637fad356151fa5463409a4dc6bfc326 facade_md5=8045c859563f90acf92a73b882358a78
# L13 build=B extension=/Users/runner/work/strata/strata/python/strata/_strata.cpython-312-darwin.so md5=637fad356151fa5463409a4dc6bfc326 load=1.91,2.06,3.31 cpus=3 t=00:58:54
# launch 14 build=B md5=637fad356151fa5463409a4dc6bfc326 facade_md5=8045c859563f90acf92a73b882358a78
# L14 build=B extension=/Users/runner/work/strata/strata/python/strata/_strata.cpython-312-darwin.so md5=637fad356151fa5463409a4dc6bfc326 load=1.67,1.99,3.25 cpus=3 t=00:59:22
# launch 15 build=A md5=637fad356151fa5463409a4dc6bfc326 facade_md5=8045c859563f90acf92a73b882358a78
# L15 build=A extension=/Users/runner/work/strata/strata/python/strata/_strata.cpython-312-darwin.so md5=637fad356151fa5463409a4dc6bfc326 load=1.48,1.91,3.18 cpus=3 t=00:59:49
# launch 16 build=A md5=637fad356151fa5463409a4dc6bfc326 facade_md5=8045c859563f90acf92a73b882358a78
# L16 build=A extension=/Users/runner/work/strata/strata/python/strata/_strata.cpython-312-darwin.so md5=637fad356151fa5463409a4dc6bfc326 load=1.68,1.92,3.14 cpus=3 t=01:00:16
# launch 17 build=B md5=637fad356151fa5463409a4dc6bfc326 facade_md5=8045c859563f90acf92a73b882358a78
# L17 build=B extension=/Users/runner/work/strata/strata/python/strata/_strata.cpython-312-darwin.so md5=637fad356151fa5463409a4dc6bfc326 load=1.57,1.87,3.09 cpus=3 t=01:00:44
# launch 18 build=B md5=637fad356151fa5463409a4dc6bfc326 facade_md5=8045c859563f90acf92a73b882358a78
# L18 build=B extension=/Users/runner/work/strata/strata/python/strata/_strata.cpython-312-darwin.so md5=637fad356151fa5463409a4dc6bfc326 load=1.49,1.82,3.03 cpus=3 t=01:01:13
# launch 19 build=A md5=637fad356151fa5463409a4dc6bfc326 facade_md5=8045c859563f90acf92a73b882358a78
# L19 build=A extension=/Users/runner/work/strata/strata/python/strata/_strata.cpython-312-darwin.so md5=637fad356151fa5463409a4dc6bfc326 load=1.57,1.81,2.98 cpus=3 t=01:01:44
# launch 20 build=A md5=637fad356151fa5463409a4dc6bfc326 facade_md5=8045c859563f90acf92a73b882358a78
# L20 build=A extension=/Users/runner/work/strata/strata/python/strata/_strata.cpython-312-darwin.so md5=637fad356151fa5463409a4dc6bfc326 load=1.65,1.79,2.93 cpus=3 t=01:02:14
# launch 21 build=B md5=637fad356151fa5463409a4dc6bfc326 facade_md5=8045c859563f90acf92a73b882358a78
# L21 build=B extension=/Users/runner/work/strata/strata/python/strata/_strata.cpython-312-darwin.so md5=637fad356151fa5463409a4dc6bfc326 load=1.47,1.73,2.87 cpus=3 t=01:02:44
# launch 22 build=B md5=637fad356151fa5463409a4dc6bfc326 facade_md5=8045c859563f90acf92a73b882358a78
# L22 build=B extension=/Users/runner/work/strata/strata/python/strata/_strata.cpython-312-darwin.so md5=637fad356151fa5463409a4dc6bfc326 load=1.53,1.72,2.83 cpus=3 t=01:03:15
# launch 23 build=A md5=637fad356151fa5463409a4dc6bfc326 facade_md5=8045c859563f90acf92a73b882358a78
# L23 build=A extension=/Users/runner/work/strata/strata/python/strata/_strata.cpython-312-darwin.so md5=637fad356151fa5463409a4dc6bfc326 load=1.78,1.76,2.79 cpus=3 t=01:03:56
# launch 24 build=A md5=637fad356151fa5463409a4dc6bfc326 facade_md5=8045c859563f90acf92a73b882358a78
# L24 build=A extension=/Users/runner/work/strata/strata/python/strata/_strata.cpython-312-darwin.so md5=637fad356151fa5463409a4dc6bfc326 load=1.85,1.78,2.75 cpus=3 t=01:04:29
# wrote ab/AA.tsv (25 of 25 launches)
# restored /Users/runner/work/strata/strata/python/strata/_strata.cpython-312-darwin.so to md5=58a5212d42820f73989f4a18358bba79
# restored facade /Users/runner/work/strata/strata/python/strata to md5=bc19225b9639128ba9fd166d5e3f1bef
