Using pip 25.0.1 from /usr/local/lib/python3.12/site-packages/pip (python 3.12)
Obtaining file:///work
  Checking if build backend supports build_editable: started
  Running command Checking if build backend supports build_editable
  Checking if build backend supports build_editable: finished with status 'done'
  Preparing editable metadata (pyproject.toml): started
  Running command Preparing editable metadata (pyproject.toml)
  running dist_info
  creating /tmp/pip-modern-metadata-ofhqe6ar/strata.egg-info
  writing /tmp/pip-modern-metadata-ofhqe6ar/strata.egg-info/PKG-INFO
  writing dependency_links to /tmp/pip-modern-metadata-ofhqe6ar/strata.egg-info/dependency_links.txt
  writing requirements to /tmp/pip-modern-metadata-ofhqe6ar/strata.egg-info/requires.txt
  writing top-level names to /tmp/pip-modern-metadata-ofhqe6ar/strata.egg-info/top_level.txt
  writing manifest file '/tmp/pip-modern-metadata-ofhqe6ar/strata.egg-info/SOURCES.txt'
  reading manifest file '/tmp/pip-modern-metadata-ofhqe6ar/strata.egg-info/SOURCES.txt'
  reading manifest template 'MANIFEST.in'
  warning: no files found matching '*.c' under directory 'src'
  warning: no files found matching '*.cc' under directory 'src'
  warning: no files found matching '*.cxx' under directory 'src'
  warning: no files found matching '*.hpp' under directory 'src'
  warning: no files found matching '*.inc' under directory 'src'
  warning: no files found matching '*.h' under directory 'tests'
  warning: no files found matching '*.hpp' under directory 'tests'
  warning: no files found matching '*.json' under directory 'tests'
  adding license file 'LICENSE'
  writing manifest file '/tmp/pip-modern-metadata-ofhqe6ar/strata.egg-info/SOURCES.txt'
  creating '/tmp/pip-modern-metadata-ofhqe6ar/strata-2026.8.10.dist-info'
  Preparing editable metadata (pyproject.toml): finished with status 'done'
Building wheels for collected packages: strata
  Building editable for strata (pyproject.toml): started
  Running command Building editable for strata (pyproject.toml)
  running editable_wheel
  creating /tmp/pip-wheel-23qbh2jm/.tmp-1d173_c7/strata.egg-info
  writing /tmp/pip-wheel-23qbh2jm/.tmp-1d173_c7/strata.egg-info/PKG-INFO
  writing dependency_links to /tmp/pip-wheel-23qbh2jm/.tmp-1d173_c7/strata.egg-info/dependency_links.txt
  writing requirements to /tmp/pip-wheel-23qbh2jm/.tmp-1d173_c7/strata.egg-info/requires.txt
  writing top-level names to /tmp/pip-wheel-23qbh2jm/.tmp-1d173_c7/strata.egg-info/top_level.txt
  writing manifest file '/tmp/pip-wheel-23qbh2jm/.tmp-1d173_c7/strata.egg-info/SOURCES.txt'
  reading manifest file '/tmp/pip-wheel-23qbh2jm/.tmp-1d173_c7/strata.egg-info/SOURCES.txt'
  reading manifest template 'MANIFEST.in'
  warning: no files found matching '*.c' under directory 'src'
  warning: no files found matching '*.cc' under directory 'src'
  warning: no files found matching '*.cxx' under directory 'src'
  warning: no files found matching '*.hpp' under directory 'src'
  warning: no files found matching '*.inc' under directory 'src'
  warning: no files found matching '*.h' under directory 'tests'
  warning: no files found matching '*.hpp' under directory 'tests'
  warning: no files found matching '*.json' under directory 'tests'
  adding license file 'LICENSE'
  writing manifest file '/tmp/pip-wheel-23qbh2jm/.tmp-1d173_c7/strata.egg-info/SOURCES.txt'
  creating '/tmp/pip-wheel-23qbh2jm/.tmp-1d173_c7/strata-2026.8.10.dist-info'
  creating /tmp/pip-wheel-23qbh2jm/.tmp-1d173_c7/strata-2026.8.10.dist-info/WHEEL
  running build_py
  running build_ext

  ======================================================================
  WARNING: SKIP_TESTS=1 — build gates disabled.
  This build is not release-ready and is not allowed in CI.
  ======================================================================

  ======================================================================
  Building the strata._strata and strata._dumps_hook extensions
  ======================================================================
  building 'strata._strata' extension
  g++ -fno-strict-overflow -Wsign-compare -DNDEBUG -g -O3 -Wall -fPIC -Iinclude -I/usr/local/include/python3.12 -I/usr/local/include/python3.12 -c src/strata/bindings/python_document.cpp -o /tmp/tmp3p2vfxrl.build-temp/src/strata/bindings/python_document.o -std=c++20 -O3 -D_LIBCPP_DISABLE_AVAILABILITY -march=native
  g++ -fno-strict-overflow -Wsign-compare -DNDEBUG -g -O3 -Wall -fPIC -Iinclude -I/usr/local/include/python3.12 -I/usr/local/include/python3.12 -c src/strata/bindings/python_dumps.cpp -o /tmp/tmp3p2vfxrl.build-temp/src/strata/bindings/python_dumps.o -std=c++20 -O3 -D_LIBCPP_DISABLE_AVAILABILITY -march=native
  g++ -fno-strict-overflow -Wsign-compare -DNDEBUG -g -O3 -Wall -fPIC -Iinclude -I/usr/local/include/python3.12 -I/usr/local/include/python3.12 -c src/strata/bindings/python_files.cpp -o /tmp/tmp3p2vfxrl.build-temp/src/strata/bindings/python_files.o -std=c++20 -O3 -D_LIBCPP_DISABLE_AVAILABILITY -march=native
  g++ -fno-strict-overflow -Wsign-compare -DNDEBUG -g -O3 -Wall -fPIC -Iinclude -I/usr/local/include/python3.12 -I/usr/local/include/python3.12 -c src/strata/bindings/python_folder.cpp -o /tmp/tmp3p2vfxrl.build-temp/src/strata/bindings/python_folder.o -std=c++20 -O3 -D_LIBCPP_DISABLE_AVAILABILITY -march=native
  g++ -fno-strict-overflow -Wsign-compare -DNDEBUG -g -O3 -Wall -fPIC -Iinclude -I/usr/local/include/python3.12 -I/usr/local/include/python3.12 -c src/strata/bindings/python_jsonpath.cpp -o /tmp/tmp3p2vfxrl.build-temp/src/strata/bindings/python_jsonpath.o -std=c++20 -O3 -D_LIBCPP_DISABLE_AVAILABILITY -march=native
  g++ -fno-strict-overflow -Wsign-compare -DNDEBUG -g -O3 -Wall -fPIC -Iinclude -I/usr/local/include/python3.12 -I/usr/local/include/python3.12 -c src/strata/bindings/python_loads.cpp -o /tmp/tmp3p2vfxrl.build-temp/src/strata/bindings/python_loads.o -std=c++20 -O3 -D_LIBCPP_DISABLE_AVAILABILITY -march=native
  g++ -fno-strict-overflow -Wsign-compare -DNDEBUG -g -O3 -Wall -fPIC -Iinclude -I/usr/local/include/python3.12 -I/usr/local/include/python3.12 -c src/strata/bindings/python_module.cpp -o /tmp/tmp3p2vfxrl.build-temp/src/strata/bindings/python_module.o -std=c++20 -O3 -D_LIBCPP_DISABLE_AVAILABILITY -march=native
  g++ -fno-strict-overflow -Wsign-compare -DNDEBUG -g -O3 -Wall -fPIC -Iinclude -I/usr/local/include/python3.12 -I/usr/local/include/python3.12 -c src/strata/bindings/python_native_types.cpp -o /tmp/tmp3p2vfxrl.build-temp/src/strata/bindings/python_native_types.o -std=c++20 -O3 -D_LIBCPP_DISABLE_AVAILABILITY -march=native
  g++ -fno-strict-overflow -Wsign-compare -DNDEBUG -g -O3 -Wall -fPIC -Iinclude -I/usr/local/include/python3.12 -I/usr/local/include/python3.12 -c src/strata/bindings/python_ndjson.cpp -o /tmp/tmp3p2vfxrl.build-temp/src/strata/bindings/python_ndjson.o -std=c++20 -O3 -D_LIBCPP_DISABLE_AVAILABILITY -march=native
  g++ -fno-strict-overflow -Wsign-compare -DNDEBUG -g -O3 -Wall -fPIC -Iinclude -I/usr/local/include/python3.12 -I/usr/local/include/python3.12 -c src/strata/bindings/python_numpy_twins.cpp -o /tmp/tmp3p2vfxrl.build-temp/src/strata/bindings/python_numpy_twins.o -std=c++20 -O3 -D_LIBCPP_DISABLE_AVAILABILITY -march=native
  g++ -fno-strict-overflow -Wsign-compare -DNDEBUG -g -O3 -Wall -fPIC -Iinclude -I/usr/local/include/python3.12 -I/usr/local/include/python3.12 -c src/strata/bindings/python_parse_types.cpp -o /tmp/tmp3p2vfxrl.build-temp/src/strata/bindings/python_parse_types.o -std=c++20 -O3 -D_LIBCPP_DISABLE_AVAILABILITY -march=native
  g++ -fno-strict-overflow -Wsign-compare -DNDEBUG -g -O3 -Wall -fPIC -Iinclude -I/usr/local/include/python3.12 -I/usr/local/include/python3.12 -c src/strata/bindings/python_parse_types_walk.cpp -o /tmp/tmp3p2vfxrl.build-temp/src/strata/bindings/python_parse_types_walk.o -std=c++20 -O3 -D_LIBCPP_DISABLE_AVAILABILITY -march=native
  g++ -fno-strict-overflow -Wsign-compare -DNDEBUG -g -O3 -Wall -fPIC -Iinclude -I/usr/local/include/python3.12 -I/usr/local/include/python3.12 -c src/strata/json/json_cursor.cpp -o /tmp/tmp3p2vfxrl.build-temp/src/strata/json/json_cursor.o -std=c++20 -O3 -D_LIBCPP_DISABLE_AVAILABILITY -march=native
  g++ -fno-strict-overflow -Wsign-compare -DNDEBUG -g -O3 -Wall -fPIC -Iinclude -I/usr/local/include/python3.12 -I/usr/local/include/python3.12 -c src/strata/json/json_document.cpp -o /tmp/tmp3p2vfxrl.build-temp/src/strata/json/json_document.o -std=c++20 -O3 -D_LIBCPP_DISABLE_AVAILABILITY -march=native
  g++ -fno-strict-overflow -Wsign-compare -DNDEBUG -g -O3 -Wall -fPIC -Iinclude -I/usr/local/include/python3.12 -I/usr/local/include/python3.12 -c src/strata/json/json_parse.cpp -o /tmp/tmp3p2vfxrl.build-temp/src/strata/json/json_parse.o -std=c++20 -O3 -D_LIBCPP_DISABLE_AVAILABILITY -march=native
  g++ -fno-strict-overflow -Wsign-compare -DNDEBUG -g -O3 -Wall -fPIC -Iinclude -I/usr/local/include/python3.12 -I/usr/local/include/python3.12 -c src/strata/json/json_serialize.cpp -o /tmp/tmp3p2vfxrl.build-temp/src/strata/json/json_serialize.o -std=c++20 -O3 -D_LIBCPP_DISABLE_AVAILABILITY -march=native
  g++ -fno-strict-overflow -Wsign-compare -DNDEBUG -g -O3 -Wall -fPIC -Iinclude -I/usr/local/include/python3.12 -I/usr/local/include/python3.12 -c src/strata/json/ndjson_stream.cpp -o /tmp/tmp3p2vfxrl.build-temp/src/strata/json/ndjson_stream.o -std=c++20 -O3 -D_LIBCPP_DISABLE_AVAILABILITY -march=native
  g++ -fno-strict-overflow -Wsign-compare -DNDEBUG -g -O3 -Wall -fPIC -Iinclude -I/usr/local/include/python3.12 -I/usr/local/include/python3.12 -c src/strata/search/jsonpath_compile.cpp -o /tmp/tmp3p2vfxrl.build-temp/src/strata/search/jsonpath_compile.o -std=c++20 -O3 -D_LIBCPP_DISABLE_AVAILABILITY -march=native
  g++ -fno-strict-overflow -Wsign-compare -DNDEBUG -g -O3 -Wall -fPIC -Iinclude -I/usr/local/include/python3.12 -I/usr/local/include/python3.12 -c src/strata/search/jsonpath_eval.cpp -o /tmp/tmp3p2vfxrl.build-temp/src/strata/search/jsonpath_eval.o -std=c++20 -O3 -D_LIBCPP_DISABLE_AVAILABILITY -march=native
  g++ -fno-strict-overflow -Wsign-compare -DNDEBUG -g -O3 -Wall -fPIC -Iinclude -I/usr/local/include/python3.12 -I/usr/local/include/python3.12 -c src/strata/util/dtoa.cpp -o /tmp/tmp3p2vfxrl.build-temp/src/strata/util/dtoa.o -std=c++20 -O3 -D_LIBCPP_DISABLE_AVAILABILITY -march=native
  g++ -fno-strict-overflow -Wsign-compare -DNDEBUG -g -O3 -Wall -fPIC -Iinclude -I/usr/local/include/python3.12 -I/usr/local/include/python3.12 -c src/strata/util/folder.cpp -o /tmp/tmp3p2vfxrl.build-temp/src/strata/util/folder.o -std=c++20 -O3 -D_LIBCPP_DISABLE_AVAILABILITY -march=native
  g++ -fno-strict-overflow -Wsign-compare -DNDEBUG -g -O3 -Wall -fPIC -Iinclude -I/usr/local/include/python3.12 -I/usr/local/include/python3.12 -c src/strata/util/scan.cpp -o /tmp/tmp3p2vfxrl.build-temp/src/strata/util/scan.o -std=c++20 -O3 -D_LIBCPP_DISABLE_AVAILABILITY -march=native
  g++ -fno-strict-overflow -Wsign-compare -DNDEBUG -g -O3 -Wall -fPIC -Iinclude -I/usr/local/include/python3.12 -I/usr/local/include/python3.12 -c src/strata/util/temporal.cpp -o /tmp/tmp3p2vfxrl.build-temp/src/strata/util/temporal.o -std=c++20 -O3 -D_LIBCPP_DISABLE_AVAILABILITY -march=native
  g++ -fno-strict-overflow -Wsign-compare -DNDEBUG -g -O3 -Wall -shared /tmp/tmp3p2vfxrl.build-temp/src/strata/bindings/python_document.o /tmp/tmp3p2vfxrl.build-temp/src/strata/bindings/python_dumps.o /tmp/tmp3p2vfxrl.build-temp/src/strata/bindings/python_files.o /tmp/tmp3p2vfxrl.build-temp/src/strata/bindings/python_folder.o /tmp/tmp3p2vfxrl.build-temp/src/strata/bindings/python_jsonpath.o /tmp/tmp3p2vfxrl.build-temp/src/strata/bindings/python_loads.o /tmp/tmp3p2vfxrl.build-temp/src/strata/bindings/python_module.o /tmp/tmp3p2vfxrl.build-temp/src/strata/bindings/python_native_types.o /tmp/tmp3p2vfxrl.build-temp/src/strata/bindings/python_ndjson.o /tmp/tmp3p2vfxrl.build-temp/src/strata/bindings/python_numpy_twins.o /tmp/tmp3p2vfxrl.build-temp/src/strata/bindings/python_parse_types.o /tmp/tmp3p2vfxrl.build-temp/src/strata/bindings/python_parse_types_walk.o /tmp/tmp3p2vfxrl.build-temp/src/strata/json/json_cursor.o /tmp/tmp3p2vfxrl.build-temp/src/strata/json/json_document.o /tmp/tmp3p2vfxrl.build-temp/src/strata/json/json_parse.o /tmp/tmp3p2vfxrl.build-temp/src/strata/json/json_serialize.o /tmp/tmp3p2vfxrl.build-temp/src/strata/json/ndjson_stream.o /tmp/tmp3p2vfxrl.build-temp/src/strata/search/jsonpath_compile.o /tmp/tmp3p2vfxrl.build-temp/src/strata/search/jsonpath_eval.o /tmp/tmp3p2vfxrl.build-temp/src/strata/util/dtoa.o /tmp/tmp3p2vfxrl.build-temp/src/strata/util/folder.o /tmp/tmp3p2vfxrl.build-temp/src/strata/util/scan.o /tmp/tmp3p2vfxrl.build-temp/src/strata/util/temporal.o -L/usr/local/lib -o /tmp/tmpxs8xygoz.build-lib/strata/_strata.cpython-312-aarch64-linux-gnu.so
  building 'strata._dumps_hook' extension
  g++ -fno-strict-overflow -Wsign-compare -DNDEBUG -g -O3 -Wall -fPIC -Iinclude -I/usr/local/include/python3.12 -I/usr/local/include/python3.12 -c src/strata/bindings/python_dumps_hook.cpp -o /tmp/tmp3p2vfxrl.build-temp/strata._dumps_hook/src/strata/bindings/python_dumps_hook.o -std=c++20 -O3 -D_LIBCPP_DISABLE_AVAILABILITY -march=native -ffunction-sections -fdata-sections -fvisibility=hidden
  g++ -fno-strict-overflow -Wsign-compare -DNDEBUG -g -O3 -Wall -fPIC -Iinclude -I/usr/local/include/python3.12 -I/usr/local/include/python3.12 -c src/strata/bindings/python_native_types.cpp -o /tmp/tmp3p2vfxrl.build-temp/strata._dumps_hook/src/strata/bindings/python_native_types.o -std=c++20 -O3 -D_LIBCPP_DISABLE_AVAILABILITY -march=native -ffunction-sections -fdata-sections -fvisibility=hidden
  g++ -fno-strict-overflow -Wsign-compare -DNDEBUG -g -O3 -Wall -fPIC -Iinclude -I/usr/local/include/python3.12 -I/usr/local/include/python3.12 -c src/strata/bindings/python_numpy_twins.cpp -o /tmp/tmp3p2vfxrl.build-temp/strata._dumps_hook/src/strata/bindings/python_numpy_twins.o -std=c++20 -O3 -D_LIBCPP_DISABLE_AVAILABILITY -march=native -ffunction-sections -fdata-sections -fvisibility=hidden
  g++ -fno-strict-overflow -Wsign-compare -DNDEBUG -g -O3 -Wall -fPIC -Iinclude -I/usr/local/include/python3.12 -I/usr/local/include/python3.12 -c src/strata/json/json_cursor.cpp -o /tmp/tmp3p2vfxrl.build-temp/strata._dumps_hook/src/strata/json/json_cursor.o -std=c++20 -O3 -D_LIBCPP_DISABLE_AVAILABILITY -march=native -ffunction-sections -fdata-sections -fvisibility=hidden
  g++ -fno-strict-overflow -Wsign-compare -DNDEBUG -g -O3 -Wall -fPIC -Iinclude -I/usr/local/include/python3.12 -I/usr/local/include/python3.12 -c src/strata/json/json_document.cpp -o /tmp/tmp3p2vfxrl.build-temp/strata._dumps_hook/src/strata/json/json_document.o -std=c++20 -O3 -D_LIBCPP_DISABLE_AVAILABILITY -march=native -ffunction-sections -fdata-sections -fvisibility=hidden
  g++ -fno-strict-overflow -Wsign-compare -DNDEBUG -g -O3 -Wall -fPIC -Iinclude -I/usr/local/include/python3.12 -I/usr/local/include/python3.12 -c src/strata/json/json_parse.cpp -o /tmp/tmp3p2vfxrl.build-temp/strata._dumps_hook/src/strata/json/json_parse.o -std=c++20 -O3 -D_LIBCPP_DISABLE_AVAILABILITY -march=native -ffunction-sections -fdata-sections -fvisibility=hidden
  g++ -fno-strict-overflow -Wsign-compare -DNDEBUG -g -O3 -Wall -fPIC -Iinclude -I/usr/local/include/python3.12 -I/usr/local/include/python3.12 -c src/strata/json/json_serialize.cpp -o /tmp/tmp3p2vfxrl.build-temp/strata._dumps_hook/src/strata/json/json_serialize.o -std=c++20 -O3 -D_LIBCPP_DISABLE_AVAILABILITY -march=native -ffunction-sections -fdata-sections -fvisibility=hidden
  g++ -fno-strict-overflow -Wsign-compare -DNDEBUG -g -O3 -Wall -fPIC -Iinclude -I/usr/local/include/python3.12 -I/usr/local/include/python3.12 -c src/strata/json/ndjson_stream.cpp -o /tmp/tmp3p2vfxrl.build-temp/strata._dumps_hook/src/strata/json/ndjson_stream.o -std=c++20 -O3 -D_LIBCPP_DISABLE_AVAILABILITY -march=native -ffunction-sections -fdata-sections -fvisibility=hidden
  g++ -fno-strict-overflow -Wsign-compare -DNDEBUG -g -O3 -Wall -fPIC -Iinclude -I/usr/local/include/python3.12 -I/usr/local/include/python3.12 -c src/strata/search/jsonpath_compile.cpp -o /tmp/tmp3p2vfxrl.build-temp/strata._dumps_hook/src/strata/search/jsonpath_compile.o -std=c++20 -O3 -D_LIBCPP_DISABLE_AVAILABILITY -march=native -ffunction-sections -fdata-sections -fvisibility=hidden
  g++ -fno-strict-overflow -Wsign-compare -DNDEBUG -g -O3 -Wall -fPIC -Iinclude -I/usr/local/include/python3.12 -I/usr/local/include/python3.12 -c src/strata/search/jsonpath_eval.cpp -o /tmp/tmp3p2vfxrl.build-temp/strata._dumps_hook/src/strata/search/jsonpath_eval.o -std=c++20 -O3 -D_LIBCPP_DISABLE_AVAILABILITY -march=native -ffunction-sections -fdata-sections -fvisibility=hidden
  g++ -fno-strict-overflow -Wsign-compare -DNDEBUG -g -O3 -Wall -fPIC -Iinclude -I/usr/local/include/python3.12 -I/usr/local/include/python3.12 -c src/strata/util/dtoa.cpp -o /tmp/tmp3p2vfxrl.build-temp/strata._dumps_hook/src/strata/util/dtoa.o -std=c++20 -O3 -D_LIBCPP_DISABLE_AVAILABILITY -march=native -ffunction-sections -fdata-sections -fvisibility=hidden
  g++ -fno-strict-overflow -Wsign-compare -DNDEBUG -g -O3 -Wall -fPIC -Iinclude -I/usr/local/include/python3.12 -I/usr/local/include/python3.12 -c src/strata/util/folder.cpp -o /tmp/tmp3p2vfxrl.build-temp/strata._dumps_hook/src/strata/util/folder.o -std=c++20 -O3 -D_LIBCPP_DISABLE_AVAILABILITY -march=native -ffunction-sections -fdata-sections -fvisibility=hidden
  g++ -fno-strict-overflow -Wsign-compare -DNDEBUG -g -O3 -Wall -fPIC -Iinclude -I/usr/local/include/python3.12 -I/usr/local/include/python3.12 -c src/strata/util/scan.cpp -o /tmp/tmp3p2vfxrl.build-temp/strata._dumps_hook/src/strata/util/scan.o -std=c++20 -O3 -D_LIBCPP_DISABLE_AVAILABILITY -march=native -ffunction-sections -fdata-sections -fvisibility=hidden
  g++ -fno-strict-overflow -Wsign-compare -DNDEBUG -g -O3 -Wall -fPIC -Iinclude -I/usr/local/include/python3.12 -I/usr/local/include/python3.12 -c src/strata/util/temporal.cpp -o /tmp/tmp3p2vfxrl.build-temp/strata._dumps_hook/src/strata/util/temporal.o -std=c++20 -O3 -D_LIBCPP_DISABLE_AVAILABILITY -march=native -ffunction-sections -fdata-sections -fvisibility=hidden
  g++ -fno-strict-overflow -Wsign-compare -DNDEBUG -g -O3 -Wall -shared /tmp/tmp3p2vfxrl.build-temp/strata._dumps_hook/src/strata/bindings/python_dumps_hook.o /tmp/tmp3p2vfxrl.build-temp/strata._dumps_hook/src/strata/bindings/python_native_types.o /tmp/tmp3p2vfxrl.build-temp/strata._dumps_hook/src/strata/bindings/python_numpy_twins.o /tmp/tmp3p2vfxrl.build-temp/strata._dumps_hook/src/strata/json/json_cursor.o /tmp/tmp3p2vfxrl.build-temp/strata._dumps_hook/src/strata/json/json_document.o /tmp/tmp3p2vfxrl.build-temp/strata._dumps_hook/src/strata/json/json_parse.o /tmp/tmp3p2vfxrl.build-temp/strata._dumps_hook/src/strata/json/json_serialize.o /tmp/tmp3p2vfxrl.build-temp/strata._dumps_hook/src/strata/json/ndjson_stream.o /tmp/tmp3p2vfxrl.build-temp/strata._dumps_hook/src/strata/search/jsonpath_compile.o /tmp/tmp3p2vfxrl.build-temp/strata._dumps_hook/src/strata/search/jsonpath_eval.o /tmp/tmp3p2vfxrl.build-temp/strata._dumps_hook/src/strata/util/dtoa.o /tmp/tmp3p2vfxrl.build-temp/strata._dumps_hook/src/strata/util/folder.o /tmp/tmp3p2vfxrl.build-temp/strata._dumps_hook/src/strata/util/scan.o /tmp/tmp3p2vfxrl.build-temp/strata._dumps_hook/src/strata/util/temporal.o -L/usr/local/lib -o /tmp/tmpxs8xygoz.build-lib/strata/_dumps_hook.cpython-312-aarch64-linux-gnu.so -Wl,--gc-sections
  copying /tmp/tmpxs8xygoz.build-lib/strata/_strata.cpython-312-aarch64-linux-gnu.so -> python/strata
  copying /tmp/tmpxs8xygoz.build-lib/strata/_dumps_hook.cpython-312-aarch64-linux-gnu.so -> python/strata
  running egg_info
  creating /tmp/tmp3p2vfxrl.build-temp/strata.egg-info
  writing /tmp/tmp3p2vfxrl.build-temp/strata.egg-info/PKG-INFO
  writing dependency_links to /tmp/tmp3p2vfxrl.build-temp/strata.egg-info/dependency_links.txt
  writing requirements to /tmp/tmp3p2vfxrl.build-temp/strata.egg-info/requires.txt
  writing top-level names to /tmp/tmp3p2vfxrl.build-temp/strata.egg-info/top_level.txt
  writing manifest file '/tmp/tmp3p2vfxrl.build-temp/strata.egg-info/SOURCES.txt'
  reading manifest file '/tmp/tmp3p2vfxrl.build-temp/strata.egg-info/SOURCES.txt'
  reading manifest template 'MANIFEST.in'
  warning: no files found matching '*.c' under directory 'src'
  warning: no files found matching '*.cc' under directory 'src'
  warning: no files found matching '*.cxx' under directory 'src'
  warning: no files found matching '*.hpp' under directory 'src'
  warning: no files found matching '*.inc' under directory 'src'
  warning: no files found matching '*.h' under directory 'tests'
  warning: no files found matching '*.hpp' under directory 'tests'
  warning: no files found matching '*.json' under directory 'tests'
  adding license file 'LICENSE'
  writing manifest file '/tmp/tmp3p2vfxrl.build-temp/strata.egg-info/SOURCES.txt'

          Editable install will be performed using .pth file to extend `sys.path` with:
          ['python']

  Options like `package-data`, `include/exclude-package-data` or
  `packages.find.exclude/include` may have no effect.

  adding '__editable__.strata-2026.8.10.pth'
  creating '/tmp/pip-wheel-23qbh2jm/.tmp-1d173_c7/strata-2026.8.10-0.editable-cp312-cp312-linux_aarch64.whl' and adding '/tmp/tmp29vhq93vstrata-2026.8.10-0.editable-cp312-cp312-linux_aarch64.whl' to it
  adding 'strata-2026.8.10.dist-info/licenses/LICENSE'
  adding 'strata-2026.8.10.dist-info/METADATA'
  adding 'strata-2026.8.10.dist-info/WHEEL'
  adding 'strata-2026.8.10.dist-info/top_level.txt'
  adding 'strata-2026.8.10.dist-info/RECORD'
  Building editable for strata (pyproject.toml): finished with status 'done'
  Created wheel for strata: filename=strata-2026.8.10-0.editable-cp312-cp312-linux_aarch64.whl size=4348 sha256=bc4e17582df7d7f3a6bd2b50c73180d0bd270f7f2051747d1429e1d16c77e848
  Stored in directory: /tmp/pip-ephem-wheel-cache-d6dgemq_/wheels/c3/be/f9/d4edc8a6a5fc130baa8821785099dbd6f21e4c903787b290b5
Successfully built strata
Installing collected packages: strata
Successfully installed strata-2026.8.10

[notice] A new release of pip is available: 25.0.1 -> 26.2.1
[notice] To update, run: pip install --upgrade pip
