PYTHONPATH=. .venv/bin/python benchmarks/ab_rows.py \
		--build A=/Users/borysbardysh/PycharmProjects/PrimeLabFoundation/strata/build/evidence/M15/armA/_strata.cpython-314-darwin.so --build B=/Users/borysbardysh/PycharmProjects/PrimeLabFoundation/strata/build/evidence/M15/armA2/_strata.cpython-314-darwin.so \
		--target /Users/borysbardysh/worktrees/strata/main-pgo/python/strata/_strata.cpython-314-darwin.so \
		--out /Users/borysbardysh/PycharmProjects/PrimeLabFoundation/strata/build/evidence/M15/attr/aa_s1.tsv --row small:flat:dumps --row small:flat:dump --row small:users:dumps --row medium:users:dumps --row small:users:loads --blocks 6 --repeat 60
# target   /Users/borysbardysh/worktrees/strata/main-pgo/python/strata/_strata.cpython-314-darwin.so
# build A  /Users/borysbardysh/PycharmProjects/PrimeLabFoundation/strata/build/evidence/M15/armA/_strata.cpython-314-darwin.so  md5=1609bb3e318d8f9e2c552fa4675795f2
# build B  /Users/borysbardysh/PycharmProjects/PrimeLabFoundation/strata/build/evidence/M15/armA2/_strata.cpython-314-darwin.so  md5=800e32c62dc8a5c05de7912d938268eb
# order    ABBAABBAABBAABBAABBAABBAA (25 launches)
# rows     small:flat:dumps small:flat:dump small:users:dumps medium:users:dumps small:users:loads  repeat=60
# launch 00 build=A md5=1609bb3e318d8f9e2c552fa4675795f2
# L00 build=A extension=/Users/borysbardysh/worktrees/strata/main-pgo/python/strata/_strata.cpython-314-darwin.so md5=1609bb3e318d8f9e2c552fa4675795f2 load=2.44,2.64,2.69 cpus=10 t=01:01:17
# launch 01 build=B md5=800e32c62dc8a5c05de7912d938268eb
# L01 build=B extension=/Users/borysbardysh/worktrees/strata/main-pgo/python/strata/_strata.cpython-314-darwin.so md5=800e32c62dc8a5c05de7912d938268eb load=2.22,2.58,2.67 cpus=10 t=01:01:30
# launch 02 build=B md5=800e32c62dc8a5c05de7912d938268eb
# L02 build=B extension=/Users/borysbardysh/worktrees/strata/main-pgo/python/strata/_strata.cpython-314-darwin.so md5=800e32c62dc8a5c05de7912d938268eb load=2.71,2.67,2.70 cpus=10 t=01:01:43
# launch 03 build=A md5=1609bb3e318d8f9e2c552fa4675795f2
# L03 build=A extension=/Users/borysbardysh/worktrees/strata/main-pgo/python/strata/_strata.cpython-314-darwin.so md5=1609bb3e318d8f9e2c552fa4675795f2 load=2.59,2.65,2.69 cpus=10 t=01:01:57
# launch 04 build=A md5=1609bb3e318d8f9e2c552fa4675795f2
# L04 build=A extension=/Users/borysbardysh/worktrees/strata/main-pgo/python/strata/_strata.cpython-314-darwin.so md5=1609bb3e318d8f9e2c552fa4675795f2 load=2.71,2.67,2.70 cpus=10 t=01:02:10
# launch 05 build=B md5=800e32c62dc8a5c05de7912d938268eb
# L05 build=B extension=/Users/borysbardysh/worktrees/strata/main-pgo/python/strata/_strata.cpython-314-darwin.so md5=800e32c62dc8a5c05de7912d938268eb load=3.02,2.73,2.72 cpus=10 t=01:02:24
# launch 06 build=B md5=800e32c62dc8a5c05de7912d938268eb
# L06 build=B extension=/Users/borysbardysh/worktrees/strata/main-pgo/python/strata/_strata.cpython-314-darwin.so md5=800e32c62dc8a5c05de7912d938268eb load=3.01,2.74,2.72 cpus=10 t=01:02:39
# launch 07 build=A md5=1609bb3e318d8f9e2c552fa4675795f2
# L07 build=A extension=/Users/borysbardysh/worktrees/strata/main-pgo/python/strata/_strata.cpython-314-darwin.so md5=1609bb3e318d8f9e2c552fa4675795f2 load=2.79,2.71,2.71 cpus=10 t=01:02:53
# launch 08 build=A md5=1609bb3e318d8f9e2c552fa4675795f2
# L08 build=A extension=/Users/borysbardysh/worktrees/strata/main-pgo/python/strata/_strata.cpython-314-darwin.so md5=1609bb3e318d8f9e2c552fa4675795f2 load=3.42,2.85,2.76 cpus=10 t=01:03:08
# launch 09 build=B md5=800e32c62dc8a5c05de7912d938268eb
# L09 build=B extension=/Users/borysbardysh/worktrees/strata/main-pgo/python/strata/_strata.cpython-314-darwin.so md5=800e32c62dc8a5c05de7912d938268eb load=3.56,2.91,2.78 cpus=10 t=01:03:26
# launch 10 build=B md5=800e32c62dc8a5c05de7912d938268eb
# L10 build=B extension=/Users/borysbardysh/worktrees/strata/main-pgo/python/strata/_strata.cpython-314-darwin.so md5=800e32c62dc8a5c05de7912d938268eb load=3.56,2.96,2.80 cpus=10 t=01:03:43
# launch 11 build=A md5=1609bb3e318d8f9e2c552fa4675795f2
# L11 build=A extension=/Users/borysbardysh/worktrees/strata/main-pgo/python/strata/_strata.cpython-314-darwin.so md5=1609bb3e318d8f9e2c552fa4675795f2 load=3.52,2.98,2.81 cpus=10 t=01:04:00
# launch 12 build=A md5=1609bb3e318d8f9e2c552fa4675795f2
# L12 build=A extension=/Users/borysbardysh/worktrees/strata/main-pgo/python/strata/_strata.cpython-314-darwin.so md5=1609bb3e318d8f9e2c552fa4675795f2 load=3.59,3.02,2.83 cpus=10 t=01:04:18
# launch 13 build=B md5=800e32c62dc8a5c05de7912d938268eb
# L13 build=B extension=/Users/borysbardysh/worktrees/strata/main-pgo/python/strata/_strata.cpython-314-darwin.so md5=800e32c62dc8a5c05de7912d938268eb load=4.48,3.24,2.91 cpus=10 t=01:04:34
# launch 14 build=B md5=800e32c62dc8a5c05de7912d938268eb
# L14 build=B extension=/Users/borysbardysh/worktrees/strata/main-pgo/python/strata/_strata.cpython-314-darwin.so md5=800e32c62dc8a5c05de7912d938268eb load=4.02,3.19,2.90 cpus=10 t=01:04:51
# launch 15 build=A md5=1609bb3e318d8f9e2c552fa4675795f2
# L15 build=A extension=/Users/borysbardysh/worktrees/strata/main-pgo/python/strata/_strata.cpython-314-darwin.so md5=1609bb3e318d8f9e2c552fa4675795f2 load=3.82,3.20,2.91 cpus=10 t=01:05:08
# launch 16 build=A md5=1609bb3e318d8f9e2c552fa4675795f2
# L16 build=A extension=/Users/borysbardysh/worktrees/strata/main-pgo/python/strata/_strata.cpython-314-darwin.so md5=1609bb3e318d8f9e2c552fa4675795f2 load=3.85,3.24,2.93 cpus=10 t=01:05:25
# launch 17 build=B md5=800e32c62dc8a5c05de7912d938268eb
# L17 build=B extension=/Users/borysbardysh/worktrees/strata/main-pgo/python/strata/_strata.cpython-314-darwin.so md5=800e32c62dc8a5c05de7912d938268eb load=3.81,3.26,2.94 cpus=10 t=01:05:41
# launch 18 build=B md5=800e32c62dc8a5c05de7912d938268eb
# L18 build=B extension=/Users/borysbardysh/worktrees/strata/main-pgo/python/strata/_strata.cpython-314-darwin.so md5=800e32c62dc8a5c05de7912d938268eb load=4.09,3.35,2.98 cpus=10 t=01:05:59
# launch 19 build=A md5=1609bb3e318d8f9e2c552fa4675795f2
# L19 build=A extension=/Users/borysbardysh/worktrees/strata/main-pgo/python/strata/_strata.cpython-314-darwin.so md5=1609bb3e318d8f9e2c552fa4675795f2 load=4.77,3.53,3.05 cpus=10 t=01:06:17
# launch 20 build=A md5=1609bb3e318d8f9e2c552fa4675795f2
# L20 build=A extension=/Users/borysbardysh/worktrees/strata/main-pgo/python/strata/_strata.cpython-314-darwin.so md5=1609bb3e318d8f9e2c552fa4675795f2 load=4.46,3.54,3.07 cpus=10 t=01:06:33
# launch 21 build=B md5=800e32c62dc8a5c05de7912d938268eb
# L21 build=B extension=/Users/borysbardysh/worktrees/strata/main-pgo/python/strata/_strata.cpython-314-darwin.so md5=800e32c62dc8a5c05de7912d938268eb load=4.60,3.63,3.10 cpus=10 t=01:06:50
# launch 22 build=B md5=800e32c62dc8a5c05de7912d938268eb
# L22 build=B extension=/Users/borysbardysh/worktrees/strata/main-pgo/python/strata/_strata.cpython-314-darwin.so md5=800e32c62dc8a5c05de7912d938268eb load=4.69,3.72,3.15 cpus=10 t=01:07:08
# launch 23 build=A md5=1609bb3e318d8f9e2c552fa4675795f2
# L23 build=A extension=/Users/borysbardysh/worktrees/strata/main-pgo/python/strata/_strata.cpython-314-darwin.so md5=1609bb3e318d8f9e2c552fa4675795f2 load=4.60,3.74,3.17 cpus=10 t=01:07:25
# launch 24 build=A md5=1609bb3e318d8f9e2c552fa4675795f2
# L24 build=A extension=/Users/borysbardysh/worktrees/strata/main-pgo/python/strata/_strata.cpython-314-darwin.so md5=1609bb3e318d8f9e2c552fa4675795f2 load=5.05,3.89,3.23 cpus=10 t=01:07:41
# wrote /Users/borysbardysh/PycharmProjects/PrimeLabFoundation/strata/build/evidence/M15/attr/aa_s1.tsv (25 of 25 launches)
# restored /Users/borysbardysh/worktrees/strata/main-pgo/python/strata/_strata.cpython-314-darwin.so to md5=800e32c62dc8a5c05de7912d938268eb
== launch medians (ms)
row/engine                    L00:A       L01:B       L02:B       L03:A       L04:A       L05:B       L06:B       L07:A       L08:A       L09:B       L10:B       L11:A       L12:A       L13:B       L14:B       L15:A       L16:A       L17:B       L18:B       L19:A       L20:A       L21:B       L22:B       L23:A       L24:A       
md-users-dumps orjson-bytes   14.0753    14.1008    14.0195    14.0391    14.1250    14.2288    14.2979    14.3499    14.4211    14.5464    14.3191    14.4658    14.3233    14.3085    14.4824    14.2447    14.1796    14.6252    14.5953    14.1344    14.3822    14.4090    14.3622    14.0871    14.4180    
md-users-dumps orjson-dump    -          -          -          -          -          -          -          -          -          -          -          -          -          -          -          -          -          -          -          -          -          -          -          -          -          
md-users-dumps orjson-loads   -          -          -          -          -          -          -          -          -          -          -          -          -          -          -          -          -          -          -          -          -          -          -          -          -          
md-users-dumps strata-bytes   8.0045     8.0176     8.0319     7.9836     8.2370     8.2151     8.1072     8.1835     8.2949     8.4132     8.2666     8.3518     8.1411     8.1449     8.2359     8.0905     8.0985     8.3522     8.3850     7.9971     8.3199     8.2219     8.2481     8.0079     8.3486     
md-users-dumps strata-dump    -          -          -          -          -          -          -          -          -          -          -          -          -          -          -          -          -          -          -          -          -          -          -          -          -          
md-users-dumps strata-loads   -          -          -          -          -          -          -          -          -          -          -          -          -          -          -          -          -          -          -          -          -          -          -          -          -          
md-users-dumps strata-str     9.6398     9.7206     9.6858     9.7262     9.9553     9.8997     9.9535     9.9344     9.8703     9.8955     10.0344    10.0808    9.7034     9.9039     9.8969     9.7432     10.0566    10.0594    10.2276    10.0260    9.9213     10.1065    10.1724    9.9823     10.2309    
sm-flat-dump orjson-bytes     -          -          -          -          -          -          -          -          -          -          -          -          -          -          -          -          -          -          -          -          -          -          -          -          -          
sm-flat-dump orjson-dump      0.3492     0.3836     0.3399     0.3624     0.3608     0.3825     0.3876     0.3545     0.4294     0.4228     0.6805     0.4194     0.4000     0.4072     0.3804     0.3810     0.4231     0.3850     0.3740     0.4411     0.4392     0.3784     0.3988     0.4241     0.3656     
sm-flat-dump orjson-loads     -          -          -          -          -          -          -          -          -          -          -          -          -          -          -          -          -          -          -          -          -          -          -          -          -          
sm-flat-dump strata-bytes     -          -          -          -          -          -          -          -          -          -          -          -          -          -          -          -          -          -          -          -          -          -          -          -          -          
sm-flat-dump strata-dump      0.3022     0.3221     0.2841     0.3036     0.3106     0.3188     0.3220     0.2996     0.3700     0.3776     0.6426     0.3584     0.3412     0.3388     0.3353     0.3140     0.3581     0.3230     0.3108     0.3532     0.3530     0.3197     0.3402     0.3511     0.3283     
sm-flat-dump strata-loads     -          -          -          -          -          -          -          -          -          -          -          -          -          -          -          -          -          -          -          -          -          -          -          -          -          
sm-flat-dump strata-str       -          -          -          -          -          -          -          -          -          -          -          -          -          -          -          -          -          -          -          -          -          -          -          -          -          
sm-flat-dumps orjson-bytes    0.2245     0.2244     0.2286     0.2251     0.2269     0.2318     0.2267     0.2270     0.2339     0.2283     0.2320     0.2324     0.2268     0.2277     0.2316     0.2307     0.2293     0.2272     0.2272     0.2304     0.2308     0.2303     0.2288     0.2314     0.2262     
sm-flat-dumps orjson-dump     -          -          -          -          -          -          -          -          -          -          -          -          -          -          -          -          -          -          -          -          -          -          -          -          -          
sm-flat-dumps orjson-loads    -          -          -          -          -          -          -          -          -          -          -          -          -          -          -          -          -          -          -          -          -          -          -          -          -          
sm-flat-dumps strata-bytes    0.1748     0.1755     0.1783     0.1739     0.1759     0.1808     0.1768     0.1747     0.1790     0.1775     0.1788     0.1792     0.1766     0.1767     0.1782     0.1764     0.1773     0.1784     0.1753     0.1771     0.1776     0.1775     0.1790     0.1790     0.1763     
sm-flat-dumps strata-dump     -          -          -          -          -          -          -          -          -          -          -          -          -          -          -          -          -          -          -          -          -          -          -          -          -          
sm-flat-dumps strata-loads    -          -          -          -          -          -          -          -          -          -          -          -          -          -          -          -          -          -          -          -          -          -          -          -          -          
sm-flat-dumps strata-str      0.1926     0.1937     0.1977     0.1915     0.1937     0.1979     0.1956     0.1930     0.2002     0.1954     0.1990     0.2018     0.1952     0.1947     0.1978     0.1948     0.1974     0.1969     0.1929     0.1973     0.1976     0.1981     0.1963     0.1976     0.1945     
sm-users-dumps orjson-bytes   2.0511     1.9945     1.9954     1.9935     1.9934     2.0240     2.0065     2.0257     2.0377     2.0375     2.0248     2.0393     2.0351     2.0494     2.0238     2.0445     2.0209     2.0325     2.0771     2.0562     2.0372     2.0344     2.0300     2.0254     2.0273     
sm-users-dumps orjson-dump    -          -          -          -          -          -          -          -          -          -          -          -          -          -          -          -          -          -          -          -          -          -          -          -          -          
sm-users-dumps orjson-loads   -          -          -          -          -          -          -          -          -          -          -          -          -          -          -          -          -          -          -          -          -          -          -          -          -          
sm-users-dumps strata-bytes   1.3096     1.2843     1.2852     1.2782     1.2816     1.3035     1.2796     1.2913     1.3137     1.3081     1.2991     1.3017     1.3186     1.3131     1.3064     1.3090     1.3017     1.3045     1.3166     1.3190     1.3197     1.3074     1.3128     1.3092     1.3225     
sm-users-dumps strata-dump    -          -          -          -          -          -          -          -          -          -          -          -          -          -          -          -          -          -          -          -          -          -          -          -          -          
sm-users-dumps strata-loads   -          -          -          -          -          -          -          -          -          -          -          -          -          -          -          -          -          -          -          -          -          -          -          -          -          
sm-users-dumps strata-str     1.4541     1.4143     1.4110     1.4111     1.4113     1.4495     1.4223     1.4642     1.4693     1.4790     1.4558     1.4574     1.4681     1.4657     1.4776     1.4712     1.4490     1.4609     1.4808     1.4751     1.4597     1.4659     1.4681     1.4675     1.4700     
sm-users-loads orjson-bytes   -          -          -          -          -          -          -          -          -          -          -          -          -          -          -          -          -          -          -          -          -          -          -          -          -          
sm-users-loads orjson-dump    -          -          -          -          -          -          -          -          -          -          -          -          -          -          -          -          -          -          -          -          -          -          -          -          -          
sm-users-loads orjson-loads   8.2834     8.2824     7.8588     7.8746     8.1583     7.8681     8.1078     8.3618     8.1986     8.2315     8.0955     8.3296     8.0897     8.0045     8.2842     7.9851     7.9200     8.2914     7.9935     7.9808     8.3931     8.1693     7.9219     7.9797     8.2250     
sm-users-loads strata-bytes   -          -          -          -          -          -          -          -          -          -          -          -          -          -          -          -          -          -          -          -          -          -          -          -          -          
sm-users-loads strata-dump    -          -          -          -          -          -          -          -          -          -          -          -          -          -          -          -          -          -          -          -          -          -          -          -          -          
sm-users-loads strata-loads   6.0995     6.0475     5.8266     5.7996     6.1705     5.8510     5.9064     6.1639     6.0113     5.9761     5.9957     6.1487     5.9729     5.9352     6.1065     5.9031     5.8676     6.0349     5.9370     5.8538     6.1845     6.0107     5.8559     5.8807     6.0892     
sm-users-loads strata-str     -          -          -          -          -          -          -          -          -          -          -          -          -          -          -          -          -          -          -          -          -          -          -          -          -          

file: /Users/borysbardysh/PycharmProjects/PrimeLabFoundation/strata/build/evidence/M15/attr/aa_s1.tsv
launches: L00:A L01:B L02:B L03:A L04:A L05:B L06:B L07:A L08:A L09:B L10:B L11:A L12:A L13:B L14:B L15:A L16:A L17:B L18:B L19:A L20:A L21:B L22:B L23:A L24:A
baseline: A   candidate: B   blocks: 6   leading: none   trailing: L24   min samples/launch: 10
blocks: L00L01L02L03  L04L05L06L07  L08L09L10L11  L12L13L14L15  L16L17L18L19  L20L21L22L23

row                   engine        rival          blk  raw strata  raw rival  normalised    ci low   ci high   pos
md-users-dumps        strata-bytes  orjson-bytes     6      +0.63%     +0.48%      +0.21%    -0.48%    +0.56%  4/6
                                    blocks (normalised): +0.36 -0.78 +0.27 +0.14 +0.76 -0.18
md-users-dumps        strata-str    orjson-bytes     6      +0.61%     +0.48%      +0.08%    -1.24%    +0.92%  3/6
                                    blocks (normalised): +0.19 -0.37 -0.02 +1.04 -2.11 +0.80
sm-flat-dump          strata-dump   orjson-dump      6      +1.47%     +1.25%      +1.78%    -2.03%    +5.56%  4/6
                                    blocks (normalised): -1.61 -2.44 +7.06 +2.16 +1.40 +4.07
sm-flat-dumps         strata-bytes  orjson-bytes     6      +0.27%     -0.13%      +0.74%    +0.40%    +0.96%  6/6
                                    blocks (normalised): +0.71 +0.98 +0.78 +0.15 +0.95 +0.65
sm-flat-dumps         strata-str    orjson-bytes     6      +0.21%     -0.13%      +0.33%    -0.35%    +0.94%  4/6
                                    blocks (normalised): +1.14 +0.74 -0.61 +0.22 -0.09 +0.44
sm-users-dumps        strata-bytes  orjson-bytes     6      -0.31%     -0.06%      -0.05%    -0.57%    +0.38%  3/6
                                    blocks (normalised): +0.65 +0.11 +0.04 -0.15 -0.77 -0.37
sm-users-dumps        strata-str    orjson-bytes     6      +0.19%     -0.06%      +0.07%    -0.30%    +0.47%  3/6
                                    blocks (normalised): -0.04 -0.40 +0.63 +0.30 -0.19 +0.19
sm-users-loads        strata-loads  orjson-loads     6      -0.88%     -0.66%      -0.17%    -0.88%    +0.07%  2/6
                                    blocks (normalised): -0.09 -1.43 -0.32 +0.07 -0.26 +0.08

raw strata / raw rival: the same block estimator on the unnormalised medians.
normalised: strata/rival measured in the same process, then blocked.
ci: bootstrap over whole blocks of the median block effect (2000 resamples).

== drift: the trailing baseline launch against the leading one
md-users-dumps        strata-bytes  strata +4.30%   rival +2.43%   normalised +1.82%
md-users-dumps        strata-str    strata +6.13%   rival +2.43%   normalised +3.61%
sm-flat-dump          strata-dump   strata +8.63%   rival +4.69%   normalised +3.77%
sm-flat-dumps         strata-bytes  strata +0.83%   rival +0.75%   normalised +0.08%
sm-flat-dumps         strata-str    strata +0.95%   rival +0.75%   normalised +0.20%
sm-users-dumps        strata-bytes  strata +0.99%   rival -1.16%   normalised +2.18%
sm-users-dumps        strata-str    strata +1.09%   rival -1.16%   normalised +2.28%
sm-users-loads        strata-loads  strata -0.17%   rival -0.70%   normalised +0.54%
