==> PGO: compiler is clang
==> PGO phase 1: instrumented build
Obtaining file:///Users/borysbardysh/worktrees/strata/m15-pgo
  Installing build dependencies: started
  Installing build dependencies: finished with status 'done'
  Checking if build backend supports build_editable: started
  Checking if build backend supports build_editable: finished with status 'done'
  Getting requirements to build editable: started
  Getting requirements to build editable: finished with status 'done'
  Preparing editable metadata (pyproject.toml): started
  Preparing editable metadata (pyproject.toml): finished with status 'done'
Building wheels for collected packages: strata
  Building editable for strata (pyproject.toml): started
  Building editable for strata (pyproject.toml): still running...
  Building editable for strata (pyproject.toml): still running...
  Building editable for strata (pyproject.toml): finished with status 'done'
  Created wheel for strata: filename=strata-2026.8.10-0.editable-cp314-cp314-macosx_26_0_arm64.whl size=4390 sha256=f7c3f9daf968af40c79770acb4626cebb79a052b4edbed6c5c9677ed321b72c0
  Stored in directory: /private/var/folders/0c/tyrb6gj95_vbvd8s0hb_gyfm0000gn/T/pip-ephem-wheel-cache-99xqecar/wheels/55/ae/4a/316d67abb673b3d8521459659c799851d5bc6ed3ad72b86c73
Successfully built strata
Installing collected packages: strata
Successfully installed strata-2026.8.10
==> PGO: the hook image must carry no profile
+ strata._dumps_hook is unprofiled: _dumps_hook.cpython-314-darwin.so.build.json records no profile or profile flag,
  and the image links no profile runtime
==> PGO: generating training data
  build/pgo/train.json (10.0 MB)
  build/pgo/train.ndjson (10.0 MB)
==> PGO: running the training workload
PGO training workload
  corpus: 4001 records, 10.0 MB
[1/7] loads
  loads(str): 1x in 0.03s
  loads(bytes): 1x in 0.02s
  loads(sample): 5x in 0.01s
  loads(cursor): 5x in 0.01s
  loads(iterator): 3x in 0.00s
[2/7] dumps
  dumps(str): 1x in 0.01s
  dumps(bytes): 3x in 0.02s
  dumps(sample, bytes): 5x in 0.00s
  dumps(sample): 5x in 0.00s
  dumps(parsed sample, bytes): 2x in 0.00s
[3/7] load
  load(json): 1x in 0.03s
  load(ndjson): 1x in 0.03s
  load(ndjson, iterator): 1x in 0.03s
[4/7] dump
  dump(json): 3x in 0.00s
[5/7] query
  query $[0].name: 3x in 0.00s
  query $[*].id: 3x in 0.00s
  query $[*].items[*].sku: 3x in 0.00s
  query $..leaf: 3x in 0.00s
  query $[0:50].score: 3x in 0.00s
  query $[?(@.id > 100)].name: 3x in 0.00s
  query $[?(@.id <= 500)]: 3x in 0.00s
  query $[?(@.name == 'alpha')]: 3x in 0.00s
  query $[?(@.name != 'alpha')].id: 3x in 0.00s
  query $[?(@['id'] >= 0)].name: 3x in 0.00s
  query $[*].nested.child: 3x in 0.00s
  query $[*].tags[0]: 3x in 0.00s
  query $.*: 3x in 0.00s
  query(compiled): 5x in 0.00s
[6/7] search
  search json $[*].id: 1x in 0.01s
  search ndjson $[*].id: 1x in 0.03s
  search json $..leaf: 1x in 0.03s
  search ndjson $..leaf: 1x in 0.03s
  search json $[?(@.id > 100)].name: 1x in 0.03s
  search ndjson $[?(@.id > 100)].name: 1x in 0.03s
[7/7] folder mode
  dump(split_by): 1x in 0.00s
  load(folder): 1x in 0.00s
  search(folder): 1x in 0.00s
PGO training workload complete
==> PGO: gate tests on the instrumented build
+ /Users/borysbardysh/worktrees/strata/m15-pgo/.venv/bin/cmake -S . -B build/cmake -DCMAKE_BUILD_TYPE=Release
-- Configuring done (0.1s)
-- Generating done (0.0s)
-- Build files have been written to: /Users/borysbardysh/worktrees/strata/m15-pgo/build/cmake
+ /Users/borysbardysh/worktrees/strata/m15-pgo/.venv/bin/cmake --build build/cmake --config Release
[  1%] Linking CXX executable smoke_tests
[  6%] Built target smoke_tests
[  7%] Linking CXX executable json_core_tests
[ 12%] Built target json_core_tests
[ 12%] Linking CXX executable json_parse_tests
[ 18%] Built target json_parse_tests
[ 19%] Linking CXX executable fast_parse_tests
[ 24%] Built target fast_parse_tests
[ 25%] Linking CXX executable value_cursor_tests
[ 31%] Built target value_cursor_tests
[ 32%] Linking CXX executable json_serialize_tests
[ 38%] Built target json_serialize_tests
[ 38%] Linking CXX executable float_precision_tests
[ 44%] Built target float_precision_tests
[ 44%] Linking CXX executable json_cursor_tests
[ 50%] Built target json_cursor_tests
[ 50%] Linking CXX executable ndjson_tests
[ 56%] Built target ndjson_tests
[ 56%] Linking CXX executable jsonpath_tests
[ 62%] Built target jsonpath_tests
[ 63%] Linking CXX executable jsonpath_stream_tests
[ 68%] Built target jsonpath_stream_tests
[ 69%] Linking CXX executable scan_tests
[ 75%] Built target scan_tests
[ 75%] Linking CXX executable temporal_tests
[ 81%] Built target temporal_tests
[ 81%] Linking CXX executable folder_tests
[ 87%] Built target folder_tests
[ 88%] Linking CXX executable fuzz_corpus_tests
[ 94%] Built target fuzz_corpus_tests
[ 94%] Linking CXX executable stress_deep_tests
[100%] Built target stress_deep_tests
+ /Users/borysbardysh/worktrees/strata/m15-pgo/.venv/bin/ctest --test-dir build/cmake --build-config Release --output-on-failure --no-tests=error
Test project /Users/borysbardysh/worktrees/strata/m15-pgo/build/cmake
      Start  1: smoke_tests
 1/16 Test  #1: smoke_tests ......................   Passed    0.25 sec
      Start  2: json_core_tests
 2/16 Test  #2: json_core_tests ..................   Passed    0.27 sec
      Start  3: json_parse_tests
 3/16 Test  #3: json_parse_tests .................   Passed    0.25 sec
      Start  4: fast_parse_tests
 4/16 Test  #4: fast_parse_tests .................   Passed    0.34 sec
      Start  5: value_cursor_tests
 5/16 Test  #5: value_cursor_tests ...............   Passed    0.27 sec
      Start  6: json_serialize_tests
 6/16 Test  #6: json_serialize_tests .............   Passed    0.34 sec
      Start  7: float_precision_tests
 7/16 Test  #7: float_precision_tests ............   Passed    2.10 sec
      Start  8: json_cursor_tests
 8/16 Test  #8: json_cursor_tests ................   Passed    0.27 sec
      Start  9: ndjson_tests
 9/16 Test  #9: ndjson_tests .....................   Passed    0.25 sec
      Start 10: jsonpath_tests
10/16 Test #10: jsonpath_tests ...................   Passed    0.25 sec
      Start 11: jsonpath_stream_tests
11/16 Test #11: jsonpath_stream_tests ............   Passed    0.25 sec
      Start 12: scan_tests
12/16 Test #12: scan_tests .......................   Passed    0.26 sec
      Start 13: temporal_tests
13/16 Test #13: temporal_tests ...................   Passed    0.25 sec
      Start 14: folder_tests
14/16 Test #14: folder_tests .....................   Passed    0.26 sec
      Start 15: fuzz_corpus_tests
15/16 Test #15: fuzz_corpus_tests ................   Passed    0.29 sec
      Start 16: stress_deep_tests
16/16 Test #16: stress_deep_tests ................   Passed    0.25 sec

100% tests passed out of 16

Total Test time (real) =   6.15 sec
+ pytest tests/py tests/unit --ignore=tests/unit/native_types --ignore=tests/py/native_types --basetemp=/var/folders/0c/tyrb6gj95_vbvd8s0hb_gyfm0000gn/T/pytest-of-borysbardysh/kvl7s0qq
============================= test session starts ==============================
platform darwin -- Python 3.14.7, pytest-9.1.1, pluggy-1.6.0
rootdir: /Users/borysbardysh/worktrees/strata/m15-pgo
configfile: pyproject.toml
plugins: cov-7.1.0, platformdirs-4.12.1
collected 3188 items

tests/py/test_dumps_brace_fold.py .........                              [  0%]
tests/py/test_dumps_cycles_fused.py .................................... [  1%]
....................................................                     [  3%]
tests/py/test_dumps_general_tables.py ............................       [  3%]
tests/py/test_dumps_with_default.py .................................... [  5%]
.............................ss                                          [  6%]
tests/py/test_dumps_with_default_contract.py ........................... [  6%]
........................................................................ [  9%]
........................................................................ [ 11%]
..........................                                               [ 12%]
tests/py/test_fused_verification.py ..                                   [ 12%]
tests/py/test_json_parity.py ........................................... [ 13%]
........................................................................ [ 15%]
........................................................................ [ 18%]
........................................................................ [ 20%]
........................................................................ [ 22%]
........................................................................ [ 24%]
........................................................................ [ 27%]
........................................................................ [ 29%]
........................................................................ [ 31%]
........................................................................ [ 33%]
........................................................................ [ 36%]
........................................................................ [ 38%]
........................................................................ [ 40%]
........................................................................ [ 42%]
........................................................................ [ 45%]
........................................................................ [ 47%]
........................................................................ [ 49%]
.................................                                        [ 50%]
tests/py/test_path_dispatch.py ................................          [ 51%]
tests/py/test_py_tests_basetemp.py ..                                    [ 51%]
tests/py/test_smoke.py ...                                               [ 51%]
tests/unit/test_ab_analysis.py ......................................    [ 53%]
tests/unit/test_build_manifest.py ......                                 [ 53%]
tests/unit/test_canonical_builds.py ....                                 [ 53%]
tests/unit/test_ci_fetch.py ........................                     [ 54%]
tests/unit/test_ci_summary.py .......................                    [ 54%]
tests/unit/test_config.py ...........................                    [ 55%]
tests/unit/test_core_purity.py ....                                      [ 55%]
tests/unit/test_cross_sample.py ......                                   [ 56%]
tests/unit/test_dumps.py ............................................... [ 57%]
..........                                                               [ 57%]
tests/unit/test_dumps_brace_fold.py .........                            [ 58%]
tests/unit/test_dumps_cold_start.py ....                                 [ 58%]
tests/unit/test_dumps_contract.py ...................................... [ 59%]
.............................................................            [ 61%]
tests/unit/test_dumps_cycles_fused.py .................................. [ 62%]
......................................................                   [ 64%]
tests/unit/test_dumps_general_tables.py ............................     [ 65%]
tests/unit/test_dumps_latch.py ............................              [ 65%]
tests/unit/test_dumps_private_cache.py ................................  [ 66%]
tests/unit/test_dumps_reentrancy.py .................................... [ 68%]
......................................................................   [ 70%]
tests/unit/test_dumps_reentrancy_review.py ............................. [ 71%]
..                                                                       [ 71%]
tests/unit/test_dumps_schema_failure.py ...........................      [ 72%]
tests/unit/test_dumps_user_step_counter.py ..........................    [ 72%]
tests/unit/test_dumps_with_default.py .................................. [ 73%]
........................................................................ [ 76%]
...................................................................      [ 78%]
tests/unit/test_dumps_with_default_state.py ............................ [ 79%]
........................................................................ [ 81%]
..............                                                           [ 81%]
tests/unit/test_folder.py .............................................. [ 83%]
.........................................                                [ 84%]
tests/unit/test_fused_verification.py ..                                 [ 84%]
tests/unit/test_hook_build_scope.py ...............................      [ 85%]
tests/unit/test_json_cursor.py ...........................               [ 86%]
tests/unit/test_jsonpath.py ............................................ [ 87%]
.......................................................................  [ 90%]
tests/unit/test_load_dump.py ........................................... [ 91%]
                                                                         [ 91%]
tests/unit/test_loads.py ............................................... [ 92%]
........................................................................ [ 95%]
................                                                         [ 95%]
tests/unit/test_native_interleaved_profile.py ...                        [ 95%]
tests/unit/test_nested_container_probe.py ....                           [ 95%]
tests/unit/test_path_dispatch.py ................................        [ 96%]
tests/unit/test_provenance.py ..................                         [ 97%]
tests/unit/test_regression_check.py ..........................           [ 98%]
tests/unit/test_search_stream.py .................                       [ 98%]
tests/unit/test_string_identity_probe.py .                               [ 98%]
tests/unit/test_supplementary.py .............                           [ 99%]
tests/unit/test_supportability_check.py ....................             [ 99%]
tests/unit/test_version.py ....                                          [100%]

======================= 3186 passed, 2 skipped in 7.73s ========================
==> PGO: merging 17 raw profiles
==> PGO phase 2: optimized build (profile + LTO)
Obtaining file:///Users/borysbardysh/worktrees/strata/m15-pgo
  Installing build dependencies: started
  Installing build dependencies: finished with status 'done'
  Checking if build backend supports build_editable: started
  Checking if build backend supports build_editable: finished with status 'done'
  Getting requirements to build editable: started
  Getting requirements to build editable: finished with status 'done'
  Preparing editable metadata (pyproject.toml): started
  Preparing editable metadata (pyproject.toml): finished with status 'done'
Building wheels for collected packages: strata
  Building editable for strata (pyproject.toml): started
  Building editable for strata (pyproject.toml): finished with status 'done'
  Created wheel for strata: filename=strata-2026.8.10-0.editable-cp314-cp314-macosx_26_0_arm64.whl size=4390 sha256=c7a6a47ae3fb96424d3662651f2544370a5301c23dee0826cd08f2f3006d1480
  Stored in directory: /private/var/folders/0c/tyrb6gj95_vbvd8s0hb_gyfm0000gn/T/pip-ephem-wheel-cache-oyym015a/wheels/55/ae/4a/316d67abb673b3d8521459659c799851d5bc6ed3ad72b86c73
Successfully built strata
Installing collected packages: strata
  Attempting uninstall: strata
    Found existing installation: strata 2026.8.10
    Uninstalling strata-2026.8.10:
      Successfully uninstalled strata-2026.8.10
Successfully installed strata-2026.8.10
==> PGO: the hook image must carry no profile
+ strata._dumps_hook is unprofiled: _dumps_hook.cpython-314-darwin.so.build.json records no profile or profile flag,
  and the image links no profile runtime
==> PGO: gate tests on the optimized build
+ /Users/borysbardysh/worktrees/strata/m15-pgo/.venv/bin/cmake -S . -B build/cmake -DCMAKE_BUILD_TYPE=Release
-- Configuring done (0.1s)
-- Generating done (0.1s)
-- Build files have been written to: /Users/borysbardysh/worktrees/strata/m15-pgo/build/cmake
+ /Users/borysbardysh/worktrees/strata/m15-pgo/.venv/bin/cmake --build build/cmake --config Release
[  1%] Linking CXX executable smoke_tests
[  6%] Built target smoke_tests
[  7%] Linking CXX executable json_core_tests
[ 12%] Built target json_core_tests
[ 12%] Linking CXX executable json_parse_tests
[ 18%] Built target json_parse_tests
[ 19%] Linking CXX executable fast_parse_tests
[ 24%] Built target fast_parse_tests
[ 25%] Linking CXX executable value_cursor_tests
[ 31%] Built target value_cursor_tests
[ 32%] Linking CXX executable json_serialize_tests
[ 38%] Built target json_serialize_tests
[ 38%] Linking CXX executable float_precision_tests
[ 44%] Built target float_precision_tests
[ 44%] Linking CXX executable json_cursor_tests
[ 50%] Built target json_cursor_tests
[ 50%] Linking CXX executable ndjson_tests
[ 56%] Built target ndjson_tests
[ 56%] Linking CXX executable jsonpath_tests
[ 62%] Built target jsonpath_tests
[ 63%] Linking CXX executable jsonpath_stream_tests
[ 68%] Built target jsonpath_stream_tests
[ 69%] Linking CXX executable scan_tests
[ 75%] Built target scan_tests
[ 75%] Linking CXX executable temporal_tests
[ 81%] Built target temporal_tests
[ 81%] Linking CXX executable folder_tests
[ 87%] Built target folder_tests
[ 88%] Linking CXX executable fuzz_corpus_tests
[ 94%] Built target fuzz_corpus_tests
[ 94%] Linking CXX executable stress_deep_tests
[100%] Built target stress_deep_tests
+ /Users/borysbardysh/worktrees/strata/m15-pgo/.venv/bin/ctest --test-dir build/cmake --build-config Release --output-on-failure --no-tests=error
Test project /Users/borysbardysh/worktrees/strata/m15-pgo/build/cmake
      Start  1: smoke_tests
 1/16 Test  #1: smoke_tests ......................   Passed    0.27 sec
      Start  2: json_core_tests
 2/16 Test  #2: json_core_tests ..................   Passed    0.60 sec
      Start  3: json_parse_tests
 3/16 Test  #3: json_parse_tests .................   Passed    0.27 sec
      Start  4: fast_parse_tests
 4/16 Test  #4: fast_parse_tests .................   Passed    0.68 sec
      Start  5: value_cursor_tests
 5/16 Test  #5: value_cursor_tests ...............   Passed    0.27 sec
      Start  6: json_serialize_tests
 6/16 Test  #6: json_serialize_tests .............   Passed    0.25 sec
      Start  7: float_precision_tests
 7/16 Test  #7: float_precision_tests ............   Passed    2.11 sec
      Start  8: json_cursor_tests
 8/16 Test  #8: json_cursor_tests ................   Passed    0.27 sec
      Start  9: ndjson_tests
 9/16 Test  #9: ndjson_tests .....................   Passed    0.25 sec
      Start 10: jsonpath_tests
10/16 Test #10: jsonpath_tests ...................   Passed    0.25 sec
      Start 11: jsonpath_stream_tests
11/16 Test #11: jsonpath_stream_tests ............   Passed    0.26 sec
      Start 12: scan_tests
12/16 Test #12: scan_tests .......................   Passed    0.25 sec
      Start 13: temporal_tests
13/16 Test #13: temporal_tests ...................   Passed    0.27 sec
      Start 14: folder_tests
14/16 Test #14: folder_tests .....................   Passed    0.26 sec
      Start 15: fuzz_corpus_tests
15/16 Test #15: fuzz_corpus_tests ................   Passed    0.27 sec
      Start 16: stress_deep_tests
16/16 Test #16: stress_deep_tests ................   Passed    0.25 sec

100% tests passed out of 16

Total Test time (real) =   6.78 sec
+ pytest tests/py tests/unit --basetemp=/var/folders/0c/tyrb6gj95_vbvd8s0hb_gyfm0000gn/T/pytest-of-borysbardysh/cxxij870
============================= test session starts ==============================
platform darwin -- Python 3.14.7, pytest-9.1.1, pluggy-1.6.0
rootdir: /Users/borysbardysh/worktrees/strata/m15-pgo
configfile: pyproject.toml
plugins: cov-7.1.0, platformdirs-4.12.1
collected 3543 items

tests/py/native_types/test_native_import.py ...                          [  0%]
tests/py/native_types/test_native_oracle.py .........                    [  0%]
tests/py/native_types/test_native_reentrancy.py ........................ [  1%]
.................................................                        [  2%]
tests/py/native_types/test_parse_types.py .............................. [  3%]
.......................................................                  [  4%]
tests/py/test_dumps_brace_fold.py .........                              [  5%]
tests/py/test_dumps_cycles_fused.py .................................... [  6%]
....................................................                     [  7%]
tests/py/test_dumps_general_tables.py ............................       [  8%]
tests/py/test_dumps_with_default.py .................................... [  9%]
.............................ss                                          [ 10%]
tests/py/test_dumps_with_default_contract.py ........................... [ 10%]
........................................................................ [ 13%]
........................................................................ [ 15%]
..........................                                               [ 15%]
tests/py/test_fused_verification.py ..                                   [ 15%]
tests/py/test_json_parity.py ........................................... [ 17%]
........................................................................ [ 19%]
........................................................................ [ 21%]
........................................................................ [ 23%]
........................................................................ [ 25%]
........................................................................ [ 27%]
........................................................................ [ 29%]
........................................................................ [ 31%]
........................................................................ [ 33%]
........................................................................ [ 35%]
........................................................................ [ 37%]
........................................................................ [ 39%]
........................................................................ [ 41%]
........................................................................ [ 43%]
........................................................................ [ 45%]
........................................................................ [ 47%]
........................................................................ [ 49%]
.................................                                        [ 50%]
tests/py/test_path_dispatch.py ................................          [ 51%]
tests/py/test_py_tests_basetemp.py ..                                    [ 51%]
tests/py/test_smoke.py ...                                               [ 51%]
tests/unit/native_types/test_build_sources.py .....                      [ 51%]
tests/unit/native_types/test_parse_contract.py ......................... [ 52%]
.................................................                        [ 53%]
tests/unit/native_types/test_serializer_contract.py .................... [ 54%]
........................................................................ [ 56%]
..                                                                       [ 56%]
tests/unit/native_types/test_training_scope.py ............              [ 56%]
tests/unit/test_ab_analysis.py ......................................    [ 57%]
tests/unit/test_build_manifest.py ......                                 [ 58%]
tests/unit/test_canonical_builds.py ....                                 [ 58%]
tests/unit/test_ci_fetch.py ........................                     [ 58%]
tests/unit/test_ci_summary.py .......................                    [ 59%]
tests/unit/test_config.py ...........................                    [ 60%]
tests/unit/test_core_purity.py ....                                      [ 60%]
tests/unit/test_cross_sample.py ......                                   [ 60%]
tests/unit/test_dumps.py ............................................... [ 61%]
..........                                                               [ 62%]
tests/unit/test_dumps_brace_fold.py .........                            [ 62%]
tests/unit/test_dumps_cold_start.py ....                                 [ 62%]
tests/unit/test_dumps_contract.py ...................................... [ 63%]
.............................................................            [ 65%]
tests/unit/test_dumps_cycles_fused.py .................................. [ 66%]
......................................................                   [ 67%]
tests/unit/test_dumps_general_tables.py ............................     [ 68%]
tests/unit/test_dumps_latch.py ............................              [ 69%]
tests/unit/test_dumps_private_cache.py ................................  [ 70%]
tests/unit/test_dumps_reentrancy.py .................................... [ 71%]
......................................................................   [ 73%]
tests/unit/test_dumps_reentrancy_review.py ............................. [ 74%]
..                                                                       [ 74%]
tests/unit/test_dumps_schema_failure.py ...........................      [ 74%]
tests/unit/test_dumps_user_step_counter.py ..........................    [ 75%]
tests/unit/test_dumps_with_default.py .................................. [ 76%]
........................................................................ [ 78%]
...................................................................      [ 80%]
tests/unit/test_dumps_with_default_state.py ............................ [ 81%]
........................................................................ [ 83%]
..............                                                           [ 83%]
tests/unit/test_folder.py .............................................. [ 84%]
.........................................                                [ 86%]
tests/unit/test_fused_verification.py ..                                 [ 86%]
tests/unit/test_hook_build_scope.py ...............................      [ 87%]
tests/unit/test_json_cursor.py ...........................               [ 87%]
tests/unit/test_jsonpath.py ............................................ [ 89%]
.......................................................................  [ 91%]
tests/unit/test_load_dump.py ........................................... [ 92%]
                                                                         [ 92%]
tests/unit/test_loads.py ............................................... [ 93%]
........................................................................ [ 95%]
................                                                         [ 96%]
tests/unit/test_native_interleaved_profile.py ...                        [ 96%]
tests/unit/test_nested_container_probe.py ....                           [ 96%]
tests/unit/test_path_dispatch.py ................................        [ 97%]
tests/unit/test_provenance.py ..................                         [ 97%]
tests/unit/test_regression_check.py ..........................           [ 98%]
tests/unit/test_search_stream.py .................                       [ 98%]
tests/unit/test_string_identity_probe.py .                               [ 98%]
tests/unit/test_supplementary.py .............                           [ 99%]
tests/unit/test_supportability_check.py ....................             [ 99%]
tests/unit/test_version.py ....                                          [100%]

======================= 3541 passed, 2 skipped in 8.81s ========================
==> PGO: generating benchmark data
PYTHONPATH=. .venv/bin/python -m benchmarks.data.generate_bench_data --out-dir benchmarks/data/generated/small  --num-users 1000 --max-orders 10 --max-items 5  --records 500
  benchmarks/data/generated/small/users.json  (1680 KB)
  benchmarks/data/generated/small/users.ndjson  (1679 KB)
  benchmarks/data/generated/small/flat.json  (209 KB)
  benchmarks/data/generated/small/nested.json  (148 KB)
  benchmarks/data/generated/small/wide_arrays.json  (1218 KB)
  benchmarks/data/generated/small/mixed.json  (34 KB)
PYTHONPATH=. .venv/bin/python -m benchmarks.data.generate_bench_data --out-dir benchmarks/data/generated/medium --num-users 2000 --max-orders 20 --max-items 10 --records 2000
  benchmarks/data/generated/medium/users.json  (9883 KB)
  benchmarks/data/generated/medium/users.ndjson  (9881 KB)
  benchmarks/data/generated/medium/flat.json  (836 KB)
  benchmarks/data/generated/medium/nested.json  (594 KB)
  benchmarks/data/generated/medium/wide_arrays.json  (4874 KB)
  benchmarks/data/generated/medium/mixed.json  (138 KB)
PYTHONPATH=. .venv/bin/python -m benchmarks.data.generate_bench_data --out-dir benchmarks/data/generated/large  --num-users 4000 --max-orders 40 --max-items 20 --records 5000
  benchmarks/data/generated/large/users.json  (68083 KB)
  benchmarks/data/generated/large/users.ndjson  (68079 KB)
  benchmarks/data/generated/large/flat.json  (2092 KB)
  benchmarks/data/generated/large/nested.json  (1488 KB)
  benchmarks/data/generated/large/wide_arrays.json  (12185 KB)
  benchmarks/data/generated/large/mixed.json  (347 KB)
==> PGO: verification benchmarks
wrote build/pgo/bench_results_pgo.md
==> PGO complete
    profile: /Users/borysbardysh/worktrees/strata/m15-pgo/build/pgo/strata.profdata
    results: build/pgo/bench_results_pgo.md
    The installed extension is now the PGO+LTO build.
B exit 0
