
════════════════════════════════════════════════════════════════
  Step 1/4: C++ test suite
════════════════════════════════════════════════════════════════
+ /Users/borysbardysh/PycharmProjects/PrimeLabFoundation/strata/.venv/bin/cmake -S . -B build/cmake -DCMAKE_BUILD_TYPE=Release
-- Configuring done (0.1s)
-- Generating done (0.1s)
-- Build files have been written to: /Users/borysbardysh/PycharmProjects/PrimeLabFoundation/strata/build/cmake
+ /Users/borysbardysh/PycharmProjects/PrimeLabFoundation/strata/.venv/bin/cmake --build build/cmake --config Release
[  6%] Built target smoke_tests
[ 12%] Built target json_core_tests
[ 18%] Built target json_parse_tests
[ 24%] Built target fast_parse_tests
[ 31%] Built target value_cursor_tests
[ 38%] Built target json_serialize_tests
[ 44%] Built target float_precision_tests
[ 50%] Built target json_cursor_tests
[ 56%] Built target ndjson_tests
[ 62%] Built target jsonpath_tests
[ 68%] Built target jsonpath_stream_tests
[ 75%] Built target scan_tests
[ 81%] Built target temporal_tests
[ 87%] Built target folder_tests
[ 94%] Built target fuzz_corpus_tests
[100%] Built target stress_deep_tests
+ /Users/borysbardysh/PycharmProjects/PrimeLabFoundation/strata/.venv/bin/ctest --test-dir build/cmake --build-config Release --output-on-failure --no-tests=error
Test project /Users/borysbardysh/PycharmProjects/PrimeLabFoundation/strata/build/cmake
      Start  1: smoke_tests
 1/16 Test  #1: smoke_tests ......................   Passed    0.00 sec
      Start  2: json_core_tests
 2/16 Test  #2: json_core_tests ..................   Passed    0.00 sec
      Start  3: json_parse_tests
 3/16 Test  #3: json_parse_tests .................   Passed    0.00 sec
      Start  4: fast_parse_tests
 4/16 Test  #4: fast_parse_tests .................   Passed    0.07 sec
      Start  5: value_cursor_tests
 5/16 Test  #5: value_cursor_tests ...............   Passed    0.01 sec
      Start  6: json_serialize_tests
 6/16 Test  #6: json_serialize_tests .............   Passed    0.00 sec
      Start  7: float_precision_tests
 7/16 Test  #7: float_precision_tests ............   Passed    1.81 sec
      Start  8: json_cursor_tests
 8/16 Test  #8: json_cursor_tests ................   Passed    0.00 sec
      Start  9: ndjson_tests
 9/16 Test  #9: ndjson_tests .....................   Passed    0.00 sec
      Start 10: jsonpath_tests
10/16 Test #10: jsonpath_tests ...................   Passed    0.00 sec
      Start 11: jsonpath_stream_tests
11/16 Test #11: jsonpath_stream_tests ............   Passed    0.00 sec
      Start 12: scan_tests
12/16 Test #12: scan_tests .......................   Passed    0.01 sec
      Start 13: temporal_tests
13/16 Test #13: temporal_tests ...................   Passed    0.00 sec
      Start 14: folder_tests
14/16 Test #14: folder_tests .....................   Passed    0.01 sec
      Start 15: fuzz_corpus_tests
15/16 Test #15: fuzz_corpus_tests ................   Passed    0.01 sec
      Start 16: stress_deep_tests
16/16 Test #16: stress_deep_tests ................   Passed    0.00 sec

100% tests passed out of 16

Total Test time (real) =   1.96 sec

════════════════════════════════════════════════════════════════
  Step 2/4: Reinstall the extension (test-gated build)
════════════════════════════════════════════════════════════════
Obtaining file:///Users/borysbardysh/PycharmProjects/PrimeLabFoundation/strata
  Installing build dependencies: started
  Installing build dependencies: finished with status 'done'
  Checking if build backend supports build_editable: started
  Checking if build backend supports build_editable: finished with status 'done'
  Getting requirements to build editable: started
  Getting requirements to build editable: finished with status 'done'
  Preparing editable metadata (pyproject.toml): started
  Preparing editable metadata (pyproject.toml): finished with status 'done'
Building wheels for collected packages: strata
  Building editable for strata (pyproject.toml): started
  Building editable for strata (pyproject.toml): finished with status 'done'
  Created wheel for strata: filename=strata-2026.8.10-0.editable-cp314-cp314-macosx_26_0_arm64.whl size=4405 sha256=0ef7b3312e9bd548df1f3acdcb19e137e2139fe11d332232d8d7dff943b58e4e
  Stored in directory: /private/var/folders/0c/tyrb6gj95_vbvd8s0hb_gyfm0000gn/T/pip-ephem-wheel-cache-k4w_pl0u/wheels/8e/69/ad/cfbe4f7c23f646d20d8ac73adf7b6c7ec78c8764cafa2941d2
Successfully built strata
Installing collected packages: strata
  Attempting uninstall: strata
    Found existing installation: strata 2026.8.10
    Uninstalling strata-2026.8.10:
      Successfully uninstalled strata-2026.8.10
Successfully installed strata-2026.8.10

[notice] A new release of pip is available: 26.0 -> 26.2.1
[notice] To update, run: pip install --upgrade pip

════════════════════════════════════════════════════════════════
  Step 3/4: Python test suites
════════════════════════════════════════════════════════════════
+ pytest tests/py tests/unit --basetemp=/var/folders/0c/tyrb6gj95_vbvd8s0hb_gyfm0000gn/T/pytest-of-borysbardysh/a__sumzr
============================= test session starts ==============================
platform darwin -- Python 3.14.7, pytest-9.1.1, pluggy-1.6.0
rootdir: /Users/borysbardysh/PycharmProjects/PrimeLabFoundation/strata
configfile: pyproject.toml
plugins: cov-7.1.0, anyio-4.15.1
collected 3583 items

tests/py/native_types/test_native_fast_paths.py ....................     [  0%]
tests/py/native_types/test_native_import.py ...                          [  0%]
tests/py/native_types/test_native_oracle.py .........                    [  0%]
tests/py/native_types/test_native_reentrancy.py ........................ [  1%]
..................................................                       [  2%]
tests/py/native_types/test_parse_types.py .............................. [  3%]
..........................................................               [  5%]
tests/py/test_dumps_brace_fold.py .........                              [  5%]
tests/py/test_dumps_cycles_fused.py .................................... [  6%]
....................................................                     [  8%]
tests/py/test_dumps_general_tables.py ............................       [  8%]
tests/py/test_dumps_with_default.py .................................... [  9%]
.............................ss                                          [ 10%]
tests/py/test_dumps_with_default_contract.py ........................... [ 11%]
........................................................................ [ 13%]
........................................................................ [ 15%]
..........................                                               [ 16%]
tests/py/test_fused_verification.py ..                                   [ 16%]
tests/py/test_json_parity.py ........................................... [ 17%]
........................................................................ [ 19%]
........................................................................ [ 21%]
........................................................................ [ 23%]
........................................................................ [ 25%]
........................................................................ [ 27%]
........................................................................ [ 29%]
........................................................................ [ 31%]
........................................................................ [ 33%]
........................................................................ [ 35%]
........................................................................ [ 37%]
........................................................................ [ 39%]
........................................................................ [ 41%]
........................................................................ [ 43%]
........................................................................ [ 45%]
........................................................................ [ 47%]
........................................................................ [ 49%]
.................................                                        [ 50%]
tests/py/test_path_dispatch.py ................................          [ 51%]
tests/py/test_py_tests_basetemp.py ..                                    [ 51%]
tests/py/test_smoke.py ...                                               [ 51%]
tests/unit/native_types/test_build_sources.py .....                      [ 51%]
tests/unit/native_types/test_parse_contract.py ......................... [ 52%]
.................................................                        [ 53%]
tests/unit/native_types/test_serializer_contract.py .................... [ 54%]
........................................................................ [ 56%]
..................                                                       [ 56%]
tests/unit/native_types/test_training_scope.py ............              [ 57%]
tests/unit/test_ab_analysis.py ......................................    [ 58%]
tests/unit/test_build_manifest.py ......                                 [ 58%]
tests/unit/test_canonical_builds.py ....                                 [ 58%]
tests/unit/test_ci_fetch.py ........................                     [ 59%]
tests/unit/test_ci_summary.py .......................                    [ 59%]
tests/unit/test_config.py ...........................                    [ 60%]
tests/unit/test_core_purity.py ....                                      [ 60%]
tests/unit/test_cross_sample.py ......                                   [ 60%]
tests/unit/test_dumps.py ............................................... [ 62%]
..........                                                               [ 62%]
tests/unit/test_dumps_brace_fold.py .........                            [ 62%]
tests/unit/test_dumps_cold_start.py ....                                 [ 62%]
tests/unit/test_dumps_contract.py ...................................... [ 63%]
.............................................................            [ 65%]
tests/unit/test_dumps_cycles_fused.py .................................. [ 66%]
......................................................                   [ 68%]
tests/unit/test_dumps_general_tables.py ............................     [ 68%]
tests/unit/test_dumps_latch.py ............................              [ 69%]
tests/unit/test_dumps_private_cache.py ................................  [ 70%]
tests/unit/test_dumps_reentrancy.py .................................... [ 71%]
......................................................................   [ 73%]
tests/unit/test_dumps_reentrancy_review.py ............................. [ 74%]
..                                                                       [ 74%]
tests/unit/test_dumps_schema_failure.py ...........................      [ 75%]
tests/unit/test_dumps_user_step_counter.py ..........................    [ 75%]
tests/unit/test_dumps_with_default.py .................................. [ 76%]
........................................................................ [ 78%]
...................................................................      [ 80%]
tests/unit/test_dumps_with_default_state.py ............................ [ 81%]
........................................................................ [ 83%]
..............                                                           [ 83%]
tests/unit/test_folder.py .............................................. [ 85%]
.........................................                                [ 86%]
tests/unit/test_fused_verification.py ..                                 [ 86%]
tests/unit/test_hook_build_scope.py ...............................      [ 87%]
tests/unit/test_json_cursor.py ...........................               [ 87%]
tests/unit/test_jsonpath.py ............................................ [ 89%]
.......................................................................  [ 91%]
tests/unit/test_load_dump.py ........................................... [ 92%]
                                                                         [ 92%]
tests/unit/test_loads.py ............................................... [ 93%]
........................................................................ [ 95%]
................                                                         [ 96%]
tests/unit/test_native_interleaved_profile.py ...                        [ 96%]
tests/unit/test_nested_container_probe.py ....                           [ 96%]
tests/unit/test_path_dispatch.py ................................        [ 97%]
tests/unit/test_provenance.py ..................                         [ 97%]
tests/unit/test_regression_check.py ..........................           [ 98%]
tests/unit/test_search_stream.py .................                       [ 98%]
tests/unit/test_string_identity_probe.py .                               [ 98%]
tests/unit/test_supplementary.py .............                           [ 99%]
tests/unit/test_supportability_check.py ....................             [ 99%]
tests/unit/test_version.py ....                                          [100%]

======================= 3581 passed, 2 skipped in 9.48s ========================

════════════════════════════════════════════════════════════════
  Step 4/4: Coverage (both layers)
════════════════════════════════════════════════════════════════
==> coverage: configuring the C++ registry with -DCOVERAGE=ON
-- Configuring done (0.1s)
-- Generating done (0.1s)
-- Build files have been written to: /Users/borysbardysh/PycharmProjects/PrimeLabFoundation/strata/build/coverage
[  6%] Built target fast_parse_tests
[ 12%] Built target json_cursor_tests
[ 18%] Built target smoke_tests
[ 25%] Built target scan_tests
[ 31%] Built target json_parse_tests
[ 37%] Built target float_precision_tests
[ 43%] Built target jsonpath_stream_tests
[ 49%] Built target ndjson_tests
[ 56%] Built target json_serialize_tests
[ 62%] Built target temporal_tests
[ 68%] Built target folder_tests
[ 83%] Built target stress_deep_tests
[ 84%] Built target value_cursor_tests
[ 87%] Built target json_core_tests
[ 93%] Built target jsonpath_tests
[100%] Built target fuzz_corpus_tests
==> coverage: running the suites
Test project /Users/borysbardysh/PycharmProjects/PrimeLabFoundation/strata/build/coverage
      Start  1: smoke_tests
 1/16 Test  #1: smoke_tests ......................   Passed    0.01 sec
      Start  2: json_core_tests
 2/16 Test  #2: json_core_tests ..................   Passed    0.01 sec
      Start  3: json_parse_tests
 3/16 Test  #3: json_parse_tests .................   Passed    0.01 sec
      Start  4: fast_parse_tests
 4/16 Test  #4: fast_parse_tests .................   Passed    0.32 sec
      Start  5: value_cursor_tests
 5/16 Test  #5: value_cursor_tests ...............   Passed    0.02 sec
      Start  6: json_serialize_tests
 6/16 Test  #6: json_serialize_tests .............   Passed    0.01 sec
      Start  7: float_precision_tests
 7/16 Test  #7: float_precision_tests ............   Passed    7.31 sec
      Start  8: json_cursor_tests
 8/16 Test  #8: json_cursor_tests ................   Passed    0.01 sec
      Start  9: ndjson_tests
 9/16 Test  #9: ndjson_tests .....................   Passed    0.05 sec
      Start 10: jsonpath_tests
10/16 Test #10: jsonpath_tests ...................   Passed    0.01 sec
      Start 11: jsonpath_stream_tests
11/16 Test #11: jsonpath_stream_tests ............   Passed    0.01 sec
      Start 12: scan_tests
12/16 Test #12: scan_tests .......................   Passed    0.23 sec
      Start 13: temporal_tests
13/16 Test #13: temporal_tests ...................   Passed    0.01 sec
      Start 14: folder_tests
14/16 Test #14: folder_tests .....................   Passed    0.01 sec
      Start 15: fuzz_corpus_tests
15/16 Test #15: fuzz_corpus_tests ................   Passed    0.04 sec
      Start 16: stress_deep_tests
16/16 Test #16: stress_deep_tests ................   Passed    0.03 sec

100% tests passed out of 16

Total Test time (real) =   8.06 sec
==> coverage: merging 16 profiles
==> coverage: C++ report (39 files, 16 binaries)
warning: 161 functions have mismatched data
Filename                                       Regions    Missed Regions     Cover   Functions  Missed Functions  Executed       Lines      Missed Lines     Cover    Branches   Missed Branches     Cover
----------------------------------------------------------------------------------------------------------------------------------------------------------------------------------------------------------
include/strata/json/json_core.hpp                   61                 0   100.00%          33                 0   100.00%          75                 0   100.00%          20                 0   100.00%
include/strata/json/json_cursor.hpp                 22                 0   100.00%           9                 0   100.00%          15                 0   100.00%          24                 5    79.17%
include/strata/json/json_document.hpp                5                 0   100.00%           4                 0   100.00%           4                 0   100.00%           0                 0         -
include/strata/json/json_parser_inline.hpp         414                 6    98.55%          39                 0   100.00%         461                 5    98.92%         318                19    94.03%
include/strata/json/json_sax_handler.hpp             1                 0   100.00%           1                 0   100.00%           1                 0   100.00%           0                 0         -
include/strata/json/ndjson_stream.hpp                5                 2    60.00%           4                 2    50.00%           4                 2    50.00%           0                 0         -
include/strata/search/jsonpath_stream.hpp          116                 8    93.10%          23                 2    91.30%         148                11    92.57%          78                 8    89.74%
include/strata/util/dtoa.hpp                        47                 6    87.23%          11                 1    90.91%         138                39    71.74%          28                 5    82.14%
include/strata/util/fast_parse.hpp                 304                20    93.42%          16                 0   100.00%         294                10    96.60%         217                23    89.40%
include/strata/util/scan.hpp                        71                 2    97.18%           7                 2    71.43%         240               151    37.08%          46                 0   100.00%
src/strata/json/json_cursor.cpp                     85                 2    97.65%          16                 0   100.00%         105                 2    98.10%          50                 3    94.00%
src/strata/json/json_document.cpp                    4                 0   100.00%           1                 0   100.00%           6                 0   100.00%           2                 0   100.00%
src/strata/json/json_parse.cpp                      52                 9    82.69%          20                 0   100.00%         100                 8    92.00%          30                 9    70.00%
src/strata/json/json_serialize.cpp                  58                 2    96.55%           6                 0   100.00%         138                 4    97.10%          50                 2    96.00%
src/strata/json/ndjson_stream.cpp                   63                 3    95.24%           5                 0   100.00%          62                 1    98.39%          44                 5    88.64%
src/strata/search/jsonpath_compile.cpp             284                19    93.31%          21                 0   100.00%         311                22    92.93%         214                35    83.64%
src/strata/search/jsonpath_eval.cpp                107                23    78.50%           7                 0   100.00%         138                26    81.16%         104                27    74.04%
src/strata/util/dtoa.cpp                            58                 0   100.00%           3                 0   100.00%          94                 0   100.00%          40                 0   100.00%
src/strata/util/folder.cpp                          83                 3    96.39%          10                 0   100.00%          96                 8    91.67%          78                12    84.62%
src/strata/util/scan.cpp                            94                 0   100.00%           7                 0   100.00%          98                 0   100.00%          66                 0   100.00%
src/strata/util/temporal.cpp                       252                 0   100.00%          14                 0   100.00%         227                 0   100.00%         198                 8    95.96%
----------------------------------------------------------------------------------------------------------------------------------------------------------------------------------------------------------
TOTAL                                             2186               105    95.20%         257                 7    97.28%        2755               289    89.51%        1607               161    89.98%
[0;31mwarning: 161 functions have mismatched data
[0m==> coverage: HTML written to build/coverage/report/cpp/index.html
==> coverage: Python suites
============================= test session starts ==============================
platform darwin -- Python 3.14.7, pytest-9.1.1, pluggy-1.6.0
rootdir: /Users/borysbardysh/PycharmProjects/PrimeLabFoundation/strata
configfile: pyproject.toml
plugins: cov-7.1.0, anyio-4.15.1
collected 3583 items

tests/py/native_types/test_native_fast_paths.py ....................     [  0%]
tests/py/native_types/test_native_import.py ...                          [  0%]
tests/py/native_types/test_native_oracle.py .........                    [  0%]
tests/py/native_types/test_native_reentrancy.py ........................ [  1%]
..................................................                       [  2%]
tests/py/native_types/test_parse_types.py .............................. [  3%]
..........................................................               [  5%]
tests/py/test_dumps_brace_fold.py .........                              [  5%]
tests/py/test_dumps_cycles_fused.py .................................... [  6%]
....................................................                     [  8%]
tests/py/test_dumps_general_tables.py ............................       [  8%]
tests/py/test_dumps_with_default.py .................................... [  9%]
.............................ss                                          [ 10%]
tests/py/test_dumps_with_default_contract.py ........................... [ 11%]
........................................................................ [ 13%]
........................................................................ [ 15%]
..........................                                               [ 16%]
tests/py/test_fused_verification.py ..                                   [ 16%]
tests/py/test_json_parity.py ........................................... [ 17%]
........................................................................ [ 19%]
........................................................................ [ 21%]
........................................................................ [ 23%]
........................................................................ [ 25%]
........................................................................ [ 27%]
........................................................................ [ 29%]
........................................................................ [ 31%]
........................................................................ [ 33%]
........................................................................ [ 35%]
........................................................................ [ 37%]
........................................................................ [ 39%]
........................................................................ [ 41%]
........................................................................ [ 43%]
........................................................................ [ 45%]
........................................................................ [ 47%]
........................................................................ [ 49%]
.................................                                        [ 50%]
tests/py/test_path_dispatch.py ................................          [ 51%]
tests/py/test_py_tests_basetemp.py ..                                    [ 51%]
tests/py/test_smoke.py ...                                               [ 51%]
tests/unit/native_types/test_build_sources.py .....                      [ 51%]
tests/unit/native_types/test_parse_contract.py ......................... [ 52%]
.................................................                        [ 53%]
tests/unit/native_types/test_serializer_contract.py .................... [ 54%]
........................................................................ [ 56%]
..................                                                       [ 56%]
tests/unit/native_types/test_training_scope.py ............              [ 57%]
tests/unit/test_ab_analysis.py ......................................    [ 58%]
tests/unit/test_build_manifest.py ......                                 [ 58%]
tests/unit/test_canonical_builds.py ....                                 [ 58%]
tests/unit/test_ci_fetch.py ........................                     [ 59%]
tests/unit/test_ci_summary.py .......................                    [ 59%]
tests/unit/test_config.py ...........................                    [ 60%]
tests/unit/test_core_purity.py ....                                      [ 60%]
tests/unit/test_cross_sample.py ......                                   [ 60%]
tests/unit/test_dumps.py ............................................... [ 62%]
..........                                                               [ 62%]
tests/unit/test_dumps_brace_fold.py .........                            [ 62%]
tests/unit/test_dumps_cold_start.py ....                                 [ 62%]
tests/unit/test_dumps_contract.py ...................................... [ 63%]
.............................................................            [ 65%]
tests/unit/test_dumps_cycles_fused.py .................................. [ 66%]
......................................................                   [ 68%]
tests/unit/test_dumps_general_tables.py ............................     [ 68%]
tests/unit/test_dumps_latch.py ............................              [ 69%]
tests/unit/test_dumps_private_cache.py ................................  [ 70%]
tests/unit/test_dumps_reentrancy.py .................................... [ 71%]
......................................................................   [ 73%]
tests/unit/test_dumps_reentrancy_review.py ............................. [ 74%]
..                                                                       [ 74%]
tests/unit/test_dumps_schema_failure.py ...........................      [ 75%]
tests/unit/test_dumps_user_step_counter.py ..........................    [ 75%]
tests/unit/test_dumps_with_default.py .................................. [ 76%]
........................................................................ [ 78%]
...................................................................      [ 80%]
tests/unit/test_dumps_with_default_state.py ............................ [ 81%]
........................................................................ [ 83%]
..............                                                           [ 83%]
tests/unit/test_folder.py .............................................. [ 85%]
.........................................                                [ 86%]
tests/unit/test_fused_verification.py ..                                 [ 86%]
tests/unit/test_hook_build_scope.py ...............................      [ 87%]
tests/unit/test_json_cursor.py ...........................               [ 87%]
tests/unit/test_jsonpath.py ............................................ [ 89%]
.......................................................................  [ 91%]
tests/unit/test_load_dump.py ........................................... [ 92%]
                                                                         [ 92%]
tests/unit/test_loads.py ............................................... [ 93%]
........................................................................ [ 95%]
................                                                         [ 96%]
tests/unit/test_native_interleaved_profile.py ...                        [ 96%]
tests/unit/test_nested_container_probe.py ....                           [ 96%]
tests/unit/test_path_dispatch.py ................................        [ 97%]
tests/unit/test_provenance.py ..................                         [ 97%]
tests/unit/test_regression_check.py ..........................           [ 98%]
tests/unit/test_search_stream.py .................                       [ 98%]
tests/unit/test_string_identity_probe.py .                               [ 98%]
tests/unit/test_supplementary.py .............                           [ 99%]
tests/unit/test_supportability_check.py ....................             [ 99%]
tests/unit/test_version.py ....                                          [100%]

================================ tests coverage ================================
_______________ coverage: platform darwin, python 3.14.7-final-0 _______________

Name                         Stmts   Miss  Cover   Missing
----------------------------------------------------------
python/strata/__init__.py        7      0   100%
python/strata/config.py          8      0   100%
python/strata/jsonpath.py       13      0   100%
python/strata/serialize.py      18      0   100%
----------------------------------------------------------
TOTAL                           46      0   100%
Coverage HTML written to dir build/coverage/report/py
======================= 3581 passed, 2 skipped in 12.57s =======================
==> coverage: HTML written to build/coverage/report/py/index.html

════════════════════════════════════════════════════════════════
  GATE PASSED
════════════════════════════════════════════════════════════════
