# target   /home/runner/work/strata/strata/python/strata/_strata.cpython-312-x86_64-linux-gnu.so
# build A  /home/runner/work/strata/strata/arms/A.so  md5=383921108d0b97eb3f1553202fc40888
# build B  /home/runner/work/strata/strata/arms/A.so  md5=383921108d0b97eb3f1553202fc40888
# order    ABBAABBAABBAABBAABBAABBAA (25 launches)
# rows     small:users:loads small:users:dumps small:users:load small:users:dump small:users:ndload small:flat:loads small:flat:dumps small:flat:load small:flat:dump small:nested:loads small:nested:dumps small:nested:load small:nested:dump small:wide_arrays:loads small:wide_arrays:dumps small:wide_arrays:load small:wide_arrays:dump small:mixed:loads small:mixed:dumps small:mixed:load small:mixed:dump medium:flat:dumps medium:users:dumps medium:mixed:dumps medium:wide_arrays:loads  repeat=60
# facade   /home/runner/work/strata/strata/python/strata swapped per launch
# launch 00 build=A md5=383921108d0b97eb3f1553202fc40888 facade_md5=8045c859563f90acf92a73b882358a78
# L00 build=A extension=/home/runner/work/strata/strata/python/strata/_strata.cpython-312-x86_64-linux-gnu.so md5=383921108d0b97eb3f1553202fc40888 load=1.00,1.00,0.86 cpus=4 t=06:33:52
# launch 01 build=B md5=383921108d0b97eb3f1553202fc40888 facade_md5=8045c859563f90acf92a73b882358a78
# L01 build=B extension=/home/runner/work/strata/strata/python/strata/_strata.cpython-312-x86_64-linux-gnu.so md5=383921108d0b97eb3f1553202fc40888 load=1.00,1.00,0.87 cpus=4 t=06:34:17
# launch 02 build=B md5=383921108d0b97eb3f1553202fc40888 facade_md5=8045c859563f90acf92a73b882358a78
# L02 build=B extension=/home/runner/work/strata/strata/python/strata/_strata.cpython-312-x86_64-linux-gnu.so md5=383921108d0b97eb3f1553202fc40888 load=1.00,1.00,0.87 cpus=4 t=06:34:41
# launch 03 build=A md5=383921108d0b97eb3f1553202fc40888 facade_md5=8045c859563f90acf92a73b882358a78
# L03 build=A extension=/home/runner/work/strata/strata/python/strata/_strata.cpython-312-x86_64-linux-gnu.so md5=383921108d0b97eb3f1553202fc40888 load=1.00,1.00,0.88 cpus=4 t=06:35:06
# launch 04 build=A md5=383921108d0b97eb3f1553202fc40888 facade_md5=8045c859563f90acf92a73b882358a78
# L04 build=A extension=/home/runner/work/strata/strata/python/strata/_strata.cpython-312-x86_64-linux-gnu.so md5=383921108d0b97eb3f1553202fc40888 load=1.07,1.02,0.89 cpus=4 t=06:35:36
# launch 05 build=B md5=383921108d0b97eb3f1553202fc40888 facade_md5=8045c859563f90acf92a73b882358a78
# L05 build=B extension=/home/runner/work/strata/strata/python/strata/_strata.cpython-312-x86_64-linux-gnu.so md5=383921108d0b97eb3f1553202fc40888 load=1.04,1.01,0.90 cpus=4 t=06:36:05
# launch 06 build=B md5=383921108d0b97eb3f1553202fc40888 facade_md5=8045c859563f90acf92a73b882358a78
# L06 build=B extension=/home/runner/work/strata/strata/python/strata/_strata.cpython-312-x86_64-linux-gnu.so md5=383921108d0b97eb3f1553202fc40888 load=1.03,1.01,0.90 cpus=4 t=06:36:30
# launch 07 build=A md5=383921108d0b97eb3f1553202fc40888 facade_md5=8045c859563f90acf92a73b882358a78
# L07 build=A extension=/home/runner/work/strata/strata/python/strata/_strata.cpython-312-x86_64-linux-gnu.so md5=383921108d0b97eb3f1553202fc40888 load=1.02,1.01,0.91 cpus=4 t=06:37:00
# launch 08 build=A md5=383921108d0b97eb3f1553202fc40888 facade_md5=8045c859563f90acf92a73b882358a78
# L08 build=A extension=/home/runner/work/strata/strata/python/strata/_strata.cpython-312-x86_64-linux-gnu.so md5=383921108d0b97eb3f1553202fc40888 load=1.01,1.01,0.91 cpus=4 t=06:37:26
# launch 09 build=B md5=383921108d0b97eb3f1553202fc40888 facade_md5=8045c859563f90acf92a73b882358a78
# L09 build=B extension=/home/runner/work/strata/strata/python/strata/_strata.cpython-312-x86_64-linux-gnu.so md5=383921108d0b97eb3f1553202fc40888 load=1.00,1.00,0.91 cpus=4 t=06:37:56
# launch 10 build=B md5=383921108d0b97eb3f1553202fc40888 facade_md5=8045c859563f90acf92a73b882358a78
# L10 build=B extension=/home/runner/work/strata/strata/python/strata/_strata.cpython-312-x86_64-linux-gnu.so md5=383921108d0b97eb3f1553202fc40888 load=1.00,1.00,0.92 cpus=4 t=06:38:25
# launch 11 build=A md5=383921108d0b97eb3f1553202fc40888 facade_md5=8045c859563f90acf92a73b882358a78
# L11 build=A extension=/home/runner/work/strata/strata/python/strata/_strata.cpython-312-x86_64-linux-gnu.so md5=383921108d0b97eb3f1553202fc40888 load=1.00,1.00,0.92 cpus=4 t=06:38:51
# launch 12 build=A md5=383921108d0b97eb3f1553202fc40888 facade_md5=8045c859563f90acf92a73b882358a78
# L12 build=A extension=/home/runner/work/strata/strata/python/strata/_strata.cpython-312-x86_64-linux-gnu.so md5=383921108d0b97eb3f1553202fc40888 load=1.00,1.00,0.92 cpus=4 t=06:39:16
# launch 13 build=B md5=383921108d0b97eb3f1553202fc40888 facade_md5=8045c859563f90acf92a73b882358a78
# L13 build=B extension=/home/runner/work/strata/strata/python/strata/_strata.cpython-312-x86_64-linux-gnu.so md5=383921108d0b97eb3f1553202fc40888 load=1.00,1.00,0.92 cpus=4 t=06:39:40
# launch 14 build=B md5=383921108d0b97eb3f1553202fc40888 facade_md5=8045c859563f90acf92a73b882358a78
# L14 build=B extension=/home/runner/work/strata/strata/python/strata/_strata.cpython-312-x86_64-linux-gnu.so md5=383921108d0b97eb3f1553202fc40888 load=1.00,1.00,0.93 cpus=4 t=06:40:05
# launch 15 build=A md5=383921108d0b97eb3f1553202fc40888 facade_md5=8045c859563f90acf92a73b882358a78
# L15 build=A extension=/home/runner/work/strata/strata/python/strata/_strata.cpython-312-x86_64-linux-gnu.so md5=383921108d0b97eb3f1553202fc40888 load=1.00,1.00,0.93 cpus=4 t=06:40:32
# launch 16 build=A md5=383921108d0b97eb3f1553202fc40888 facade_md5=8045c859563f90acf92a73b882358a78
# L16 build=A extension=/home/runner/work/strata/strata/python/strata/_strata.cpython-312-x86_64-linux-gnu.so md5=383921108d0b97eb3f1553202fc40888 load=1.00,1.00,0.93 cpus=4 t=06:40:57
# launch 17 build=B md5=383921108d0b97eb3f1553202fc40888 facade_md5=8045c859563f90acf92a73b882358a78
# L17 build=B extension=/home/runner/work/strata/strata/python/strata/_strata.cpython-312-x86_64-linux-gnu.so md5=383921108d0b97eb3f1553202fc40888 load=1.00,1.00,0.93 cpus=4 t=06:41:24
# launch 18 build=B md5=383921108d0b97eb3f1553202fc40888 facade_md5=8045c859563f90acf92a73b882358a78
# L18 build=B extension=/home/runner/work/strata/strata/python/strata/_strata.cpython-312-x86_64-linux-gnu.so md5=383921108d0b97eb3f1553202fc40888 load=1.00,1.00,0.94 cpus=4 t=06:41:52
# launch 19 build=A md5=383921108d0b97eb3f1553202fc40888 facade_md5=8045c859563f90acf92a73b882358a78
# L19 build=A extension=/home/runner/work/strata/strata/python/strata/_strata.cpython-312-x86_64-linux-gnu.so md5=383921108d0b97eb3f1553202fc40888 load=1.00,1.00,0.94 cpus=4 t=06:42:21
# launch 20 build=A md5=383921108d0b97eb3f1553202fc40888 facade_md5=8045c859563f90acf92a73b882358a78
# L20 build=A extension=/home/runner/work/strata/strata/python/strata/_strata.cpython-312-x86_64-linux-gnu.so md5=383921108d0b97eb3f1553202fc40888 load=1.00,1.00,0.94 cpus=4 t=06:42:51
# launch 21 build=B md5=383921108d0b97eb3f1553202fc40888 facade_md5=8045c859563f90acf92a73b882358a78
# L21 build=B extension=/home/runner/work/strata/strata/python/strata/_strata.cpython-312-x86_64-linux-gnu.so md5=383921108d0b97eb3f1553202fc40888 load=1.00,1.00,0.94 cpus=4 t=06:43:20
# launch 22 build=B md5=383921108d0b97eb3f1553202fc40888 facade_md5=8045c859563f90acf92a73b882358a78
# L22 build=B extension=/home/runner/work/strata/strata/python/strata/_strata.cpython-312-x86_64-linux-gnu.so md5=383921108d0b97eb3f1553202fc40888 load=1.00,1.00,0.95 cpus=4 t=06:43:51
# launch 23 build=A md5=383921108d0b97eb3f1553202fc40888 facade_md5=8045c859563f90acf92a73b882358a78
# L23 build=A extension=/home/runner/work/strata/strata/python/strata/_strata.cpython-312-x86_64-linux-gnu.so md5=383921108d0b97eb3f1553202fc40888 load=1.00,1.00,0.95 cpus=4 t=06:44:28
# launch 24 build=A md5=383921108d0b97eb3f1553202fc40888 facade_md5=8045c859563f90acf92a73b882358a78
# L24 build=A extension=/home/runner/work/strata/strata/python/strata/_strata.cpython-312-x86_64-linux-gnu.so md5=383921108d0b97eb3f1553202fc40888 load=1.00,1.00,0.95 cpus=4 t=06:45:04
# wrote ab/AA.tsv (25 of 25 launches)
# restored /home/runner/work/strata/strata/python/strata/_strata.cpython-312-x86_64-linux-gnu.so to md5=14cbb757d08fec93609083f316f91f49
# restored facade /home/runner/work/strata/strata/python/strata to md5=bc19225b9639128ba9fd166d5e3f1bef
