# target   /Users/runner/work/strata/strata/python/strata/_strata.cpython-312-darwin.so
# build A  /Users/runner/work/strata/strata/arms/A.so  md5=413f767326e9ce22b3a5eb5d61c2a26c
# build B  /Users/runner/work/strata/strata/arms/A2.so  md5=5a35cf72241b14bacc57bddda1bc569f
# order    ABBAABBAABBAABBAABBAABBAA (25 launches)
# rows     small:users:loads small:users:dumps small:users:load small:users:dump small:users:ndload small:flat:loads small:flat:dumps small:flat:load small:flat:dump small:nested:loads small:nested:dumps small:nested:load small:nested:dump small:wide_arrays:loads small:wide_arrays:dumps small:wide_arrays:load small:wide_arrays:dump small:mixed:loads small:mixed:dumps small:mixed:load small:mixed:dump medium:flat:dumps medium:users:dumps medium:mixed:dumps medium:wide_arrays:loads  repeat=60
# facade   /Users/runner/work/strata/strata/python/strata swapped per launch
# launch 00 build=A md5=413f767326e9ce22b3a5eb5d61c2a26c facade_md5=8045c859563f90acf92a73b882358a78
# L00 build=A extension=/Users/runner/work/strata/strata/python/strata/_strata.cpython-312-darwin.so md5=413f767326e9ce22b3a5eb5d61c2a26c load=1.63,1.75,2.39 cpus=3 t=05:06:20
# launch 01 build=B md5=5a35cf72241b14bacc57bddda1bc569f facade_md5=8045c859563f90acf92a73b882358a78
# L01 build=B extension=/Users/runner/work/strata/strata/python/strata/_strata.cpython-312-darwin.so md5=5a35cf72241b14bacc57bddda1bc569f load=1.77,1.76,2.37 cpus=3 t=05:06:58
# launch 02 build=B md5=5a35cf72241b14bacc57bddda1bc569f facade_md5=8045c859563f90acf92a73b882358a78
# L02 build=B extension=/Users/runner/work/strata/strata/python/strata/_strata.cpython-312-darwin.so md5=5a35cf72241b14bacc57bddda1bc569f load=1.83,1.78,2.34 cpus=3 t=05:07:40
# launch 03 build=A md5=413f767326e9ce22b3a5eb5d61c2a26c facade_md5=8045c859563f90acf92a73b882358a78
# L03 build=A extension=/Users/runner/work/strata/strata/python/strata/_strata.cpython-312-darwin.so md5=413f767326e9ce22b3a5eb5d61c2a26c load=1.82,1.77,2.32 cpus=3 t=05:08:19
# launch 04 build=A md5=413f767326e9ce22b3a5eb5d61c2a26c facade_md5=8045c859563f90acf92a73b882358a78
# L04 build=A extension=/Users/runner/work/strata/strata/python/strata/_strata.cpython-312-darwin.so md5=413f767326e9ce22b3a5eb5d61c2a26c load=1.53,1.70,2.27 cpus=3 t=05:08:53
# launch 05 build=B md5=5a35cf72241b14bacc57bddda1bc569f facade_md5=8045c859563f90acf92a73b882358a78
# L05 build=B extension=/Users/runner/work/strata/strata/python/strata/_strata.cpython-312-darwin.so md5=5a35cf72241b14bacc57bddda1bc569f load=1.76,1.73,2.26 cpus=3 t=05:09:28
# launch 06 build=B md5=5a35cf72241b14bacc57bddda1bc569f facade_md5=8045c859563f90acf92a73b882358a78
# L06 build=B extension=/Users/runner/work/strata/strata/python/strata/_strata.cpython-312-darwin.so md5=5a35cf72241b14bacc57bddda1bc569f load=1.54,1.68,2.22 cpus=3 t=05:10:02
# launch 07 build=A md5=413f767326e9ce22b3a5eb5d61c2a26c facade_md5=8045c859563f90acf92a73b882358a78
# L07 build=A extension=/Users/runner/work/strata/strata/python/strata/_strata.cpython-312-darwin.so md5=413f767326e9ce22b3a5eb5d61c2a26c load=1.37,1.62,2.17 cpus=3 t=05:10:36
# launch 08 build=A md5=413f767326e9ce22b3a5eb5d61c2a26c facade_md5=8045c859563f90acf92a73b882358a78
# L08 build=A extension=/Users/runner/work/strata/strata/python/strata/_strata.cpython-312-darwin.so md5=413f767326e9ce22b3a5eb5d61c2a26c load=1.27,1.56,2.13 cpus=3 t=05:11:09
# launch 09 build=B md5=5a35cf72241b14bacc57bddda1bc569f facade_md5=8045c859563f90acf92a73b882358a78
# L09 build=B extension=/Users/runner/work/strata/strata/python/strata/_strata.cpython-312-darwin.so md5=5a35cf72241b14bacc57bddda1bc569f load=1.37,1.56,2.11 cpus=3 t=05:11:43
# launch 10 build=B md5=5a35cf72241b14bacc57bddda1bc569f facade_md5=8045c859563f90acf92a73b882358a78
# L10 build=B extension=/Users/runner/work/strata/strata/python/strata/_strata.cpython-312-darwin.so md5=5a35cf72241b14bacc57bddda1bc569f load=1.41,1.56,2.08 cpus=3 t=05:12:18
# launch 11 build=A md5=413f767326e9ce22b3a5eb5d61c2a26c facade_md5=8045c859563f90acf92a73b882358a78
# L11 build=A extension=/Users/runner/work/strata/strata/python/strata/_strata.cpython-312-darwin.so md5=413f767326e9ce22b3a5eb5d61c2a26c load=1.61,1.58,2.07 cpus=3 t=05:12:58
# launch 12 build=A md5=413f767326e9ce22b3a5eb5d61c2a26c facade_md5=8045c859563f90acf92a73b882358a78
# L12 build=A extension=/Users/runner/work/strata/strata/python/strata/_strata.cpython-312-darwin.so md5=413f767326e9ce22b3a5eb5d61c2a26c load=1.92,1.66,2.07 cpus=3 t=05:13:35
# launch 13 build=B md5=5a35cf72241b14bacc57bddda1bc569f facade_md5=8045c859563f90acf92a73b882358a78
# L13 build=B extension=/Users/runner/work/strata/strata/python/strata/_strata.cpython-312-darwin.so md5=5a35cf72241b14bacc57bddda1bc569f load=1.71,1.64,2.05 cpus=3 t=05:14:14
# launch 14 build=B md5=5a35cf72241b14bacc57bddda1bc569f facade_md5=8045c859563f90acf92a73b882358a78
# L14 build=B extension=/Users/runner/work/strata/strata/python/strata/_strata.cpython-312-darwin.so md5=5a35cf72241b14bacc57bddda1bc569f load=1.72,1.66,2.04 cpus=3 t=05:14:52
# launch 15 build=A md5=413f767326e9ce22b3a5eb5d61c2a26c facade_md5=8045c859563f90acf92a73b882358a78
# L15 build=A extension=/Users/runner/work/strata/strata/python/strata/_strata.cpython-312-darwin.so md5=413f767326e9ce22b3a5eb5d61c2a26c load=1.77,1.68,2.03 cpus=3 t=05:15:33
# launch 16 build=A md5=413f767326e9ce22b3a5eb5d61c2a26c facade_md5=8045c859563f90acf92a73b882358a78
# L16 build=A extension=/Users/runner/work/strata/strata/python/strata/_strata.cpython-312-darwin.so md5=413f767326e9ce22b3a5eb5d61c2a26c load=1.83,1.71,2.02 cpus=3 t=05:16:14
# launch 17 build=B md5=5a35cf72241b14bacc57bddda1bc569f facade_md5=8045c859563f90acf92a73b882358a78
# L17 build=B extension=/Users/runner/work/strata/strata/python/strata/_strata.cpython-312-darwin.so md5=5a35cf72241b14bacc57bddda1bc569f load=1.66,1.68,1.99 cpus=3 t=05:16:56
# launch 18 build=B md5=5a35cf72241b14bacc57bddda1bc569f facade_md5=8045c859563f90acf92a73b882358a78
# L18 build=B extension=/Users/runner/work/strata/strata/python/strata/_strata.cpython-312-darwin.so md5=5a35cf72241b14bacc57bddda1bc569f load=1.54,1.64,1.96 cpus=3 t=05:17:37
# launch 19 build=A md5=413f767326e9ce22b3a5eb5d61c2a26c facade_md5=8045c859563f90acf92a73b882358a78
# L19 build=A extension=/Users/runner/work/strata/strata/python/strata/_strata.cpython-312-darwin.so md5=413f767326e9ce22b3a5eb5d61c2a26c load=1.63,1.66,1.96 cpus=3 t=05:18:13
# launch 20 build=A md5=413f767326e9ce22b3a5eb5d61c2a26c facade_md5=8045c859563f90acf92a73b882358a78
# L20 build=A extension=/Users/runner/work/strata/strata/python/strata/_strata.cpython-312-darwin.so md5=413f767326e9ce22b3a5eb5d61c2a26c load=2.03,1.77,1.98 cpus=3 t=05:18:49
# launch 21 build=B md5=5a35cf72241b14bacc57bddda1bc569f facade_md5=8045c859563f90acf92a73b882358a78
# L21 build=B extension=/Users/runner/work/strata/strata/python/strata/_strata.cpython-312-darwin.so md5=5a35cf72241b14bacc57bddda1bc569f load=1.96,1.78,1.98 cpus=3 t=05:19:24
# launch 22 build=B md5=5a35cf72241b14bacc57bddda1bc569f facade_md5=8045c859563f90acf92a73b882358a78
# L22 build=B extension=/Users/runner/work/strata/strata/python/strata/_strata.cpython-312-darwin.so md5=5a35cf72241b14bacc57bddda1bc569f load=2.13,1.84,1.99 cpus=3 t=05:20:03
# launch 23 build=A md5=413f767326e9ce22b3a5eb5d61c2a26c facade_md5=8045c859563f90acf92a73b882358a78
# L23 build=A extension=/Users/runner/work/strata/strata/python/strata/_strata.cpython-312-darwin.so md5=413f767326e9ce22b3a5eb5d61c2a26c load=1.70,1.76,1.96 cpus=3 t=05:20:41
# launch 24 build=A md5=413f767326e9ce22b3a5eb5d61c2a26c facade_md5=8045c859563f90acf92a73b882358a78
# L24 build=A extension=/Users/runner/work/strata/strata/python/strata/_strata.cpython-312-darwin.so md5=413f767326e9ce22b3a5eb5d61c2a26c load=1.76,1.77,1.95 cpus=3 t=05:21:17
# wrote ab/A2.tsv (25 of 25 launches)
# restored /Users/runner/work/strata/strata/python/strata/_strata.cpython-312-darwin.so to md5=3f9d856eac95164d93e742565fee2da3
# restored facade /Users/runner/work/strata/strata/python/strata to md5=bc19225b9639128ba9fd166d5e3f1bef
