# target   /Users/runner/work/strata/strata/python/strata/_strata.cpython-312-darwin.so
# build A  /Users/runner/work/strata/strata/arms/A.so  md5=413f767326e9ce22b3a5eb5d61c2a26c
# build B  /Users/runner/work/strata/strata/arms/A.so  md5=413f767326e9ce22b3a5eb5d61c2a26c
# order    ABBAABBAABBAABBAABBAABBAA (25 launches)
# rows     small:users:loads small:users:dumps small:users:load small:users:dump small:users:ndload small:flat:loads small:flat:dumps small:flat:load small:flat:dump small:nested:loads small:nested:dumps small:nested:load small:nested:dump small:wide_arrays:loads small:wide_arrays:dumps small:wide_arrays:load small:wide_arrays:dump small:mixed:loads small:mixed:dumps small:mixed:load small:mixed:dump medium:flat:dumps medium:users:dumps medium:mixed:dumps medium:wide_arrays:loads  repeat=60
# facade   /Users/runner/work/strata/strata/python/strata swapped per launch
# launch 00 build=A md5=413f767326e9ce22b3a5eb5d61c2a26c facade_md5=8045c859563f90acf92a73b882358a78
# L00 build=A extension=/Users/runner/work/strata/strata/python/strata/_strata.cpython-312-darwin.so md5=413f767326e9ce22b3a5eb5d61c2a26c load=1.52,2.70,3.75 cpus=3 t=04:51:12
# launch 01 build=B md5=413f767326e9ce22b3a5eb5d61c2a26c facade_md5=8045c859563f90acf92a73b882358a78
# L01 build=B extension=/Users/runner/work/strata/strata/python/strata/_strata.cpython-312-darwin.so md5=413f767326e9ce22b3a5eb5d61c2a26c load=1.38,2.56,3.66 cpus=3 t=04:51:43
# launch 02 build=B md5=413f767326e9ce22b3a5eb5d61c2a26c facade_md5=8045c859563f90acf92a73b882358a78
# L02 build=B extension=/Users/runner/work/strata/strata/python/strata/_strata.cpython-312-darwin.so md5=413f767326e9ce22b3a5eb5d61c2a26c load=1.30,2.42,3.57 cpus=3 t=04:52:16
# launch 03 build=A md5=413f767326e9ce22b3a5eb5d61c2a26c facade_md5=8045c859563f90acf92a73b882358a78
# L03 build=A extension=/Users/runner/work/strata/strata/python/strata/_strata.cpython-312-darwin.so md5=413f767326e9ce22b3a5eb5d61c2a26c load=1.44,2.34,3.49 cpus=3 t=04:52:47
# launch 04 build=A md5=413f767326e9ce22b3a5eb5d61c2a26c facade_md5=8045c859563f90acf92a73b882358a78
# L04 build=A extension=/Users/runner/work/strata/strata/python/strata/_strata.cpython-312-darwin.so md5=413f767326e9ce22b3a5eb5d61c2a26c load=1.54,2.25,3.41 cpus=3 t=04:53:28
# launch 05 build=B md5=413f767326e9ce22b3a5eb5d61c2a26c facade_md5=8045c859563f90acf92a73b882358a78
# L05 build=B extension=/Users/runner/work/strata/strata/python/strata/_strata.cpython-312-darwin.so md5=413f767326e9ce22b3a5eb5d61c2a26c load=1.85,2.24,3.35 cpus=3 t=04:54:09
# launch 06 build=B md5=413f767326e9ce22b3a5eb5d61c2a26c facade_md5=8045c859563f90acf92a73b882358a78
# L06 build=B extension=/Users/runner/work/strata/strata/python/strata/_strata.cpython-312-darwin.so md5=413f767326e9ce22b3a5eb5d61c2a26c load=1.73,2.17,3.28 cpus=3 t=04:54:46
# launch 07 build=A md5=413f767326e9ce22b3a5eb5d61c2a26c facade_md5=8045c859563f90acf92a73b882358a78
# L07 build=A extension=/Users/runner/work/strata/strata/python/strata/_strata.cpython-312-darwin.so md5=413f767326e9ce22b3a5eb5d61c2a26c load=1.90,2.16,3.23 cpus=3 t=04:55:22
# launch 08 build=A md5=413f767326e9ce22b3a5eb5d61c2a26c facade_md5=8045c859563f90acf92a73b882358a78
# L08 build=A extension=/Users/runner/work/strata/strata/python/strata/_strata.cpython-312-darwin.so md5=413f767326e9ce22b3a5eb5d61c2a26c load=1.79,2.11,3.16 cpus=3 t=04:56:00
# launch 09 build=B md5=413f767326e9ce22b3a5eb5d61c2a26c facade_md5=8045c859563f90acf92a73b882358a78
# L09 build=B extension=/Users/runner/work/strata/strata/python/strata/_strata.cpython-312-darwin.so md5=413f767326e9ce22b3a5eb5d61c2a26c load=1.81,2.08,3.11 cpus=3 t=04:56:39
# launch 10 build=B md5=413f767326e9ce22b3a5eb5d61c2a26c facade_md5=8045c859563f90acf92a73b882358a78
# L10 build=B extension=/Users/runner/work/strata/strata/python/strata/_strata.cpython-312-darwin.so md5=413f767326e9ce22b3a5eb5d61c2a26c load=1.78,2.05,3.05 cpus=3 t=04:57:13
# launch 11 build=A md5=413f767326e9ce22b3a5eb5d61c2a26c facade_md5=8045c859563f90acf92a73b882358a78
# L11 build=A extension=/Users/runner/work/strata/strata/python/strata/_strata.cpython-312-darwin.so md5=413f767326e9ce22b3a5eb5d61c2a26c load=1.59,1.98,2.99 cpus=3 t=04:57:43
# launch 12 build=A md5=413f767326e9ce22b3a5eb5d61c2a26c facade_md5=8045c859563f90acf92a73b882358a78
# L12 build=A extension=/Users/runner/work/strata/strata/python/strata/_strata.cpython-312-darwin.so md5=413f767326e9ce22b3a5eb5d61c2a26c load=1.51,1.92,2.93 cpus=3 t=04:58:14
# launch 13 build=B md5=413f767326e9ce22b3a5eb5d61c2a26c facade_md5=8045c859563f90acf92a73b882358a78
# L13 build=B extension=/Users/runner/work/strata/strata/python/strata/_strata.cpython-312-darwin.so md5=413f767326e9ce22b3a5eb5d61c2a26c load=1.91,1.97,2.92 cpus=3 t=04:58:45
# launch 14 build=B md5=413f767326e9ce22b3a5eb5d61c2a26c facade_md5=8045c859563f90acf92a73b882358a78
# L14 build=B extension=/Users/runner/work/strata/strata/python/strata/_strata.cpython-312-darwin.so md5=413f767326e9ce22b3a5eb5d61c2a26c load=1.57,1.88,2.84 cpus=3 t=04:59:18
# launch 15 build=A md5=413f767326e9ce22b3a5eb5d61c2a26c facade_md5=8045c859563f90acf92a73b882358a78
# L15 build=A extension=/Users/runner/work/strata/strata/python/strata/_strata.cpython-312-darwin.so md5=413f767326e9ce22b3a5eb5d61c2a26c load=1.71,1.89,2.81 cpus=3 t=04:59:57
# launch 16 build=A md5=413f767326e9ce22b3a5eb5d61c2a26c facade_md5=8045c859563f90acf92a73b882358a78
# L16 build=A extension=/Users/runner/work/strata/strata/python/strata/_strata.cpython-312-darwin.so md5=413f767326e9ce22b3a5eb5d61c2a26c load=1.48,1.81,2.73 cpus=3 t=05:00:35
# launch 17 build=B md5=413f767326e9ce22b3a5eb5d61c2a26c facade_md5=8045c859563f90acf92a73b882358a78
# L17 build=B extension=/Users/runner/work/strata/strata/python/strata/_strata.cpython-312-darwin.so md5=413f767326e9ce22b3a5eb5d61c2a26c load=1.73,1.83,2.70 cpus=3 t=05:01:13
# launch 18 build=B md5=413f767326e9ce22b3a5eb5d61c2a26c facade_md5=8045c859563f90acf92a73b882358a78
# L18 build=B extension=/Users/runner/work/strata/strata/python/strata/_strata.cpython-312-darwin.so md5=413f767326e9ce22b3a5eb5d61c2a26c load=1.41,1.73,2.63 cpus=3 t=05:01:47
# launch 19 build=A md5=413f767326e9ce22b3a5eb5d61c2a26c facade_md5=8045c859563f90acf92a73b882358a78
# L19 build=A extension=/Users/runner/work/strata/strata/python/strata/_strata.cpython-312-darwin.so md5=413f767326e9ce22b3a5eb5d61c2a26c load=1.79,1.79,2.60 cpus=3 t=05:02:33
# launch 20 build=A md5=413f767326e9ce22b3a5eb5d61c2a26c facade_md5=8045c859563f90acf92a73b882358a78
# L20 build=A extension=/Users/runner/work/strata/strata/python/strata/_strata.cpython-312-darwin.so md5=413f767326e9ce22b3a5eb5d61c2a26c load=1.44,1.70,2.54 cpus=3 t=05:03:11
# launch 21 build=B md5=413f767326e9ce22b3a5eb5d61c2a26c facade_md5=8045c859563f90acf92a73b882358a78
# L21 build=B extension=/Users/runner/work/strata/strata/python/strata/_strata.cpython-312-darwin.so md5=413f767326e9ce22b3a5eb5d61c2a26c load=1.78,1.76,2.52 cpus=3 t=05:03:47
# launch 22 build=B md5=413f767326e9ce22b3a5eb5d61c2a26c facade_md5=8045c859563f90acf92a73b882358a78
# L22 build=B extension=/Users/runner/work/strata/strata/python/strata/_strata.cpython-312-darwin.so md5=413f767326e9ce22b3a5eb5d61c2a26c load=2.00,1.83,2.51 cpus=3 t=05:04:28
# launch 23 build=A md5=413f767326e9ce22b3a5eb5d61c2a26c facade_md5=8045c859563f90acf92a73b882358a78
# L23 build=A extension=/Users/runner/work/strata/strata/python/strata/_strata.cpython-312-darwin.so md5=413f767326e9ce22b3a5eb5d61c2a26c load=1.89,1.82,2.48 cpus=3 t=05:05:08
# launch 24 build=A md5=413f767326e9ce22b3a5eb5d61c2a26c facade_md5=8045c859563f90acf92a73b882358a78
# L24 build=A extension=/Users/runner/work/strata/strata/python/strata/_strata.cpython-312-darwin.so md5=413f767326e9ce22b3a5eb5d61c2a26c load=1.60,1.76,2.43 cpus=3 t=05:05:43
# wrote ab/AA.tsv (25 of 25 launches)
# restored /Users/runner/work/strata/strata/python/strata/_strata.cpython-312-darwin.so to md5=3f9d856eac95164d93e742565fee2da3
# restored facade /Users/runner/work/strata/strata/python/strata to md5=bc19225b9639128ba9fd166d5e3f1bef
