# target   D:\a\strata\strata\python\strata\_strata.cp312-win_amd64.pyd
# build A  D:\a\strata\strata\arms\A.pyd  md5=f2d17794b4d4c6e30e5ac1603b429915
# build B  D:\a\strata\strata\arms\A.pyd  md5=f2d17794b4d4c6e30e5ac1603b429915
# order    ABBAABBAABBAABBAABBAABBAA (25 launches)
# rows     small:users:loads small:users:dumps small:users:load small:users:dump small:users:ndload small:flat:loads small:flat:dumps small:flat:load small:flat:dump small:nested:loads small:nested:dumps small:nested:load small:nested:dump small:wide_arrays:loads small:wide_arrays:dumps small:wide_arrays:load small:wide_arrays:dump small:mixed:loads small:mixed:dumps small:mixed:load small:mixed:dump medium:flat:dumps medium:users:dumps medium:mixed:dumps medium:wide_arrays:loads  repeat=60
# facade   D:\a\strata\strata\python\strata swapped per launch
# launch 00 build=A md5=f2d17794b4d4c6e30e5ac1603b429915 facade_md5=d352d17983408bdc586af5b8bd2a03ed
# L00 build=A extension=D:\a\strata\strata\python\strata\_strata.cp312-win_amd64.pyd md5=f2d17794b4d4c6e30e5ac1603b429915 load=unavailable(Windows) cpus=4 t=01:15:32
# launch 01 build=B md5=f2d17794b4d4c6e30e5ac1603b429915 facade_md5=d352d17983408bdc586af5b8bd2a03ed
# L01 build=B extension=D:\a\strata\strata\python\strata\_strata.cp312-win_amd64.pyd md5=f2d17794b4d4c6e30e5ac1603b429915 load=unavailable(Windows) cpus=4 t=01:16:13
# launch 02 build=B md5=f2d17794b4d4c6e30e5ac1603b429915 facade_md5=d352d17983408bdc586af5b8bd2a03ed
# L02 build=B extension=D:\a\strata\strata\python\strata\_strata.cp312-win_amd64.pyd md5=f2d17794b4d4c6e30e5ac1603b429915 load=unavailable(Windows) cpus=4 t=01:16:54
# launch 03 build=A md5=f2d17794b4d4c6e30e5ac1603b429915 facade_md5=d352d17983408bdc586af5b8bd2a03ed
# L03 build=A extension=D:\a\strata\strata\python\strata\_strata.cp312-win_amd64.pyd md5=f2d17794b4d4c6e30e5ac1603b429915 load=unavailable(Windows) cpus=4 t=01:17:36
# launch 04 build=A md5=f2d17794b4d4c6e30e5ac1603b429915 facade_md5=d352d17983408bdc586af5b8bd2a03ed
# L04 build=A extension=D:\a\strata\strata\python\strata\_strata.cp312-win_amd64.pyd md5=f2d17794b4d4c6e30e5ac1603b429915 load=unavailable(Windows) cpus=4 t=01:18:17
# launch 05 build=B md5=f2d17794b4d4c6e30e5ac1603b429915 facade_md5=d352d17983408bdc586af5b8bd2a03ed
# L05 build=B extension=D:\a\strata\strata\python\strata\_strata.cp312-win_amd64.pyd md5=f2d17794b4d4c6e30e5ac1603b429915 load=unavailable(Windows) cpus=4 t=01:18:57
# launch 06 build=B md5=f2d17794b4d4c6e30e5ac1603b429915 facade_md5=d352d17983408bdc586af5b8bd2a03ed
# L06 build=B extension=D:\a\strata\strata\python\strata\_strata.cp312-win_amd64.pyd md5=f2d17794b4d4c6e30e5ac1603b429915 load=unavailable(Windows) cpus=4 t=01:19:41
# launch 07 build=A md5=f2d17794b4d4c6e30e5ac1603b429915 facade_md5=d352d17983408bdc586af5b8bd2a03ed
# L07 build=A extension=D:\a\strata\strata\python\strata\_strata.cp312-win_amd64.pyd md5=f2d17794b4d4c6e30e5ac1603b429915 load=unavailable(Windows) cpus=4 t=01:20:25
# launch 08 build=A md5=f2d17794b4d4c6e30e5ac1603b429915 facade_md5=d352d17983408bdc586af5b8bd2a03ed
# L08 build=A extension=D:\a\strata\strata\python\strata\_strata.cp312-win_amd64.pyd md5=f2d17794b4d4c6e30e5ac1603b429915 load=unavailable(Windows) cpus=4 t=01:21:08
# launch 09 build=B md5=f2d17794b4d4c6e30e5ac1603b429915 facade_md5=d352d17983408bdc586af5b8bd2a03ed
# L09 build=B extension=D:\a\strata\strata\python\strata\_strata.cp312-win_amd64.pyd md5=f2d17794b4d4c6e30e5ac1603b429915 load=unavailable(Windows) cpus=4 t=01:21:50
# launch 10 build=B md5=f2d17794b4d4c6e30e5ac1603b429915 facade_md5=d352d17983408bdc586af5b8bd2a03ed
# L10 build=B extension=D:\a\strata\strata\python\strata\_strata.cp312-win_amd64.pyd md5=f2d17794b4d4c6e30e5ac1603b429915 load=unavailable(Windows) cpus=4 t=01:22:31
# launch 11 build=A md5=f2d17794b4d4c6e30e5ac1603b429915 facade_md5=d352d17983408bdc586af5b8bd2a03ed
# L11 build=A extension=D:\a\strata\strata\python\strata\_strata.cp312-win_amd64.pyd md5=f2d17794b4d4c6e30e5ac1603b429915 load=unavailable(Windows) cpus=4 t=01:23:11
# launch 12 build=A md5=f2d17794b4d4c6e30e5ac1603b429915 facade_md5=d352d17983408bdc586af5b8bd2a03ed
# L12 build=A extension=D:\a\strata\strata\python\strata\_strata.cp312-win_amd64.pyd md5=f2d17794b4d4c6e30e5ac1603b429915 load=unavailable(Windows) cpus=4 t=01:23:52
# launch 13 build=B md5=f2d17794b4d4c6e30e5ac1603b429915 facade_md5=d352d17983408bdc586af5b8bd2a03ed
# L13 build=B extension=D:\a\strata\strata\python\strata\_strata.cp312-win_amd64.pyd md5=f2d17794b4d4c6e30e5ac1603b429915 load=unavailable(Windows) cpus=4 t=01:24:32
# launch 14 build=B md5=f2d17794b4d4c6e30e5ac1603b429915 facade_md5=d352d17983408bdc586af5b8bd2a03ed
# L14 build=B extension=D:\a\strata\strata\python\strata\_strata.cp312-win_amd64.pyd md5=f2d17794b4d4c6e30e5ac1603b429915 load=unavailable(Windows) cpus=4 t=01:25:12
# launch 15 build=A md5=f2d17794b4d4c6e30e5ac1603b429915 facade_md5=d352d17983408bdc586af5b8bd2a03ed
# L15 build=A extension=D:\a\strata\strata\python\strata\_strata.cp312-win_amd64.pyd md5=f2d17794b4d4c6e30e5ac1603b429915 load=unavailable(Windows) cpus=4 t=01:25:52
# launch 16 build=A md5=f2d17794b4d4c6e30e5ac1603b429915 facade_md5=d352d17983408bdc586af5b8bd2a03ed
# L16 build=A extension=D:\a\strata\strata\python\strata\_strata.cp312-win_amd64.pyd md5=f2d17794b4d4c6e30e5ac1603b429915 load=unavailable(Windows) cpus=4 t=01:26:32
# launch 17 build=B md5=f2d17794b4d4c6e30e5ac1603b429915 facade_md5=d352d17983408bdc586af5b8bd2a03ed
# L17 build=B extension=D:\a\strata\strata\python\strata\_strata.cp312-win_amd64.pyd md5=f2d17794b4d4c6e30e5ac1603b429915 load=unavailable(Windows) cpus=4 t=01:27:13
# launch 18 build=B md5=f2d17794b4d4c6e30e5ac1603b429915 facade_md5=d352d17983408bdc586af5b8bd2a03ed
# L18 build=B extension=D:\a\strata\strata\python\strata\_strata.cp312-win_amd64.pyd md5=f2d17794b4d4c6e30e5ac1603b429915 load=unavailable(Windows) cpus=4 t=01:27:53
# launch 19 build=A md5=f2d17794b4d4c6e30e5ac1603b429915 facade_md5=d352d17983408bdc586af5b8bd2a03ed
# L19 build=A extension=D:\a\strata\strata\python\strata\_strata.cp312-win_amd64.pyd md5=f2d17794b4d4c6e30e5ac1603b429915 load=unavailable(Windows) cpus=4 t=01:28:34
# launch 20 build=A md5=f2d17794b4d4c6e30e5ac1603b429915 facade_md5=d352d17983408bdc586af5b8bd2a03ed
# L20 build=A extension=D:\a\strata\strata\python\strata\_strata.cp312-win_amd64.pyd md5=f2d17794b4d4c6e30e5ac1603b429915 load=unavailable(Windows) cpus=4 t=01:29:14
# launch 21 build=B md5=f2d17794b4d4c6e30e5ac1603b429915 facade_md5=d352d17983408bdc586af5b8bd2a03ed
# L21 build=B extension=D:\a\strata\strata\python\strata\_strata.cp312-win_amd64.pyd md5=f2d17794b4d4c6e30e5ac1603b429915 load=unavailable(Windows) cpus=4 t=01:29:54
# launch 22 build=B md5=f2d17794b4d4c6e30e5ac1603b429915 facade_md5=d352d17983408bdc586af5b8bd2a03ed
# L22 build=B extension=D:\a\strata\strata\python\strata\_strata.cp312-win_amd64.pyd md5=f2d17794b4d4c6e30e5ac1603b429915 load=unavailable(Windows) cpus=4 t=01:30:35
# launch 23 build=A md5=f2d17794b4d4c6e30e5ac1603b429915 facade_md5=d352d17983408bdc586af5b8bd2a03ed
# L23 build=A extension=D:\a\strata\strata\python\strata\_strata.cp312-win_amd64.pyd md5=f2d17794b4d4c6e30e5ac1603b429915 load=unavailable(Windows) cpus=4 t=01:31:15
# launch 24 build=A md5=f2d17794b4d4c6e30e5ac1603b429915 facade_md5=d352d17983408bdc586af5b8bd2a03ed
# L24 build=A extension=D:\a\strata\strata\python\strata\_strata.cp312-win_amd64.pyd md5=f2d17794b4d4c6e30e5ac1603b429915 load=unavailable(Windows) cpus=4 t=01:31:55
# wrote ab\AA.tsv (25 of 25 launches)
# restored D:\a\strata\strata\python\strata\_strata.cp312-win_amd64.pyd to md5=c03d484c5dfe7768ca6c5513d9cdc6e4
# restored facade D:\a\strata\strata\python\strata to md5=f844a4ea77c3ff179cec70bd7131f339
