# target   D:\a\strata\strata\python\strata\_strata.cp312-win_amd64.pyd
# build A  D:\a\strata\strata\arms\A.pyd  md5=f2d17794b4d4c6e30e5ac1603b429915
# build B  D:\a\strata\strata\arms\B.pyd  md5=5f6bd92ada58dd11fd6b8332787b9873
# order    ABBAABBAABBAABBAABBAABBAA (25 launches)
# rows     small:users:loads small:users:dumps small:users:load small:users:dump small:users:ndload small:flat:loads small:flat:dumps small:flat:load small:flat:dump small:nested:loads small:nested:dumps small:nested:load small:nested:dump small:wide_arrays:loads small:wide_arrays:dumps small:wide_arrays:load small:wide_arrays:dump small:mixed:loads small:mixed:dumps small:mixed:load small:mixed:dump medium:flat:dumps medium:users:dumps medium:mixed:dumps medium:wide_arrays:loads  repeat=60
# facade   D:\a\strata\strata\python\strata swapped per launch
# launch 00 build=A md5=f2d17794b4d4c6e30e5ac1603b429915 facade_md5=d352d17983408bdc586af5b8bd2a03ed
# L00 build=A extension=D:\a\strata\strata\python\strata\_strata.cp312-win_amd64.pyd md5=f2d17794b4d4c6e30e5ac1603b429915 load=unavailable(Windows) cpus=4 t=00:58:16
# launch 01 build=B md5=5f6bd92ada58dd11fd6b8332787b9873 facade_md5=f844a4ea77c3ff179cec70bd7131f339
# L01 build=B extension=D:\a\strata\strata\python\strata\_strata.cp312-win_amd64.pyd md5=5f6bd92ada58dd11fd6b8332787b9873 load=unavailable(Windows) cpus=4 t=00:58:59
# launch 02 build=B md5=5f6bd92ada58dd11fd6b8332787b9873 facade_md5=f844a4ea77c3ff179cec70bd7131f339
# L02 build=B extension=D:\a\strata\strata\python\strata\_strata.cp312-win_amd64.pyd md5=5f6bd92ada58dd11fd6b8332787b9873 load=unavailable(Windows) cpus=4 t=00:59:42
# launch 03 build=A md5=f2d17794b4d4c6e30e5ac1603b429915 facade_md5=d352d17983408bdc586af5b8bd2a03ed
# L03 build=A extension=D:\a\strata\strata\python\strata\_strata.cp312-win_amd64.pyd md5=f2d17794b4d4c6e30e5ac1603b429915 load=unavailable(Windows) cpus=4 t=01:00:24
# launch 04 build=A md5=f2d17794b4d4c6e30e5ac1603b429915 facade_md5=d352d17983408bdc586af5b8bd2a03ed
# L04 build=A extension=D:\a\strata\strata\python\strata\_strata.cp312-win_amd64.pyd md5=f2d17794b4d4c6e30e5ac1603b429915 load=unavailable(Windows) cpus=4 t=01:01:07
# launch 05 build=B md5=5f6bd92ada58dd11fd6b8332787b9873 facade_md5=f844a4ea77c3ff179cec70bd7131f339
# L05 build=B extension=D:\a\strata\strata\python\strata\_strata.cp312-win_amd64.pyd md5=5f6bd92ada58dd11fd6b8332787b9873 load=unavailable(Windows) cpus=4 t=01:01:49
# launch 06 build=B md5=5f6bd92ada58dd11fd6b8332787b9873 facade_md5=f844a4ea77c3ff179cec70bd7131f339
# L06 build=B extension=D:\a\strata\strata\python\strata\_strata.cp312-win_amd64.pyd md5=5f6bd92ada58dd11fd6b8332787b9873 load=unavailable(Windows) cpus=4 t=01:02:30
# launch 07 build=A md5=f2d17794b4d4c6e30e5ac1603b429915 facade_md5=d352d17983408bdc586af5b8bd2a03ed
# L07 build=A extension=D:\a\strata\strata\python\strata\_strata.cp312-win_amd64.pyd md5=f2d17794b4d4c6e30e5ac1603b429915 load=unavailable(Windows) cpus=4 t=01:03:12
# launch 08 build=A md5=f2d17794b4d4c6e30e5ac1603b429915 facade_md5=d352d17983408bdc586af5b8bd2a03ed
# L08 build=A extension=D:\a\strata\strata\python\strata\_strata.cp312-win_amd64.pyd md5=f2d17794b4d4c6e30e5ac1603b429915 load=unavailable(Windows) cpus=4 t=01:03:53
# launch 09 build=B md5=5f6bd92ada58dd11fd6b8332787b9873 facade_md5=f844a4ea77c3ff179cec70bd7131f339
# L09 build=B extension=D:\a\strata\strata\python\strata\_strata.cp312-win_amd64.pyd md5=5f6bd92ada58dd11fd6b8332787b9873 load=unavailable(Windows) cpus=4 t=01:04:34
# launch 10 build=B md5=5f6bd92ada58dd11fd6b8332787b9873 facade_md5=f844a4ea77c3ff179cec70bd7131f339
# L10 build=B extension=D:\a\strata\strata\python\strata\_strata.cp312-win_amd64.pyd md5=5f6bd92ada58dd11fd6b8332787b9873 load=unavailable(Windows) cpus=4 t=01:05:14
# launch 11 build=A md5=f2d17794b4d4c6e30e5ac1603b429915 facade_md5=d352d17983408bdc586af5b8bd2a03ed
# L11 build=A extension=D:\a\strata\strata\python\strata\_strata.cp312-win_amd64.pyd md5=f2d17794b4d4c6e30e5ac1603b429915 load=unavailable(Windows) cpus=4 t=01:05:54
# launch 12 build=A md5=f2d17794b4d4c6e30e5ac1603b429915 facade_md5=d352d17983408bdc586af5b8bd2a03ed
# L12 build=A extension=D:\a\strata\strata\python\strata\_strata.cp312-win_amd64.pyd md5=f2d17794b4d4c6e30e5ac1603b429915 load=unavailable(Windows) cpus=4 t=01:06:36
# launch 13 build=B md5=5f6bd92ada58dd11fd6b8332787b9873 facade_md5=f844a4ea77c3ff179cec70bd7131f339
# L13 build=B extension=D:\a\strata\strata\python\strata\_strata.cp312-win_amd64.pyd md5=5f6bd92ada58dd11fd6b8332787b9873 load=unavailable(Windows) cpus=4 t=01:07:17
# launch 14 build=B md5=5f6bd92ada58dd11fd6b8332787b9873 facade_md5=f844a4ea77c3ff179cec70bd7131f339
# L14 build=B extension=D:\a\strata\strata\python\strata\_strata.cp312-win_amd64.pyd md5=5f6bd92ada58dd11fd6b8332787b9873 load=unavailable(Windows) cpus=4 t=01:07:58
# launch 15 build=A md5=f2d17794b4d4c6e30e5ac1603b429915 facade_md5=d352d17983408bdc586af5b8bd2a03ed
# L15 build=A extension=D:\a\strata\strata\python\strata\_strata.cp312-win_amd64.pyd md5=f2d17794b4d4c6e30e5ac1603b429915 load=unavailable(Windows) cpus=4 t=01:08:38
# launch 16 build=A md5=f2d17794b4d4c6e30e5ac1603b429915 facade_md5=d352d17983408bdc586af5b8bd2a03ed
# L16 build=A extension=D:\a\strata\strata\python\strata\_strata.cp312-win_amd64.pyd md5=f2d17794b4d4c6e30e5ac1603b429915 load=unavailable(Windows) cpus=4 t=01:09:19
# launch 17 build=B md5=5f6bd92ada58dd11fd6b8332787b9873 facade_md5=f844a4ea77c3ff179cec70bd7131f339
# L17 build=B extension=D:\a\strata\strata\python\strata\_strata.cp312-win_amd64.pyd md5=5f6bd92ada58dd11fd6b8332787b9873 load=unavailable(Windows) cpus=4 t=01:10:01
# launch 18 build=B md5=5f6bd92ada58dd11fd6b8332787b9873 facade_md5=f844a4ea77c3ff179cec70bd7131f339
# L18 build=B extension=D:\a\strata\strata\python\strata\_strata.cp312-win_amd64.pyd md5=5f6bd92ada58dd11fd6b8332787b9873 load=unavailable(Windows) cpus=4 t=01:10:43
# launch 19 build=A md5=f2d17794b4d4c6e30e5ac1603b429915 facade_md5=d352d17983408bdc586af5b8bd2a03ed
# L19 build=A extension=D:\a\strata\strata\python\strata\_strata.cp312-win_amd64.pyd md5=f2d17794b4d4c6e30e5ac1603b429915 load=unavailable(Windows) cpus=4 t=01:11:25
# launch 20 build=A md5=f2d17794b4d4c6e30e5ac1603b429915 facade_md5=d352d17983408bdc586af5b8bd2a03ed
# L20 build=A extension=D:\a\strata\strata\python\strata\_strata.cp312-win_amd64.pyd md5=f2d17794b4d4c6e30e5ac1603b429915 load=unavailable(Windows) cpus=4 t=01:12:06
# launch 21 build=B md5=5f6bd92ada58dd11fd6b8332787b9873 facade_md5=f844a4ea77c3ff179cec70bd7131f339
# L21 build=B extension=D:\a\strata\strata\python\strata\_strata.cp312-win_amd64.pyd md5=5f6bd92ada58dd11fd6b8332787b9873 load=unavailable(Windows) cpus=4 t=01:12:47
# launch 22 build=B md5=5f6bd92ada58dd11fd6b8332787b9873 facade_md5=f844a4ea77c3ff179cec70bd7131f339
# L22 build=B extension=D:\a\strata\strata\python\strata\_strata.cp312-win_amd64.pyd md5=5f6bd92ada58dd11fd6b8332787b9873 load=unavailable(Windows) cpus=4 t=01:13:28
# launch 23 build=A md5=f2d17794b4d4c6e30e5ac1603b429915 facade_md5=d352d17983408bdc586af5b8bd2a03ed
# L23 build=A extension=D:\a\strata\strata\python\strata\_strata.cp312-win_amd64.pyd md5=f2d17794b4d4c6e30e5ac1603b429915 load=unavailable(Windows) cpus=4 t=01:14:09
# launch 24 build=A md5=f2d17794b4d4c6e30e5ac1603b429915 facade_md5=d352d17983408bdc586af5b8bd2a03ed
# L24 build=A extension=D:\a\strata\strata\python\strata\_strata.cp312-win_amd64.pyd md5=f2d17794b4d4c6e30e5ac1603b429915 load=unavailable(Windows) cpus=4 t=01:14:50
# wrote ab\R1.tsv (25 of 25 launches)
# restored D:\a\strata\strata\python\strata\_strata.cp312-win_amd64.pyd to md5=c03d484c5dfe7768ca6c5513d9cdc6e4
# restored facade D:\a\strata\strata\python\strata to md5=f844a4ea77c3ff179cec70bd7131f339
