# target   /home/runner/work/strata/strata/python/strata/_strata.cpython-312-aarch64-linux-gnu.so
# build A  /home/runner/work/strata/strata/arms/A.so  md5=b90bbd58b3bc06560636f4ee44128549
# build B  /home/runner/work/strata/strata/arms/B.so  md5=de8adc9c433b8b7358a0348bd7844a81
# order    ABBAABBAABBAABBAABBAABBAA (25 launches)
# rows     small:users:loads small:users:dumps small:users:load small:users:dump small:users:ndload small:flat:loads small:flat:dumps small:flat:load small:flat:dump small:nested:loads small:nested:dumps small:nested:load small:nested:dump small:wide_arrays:loads small:wide_arrays:dumps small:wide_arrays:load small:wide_arrays:dump small:mixed:loads small:mixed:dumps small:mixed:load small:mixed:dump medium:flat:dumps medium:users:dumps medium:mixed:dumps medium:wide_arrays:loads  repeat=60
# facade   /home/runner/work/strata/strata/python/strata swapped per launch
# launch 00 build=A md5=b90bbd58b3bc06560636f4ee44128549 facade_md5=8045c859563f90acf92a73b882358a78
# L00 build=A extension=/home/runner/work/strata/strata/python/strata/_strata.cpython-312-aarch64-linux-gnu.so md5=b90bbd58b3bc06560636f4ee44128549 load=1.11,1.04,0.83 cpus=4 t=04:37:33
# launch 01 build=B md5=de8adc9c433b8b7358a0348bd7844a81 facade_md5=bc19225b9639128ba9fd166d5e3f1bef
# L01 build=B extension=/home/runner/work/strata/strata/python/strata/_strata.cpython-312-aarch64-linux-gnu.so md5=de8adc9c433b8b7358a0348bd7844a81 load=1.06,1.03,0.83 cpus=4 t=04:38:02
# launch 02 build=B md5=de8adc9c433b8b7358a0348bd7844a81 facade_md5=bc19225b9639128ba9fd166d5e3f1bef
# L02 build=B extension=/home/runner/work/strata/strata/python/strata/_strata.cpython-312-aarch64-linux-gnu.so md5=de8adc9c433b8b7358a0348bd7844a81 load=1.04,1.03,0.84 cpus=4 t=04:38:35
# launch 03 build=A md5=b90bbd58b3bc06560636f4ee44128549 facade_md5=8045c859563f90acf92a73b882358a78
# L03 build=A extension=/home/runner/work/strata/strata/python/strata/_strata.cpython-312-aarch64-linux-gnu.so md5=b90bbd58b3bc06560636f4ee44128549 load=1.02,1.02,0.85 cpus=4 t=04:39:08
# launch 04 build=A md5=b90bbd58b3bc06560636f4ee44128549 facade_md5=8045c859563f90acf92a73b882358a78
# L04 build=A extension=/home/runner/work/strata/strata/python/strata/_strata.cpython-312-aarch64-linux-gnu.so md5=b90bbd58b3bc06560636f4ee44128549 load=1.01,1.02,0.85 cpus=4 t=04:39:42
# launch 05 build=B md5=de8adc9c433b8b7358a0348bd7844a81 facade_md5=bc19225b9639128ba9fd166d5e3f1bef
# L05 build=B extension=/home/runner/work/strata/strata/python/strata/_strata.cpython-312-aarch64-linux-gnu.so md5=de8adc9c433b8b7358a0348bd7844a81 load=1.00,1.02,0.86 cpus=4 t=04:40:18
# launch 06 build=B md5=de8adc9c433b8b7358a0348bd7844a81 facade_md5=bc19225b9639128ba9fd166d5e3f1bef
# L06 build=B extension=/home/runner/work/strata/strata/python/strata/_strata.cpython-312-aarch64-linux-gnu.so md5=de8adc9c433b8b7358a0348bd7844a81 load=1.00,1.01,0.87 cpus=4 t=04:40:54
# launch 07 build=A md5=b90bbd58b3bc06560636f4ee44128549 facade_md5=8045c859563f90acf92a73b882358a78
# L07 build=A extension=/home/runner/work/strata/strata/python/strata/_strata.cpython-312-aarch64-linux-gnu.so md5=b90bbd58b3bc06560636f4ee44128549 load=1.00,1.01,0.87 cpus=4 t=04:41:30
# launch 08 build=A md5=b90bbd58b3bc06560636f4ee44128549 facade_md5=8045c859563f90acf92a73b882358a78
# L08 build=A extension=/home/runner/work/strata/strata/python/strata/_strata.cpython-312-aarch64-linux-gnu.so md5=b90bbd58b3bc06560636f4ee44128549 load=1.00,1.01,0.88 cpus=4 t=04:42:03
# launch 09 build=B md5=de8adc9c433b8b7358a0348bd7844a81 facade_md5=bc19225b9639128ba9fd166d5e3f1bef
# L09 build=B extension=/home/runner/work/strata/strata/python/strata/_strata.cpython-312-aarch64-linux-gnu.so md5=de8adc9c433b8b7358a0348bd7844a81 load=1.00,1.00,0.89 cpus=4 t=04:42:34
# launch 10 build=B md5=de8adc9c433b8b7358a0348bd7844a81 facade_md5=bc19225b9639128ba9fd166d5e3f1bef
# L10 build=B extension=/home/runner/work/strata/strata/python/strata/_strata.cpython-312-aarch64-linux-gnu.so md5=de8adc9c433b8b7358a0348bd7844a81 load=1.00,1.00,0.89 cpus=4 t=04:43:04
# launch 11 build=A md5=b90bbd58b3bc06560636f4ee44128549 facade_md5=8045c859563f90acf92a73b882358a78
# L11 build=A extension=/home/runner/work/strata/strata/python/strata/_strata.cpython-312-aarch64-linux-gnu.so md5=b90bbd58b3bc06560636f4ee44128549 load=1.00,1.00,0.90 cpus=4 t=04:43:37
# launch 12 build=A md5=b90bbd58b3bc06560636f4ee44128549 facade_md5=8045c859563f90acf92a73b882358a78
# L12 build=A extension=/home/runner/work/strata/strata/python/strata/_strata.cpython-312-aarch64-linux-gnu.so md5=b90bbd58b3bc06560636f4ee44128549 load=1.00,1.00,0.90 cpus=4 t=04:44:09
# launch 13 build=B md5=de8adc9c433b8b7358a0348bd7844a81 facade_md5=bc19225b9639128ba9fd166d5e3f1bef
# L13 build=B extension=/home/runner/work/strata/strata/python/strata/_strata.cpython-312-aarch64-linux-gnu.so md5=de8adc9c433b8b7358a0348bd7844a81 load=1.00,1.00,0.91 cpus=4 t=04:44:38
# launch 14 build=B md5=de8adc9c433b8b7358a0348bd7844a81 facade_md5=bc19225b9639128ba9fd166d5e3f1bef
# L14 build=B extension=/home/runner/work/strata/strata/python/strata/_strata.cpython-312-aarch64-linux-gnu.so md5=de8adc9c433b8b7358a0348bd7844a81 load=1.00,1.00,0.91 cpus=4 t=04:45:10
# launch 15 build=A md5=b90bbd58b3bc06560636f4ee44128549 facade_md5=8045c859563f90acf92a73b882358a78
# L15 build=A extension=/home/runner/work/strata/strata/python/strata/_strata.cpython-312-aarch64-linux-gnu.so md5=b90bbd58b3bc06560636f4ee44128549 load=1.00,1.00,0.92 cpus=4 t=04:45:41
# launch 16 build=A md5=b90bbd58b3bc06560636f4ee44128549 facade_md5=8045c859563f90acf92a73b882358a78
# L16 build=A extension=/home/runner/work/strata/strata/python/strata/_strata.cpython-312-aarch64-linux-gnu.so md5=b90bbd58b3bc06560636f4ee44128549 load=1.00,1.00,0.92 cpus=4 t=04:46:12
# launch 17 build=B md5=de8adc9c433b8b7358a0348bd7844a81 facade_md5=bc19225b9639128ba9fd166d5e3f1bef
# L17 build=B extension=/home/runner/work/strata/strata/python/strata/_strata.cpython-312-aarch64-linux-gnu.so md5=de8adc9c433b8b7358a0348bd7844a81 load=1.00,1.00,0.92 cpus=4 t=04:46:46
# launch 18 build=B md5=de8adc9c433b8b7358a0348bd7844a81 facade_md5=bc19225b9639128ba9fd166d5e3f1bef
# L18 build=B extension=/home/runner/work/strata/strata/python/strata/_strata.cpython-312-aarch64-linux-gnu.so md5=de8adc9c433b8b7358a0348bd7844a81 load=1.14,1.03,0.94 cpus=4 t=04:47:21
# launch 19 build=A md5=b90bbd58b3bc06560636f4ee44128549 facade_md5=8045c859563f90acf92a73b882358a78
# L19 build=A extension=/home/runner/work/strata/strata/python/strata/_strata.cpython-312-aarch64-linux-gnu.so md5=b90bbd58b3bc06560636f4ee44128549 load=1.07,1.03,0.94 cpus=4 t=04:47:54
# launch 20 build=A md5=b90bbd58b3bc06560636f4ee44128549 facade_md5=8045c859563f90acf92a73b882358a78
# L20 build=A extension=/home/runner/work/strata/strata/python/strata/_strata.cpython-312-aarch64-linux-gnu.so md5=b90bbd58b3bc06560636f4ee44128549 load=1.04,1.02,0.94 cpus=4 t=04:48:26
# launch 21 build=B md5=de8adc9c433b8b7358a0348bd7844a81 facade_md5=bc19225b9639128ba9fd166d5e3f1bef
# L21 build=B extension=/home/runner/work/strata/strata/python/strata/_strata.cpython-312-aarch64-linux-gnu.so md5=de8adc9c433b8b7358a0348bd7844a81 load=1.02,1.02,0.95 cpus=4 t=04:48:57
# launch 22 build=B md5=de8adc9c433b8b7358a0348bd7844a81 facade_md5=bc19225b9639128ba9fd166d5e3f1bef
# L22 build=B extension=/home/runner/work/strata/strata/python/strata/_strata.cpython-312-aarch64-linux-gnu.so md5=de8adc9c433b8b7358a0348bd7844a81 load=1.01,1.02,0.95 cpus=4 t=04:49:27
# launch 23 build=A md5=b90bbd58b3bc06560636f4ee44128549 facade_md5=8045c859563f90acf92a73b882358a78
# L23 build=A extension=/home/runner/work/strata/strata/python/strata/_strata.cpython-312-aarch64-linux-gnu.so md5=b90bbd58b3bc06560636f4ee44128549 load=1.01,1.01,0.95 cpus=4 t=04:49:57
# launch 24 build=A md5=b90bbd58b3bc06560636f4ee44128549 facade_md5=8045c859563f90acf92a73b882358a78
# L24 build=A extension=/home/runner/work/strata/strata/python/strata/_strata.cpython-312-aarch64-linux-gnu.so md5=b90bbd58b3bc06560636f4ee44128549 load=1.00,1.01,0.95 cpus=4 t=04:50:26
# wrote ab/R1.tsv (25 of 25 launches)
# restored /home/runner/work/strata/strata/python/strata/_strata.cpython-312-aarch64-linux-gnu.so to md5=dbcfd99261e564bb147b318c2a942e97
# restored facade /home/runner/work/strata/strata/python/strata to md5=bc19225b9639128ba9fd166d5e3f1bef
