# target   /home/runner/work/strata/strata/python/strata/_strata.cpython-312-aarch64-linux-gnu.so
# build A  /home/runner/work/strata/strata/arms/A.so  md5=7612c7f752b57ef20effb2c4a694ce00
# build B  /home/runner/work/strata/strata/arms/B.so  md5=77e577691a63c1946c365a8c193db056
# order    ABBAABBAABBAABBAABBAABBAA (25 launches)
# rows     small:users:loads small:users:dumps small:users:load small:users:dump small:users:ndload small:flat:loads small:flat:dumps small:flat:load small:flat:dump small:nested:loads small:nested:dumps small:nested:load small:nested:dump small:wide_arrays:loads small:wide_arrays:dumps small:wide_arrays:load small:wide_arrays:dump small:mixed:loads small:mixed:dumps small:mixed:load small:mixed:dump medium:flat:dumps medium:users:dumps medium:mixed:dumps medium:wide_arrays:loads  repeat=60
# facade   /home/runner/work/strata/strata/python/strata swapped per launch
# launch 00 build=A md5=7612c7f752b57ef20effb2c4a694ce00 facade_md5=8045c859563f90acf92a73b882358a78
# L00 build=A extension=/home/runner/work/strata/strata/python/strata/_strata.cpython-312-aarch64-linux-gnu.so md5=7612c7f752b57ef20effb2c4a694ce00 load=1.26,1.08,0.85 cpus=4 t=06:29:20
# launch 01 build=B md5=77e577691a63c1946c365a8c193db056 facade_md5=bc19225b9639128ba9fd166d5e3f1bef
# L01 build=B extension=/home/runner/work/strata/strata/python/strata/_strata.cpython-312-aarch64-linux-gnu.so md5=77e577691a63c1946c365a8c193db056 load=1.17,1.07,0.86 cpus=4 t=06:29:46
# launch 02 build=B md5=77e577691a63c1946c365a8c193db056 facade_md5=bc19225b9639128ba9fd166d5e3f1bef
# L02 build=B extension=/home/runner/work/strata/strata/python/strata/_strata.cpython-312-aarch64-linux-gnu.so md5=77e577691a63c1946c365a8c193db056 load=1.10,1.06,0.87 cpus=4 t=06:30:12
# launch 03 build=A md5=7612c7f752b57ef20effb2c4a694ce00 facade_md5=8045c859563f90acf92a73b882358a78
# L03 build=A extension=/home/runner/work/strata/strata/python/strata/_strata.cpython-312-aarch64-linux-gnu.so md5=7612c7f752b57ef20effb2c4a694ce00 load=1.07,1.05,0.87 cpus=4 t=06:30:38
# launch 04 build=A md5=7612c7f752b57ef20effb2c4a694ce00 facade_md5=8045c859563f90acf92a73b882358a78
# L04 build=A extension=/home/runner/work/strata/strata/python/strata/_strata.cpython-312-aarch64-linux-gnu.so md5=7612c7f752b57ef20effb2c4a694ce00 load=1.04,1.05,0.88 cpus=4 t=06:31:04
# launch 05 build=B md5=77e577691a63c1946c365a8c193db056 facade_md5=bc19225b9639128ba9fd166d5e3f1bef
# L05 build=B extension=/home/runner/work/strata/strata/python/strata/_strata.cpython-312-aarch64-linux-gnu.so md5=77e577691a63c1946c365a8c193db056 load=1.02,1.04,0.88 cpus=4 t=06:31:32
# launch 06 build=B md5=77e577691a63c1946c365a8c193db056 facade_md5=bc19225b9639128ba9fd166d5e3f1bef
# L06 build=B extension=/home/runner/work/strata/strata/python/strata/_strata.cpython-312-aarch64-linux-gnu.so md5=77e577691a63c1946c365a8c193db056 load=1.02,1.04,0.89 cpus=4 t=06:32:00
# launch 07 build=A md5=7612c7f752b57ef20effb2c4a694ce00 facade_md5=8045c859563f90acf92a73b882358a78
# L07 build=A extension=/home/runner/work/strata/strata/python/strata/_strata.cpython-312-aarch64-linux-gnu.so md5=7612c7f752b57ef20effb2c4a694ce00 load=1.01,1.03,0.89 cpus=4 t=06:32:32
# launch 08 build=A md5=7612c7f752b57ef20effb2c4a694ce00 facade_md5=8045c859563f90acf92a73b882358a78
# L08 build=A extension=/home/runner/work/strata/strata/python/strata/_strata.cpython-312-aarch64-linux-gnu.so md5=7612c7f752b57ef20effb2c4a694ce00 load=1.00,1.03,0.90 cpus=4 t=06:33:05
# launch 09 build=B md5=77e577691a63c1946c365a8c193db056 facade_md5=bc19225b9639128ba9fd166d5e3f1bef
# L09 build=B extension=/home/runner/work/strata/strata/python/strata/_strata.cpython-312-aarch64-linux-gnu.so md5=77e577691a63c1946c365a8c193db056 load=1.00,1.02,0.91 cpus=4 t=06:33:40
# launch 10 build=B md5=77e577691a63c1946c365a8c193db056 facade_md5=bc19225b9639128ba9fd166d5e3f1bef
# L10 build=B extension=/home/runner/work/strata/strata/python/strata/_strata.cpython-312-aarch64-linux-gnu.so md5=77e577691a63c1946c365a8c193db056 load=1.00,1.02,0.91 cpus=4 t=06:34:13
# launch 11 build=A md5=7612c7f752b57ef20effb2c4a694ce00 facade_md5=8045c859563f90acf92a73b882358a78
# L11 build=A extension=/home/runner/work/strata/strata/python/strata/_strata.cpython-312-aarch64-linux-gnu.so md5=7612c7f752b57ef20effb2c4a694ce00 load=1.00,1.02,0.91 cpus=4 t=06:34:45
# launch 12 build=A md5=7612c7f752b57ef20effb2c4a694ce00 facade_md5=8045c859563f90acf92a73b882358a78
# L12 build=A extension=/home/runner/work/strata/strata/python/strata/_strata.cpython-312-aarch64-linux-gnu.so md5=7612c7f752b57ef20effb2c4a694ce00 load=1.00,1.01,0.92 cpus=4 t=06:35:15
# launch 13 build=B md5=77e577691a63c1946c365a8c193db056 facade_md5=bc19225b9639128ba9fd166d5e3f1bef
# L13 build=B extension=/home/runner/work/strata/strata/python/strata/_strata.cpython-312-aarch64-linux-gnu.so md5=77e577691a63c1946c365a8c193db056 load=1.00,1.01,0.92 cpus=4 t=06:35:47
# launch 14 build=B md5=77e577691a63c1946c365a8c193db056 facade_md5=bc19225b9639128ba9fd166d5e3f1bef
# L14 build=B extension=/home/runner/work/strata/strata/python/strata/_strata.cpython-312-aarch64-linux-gnu.so md5=77e577691a63c1946c365a8c193db056 load=1.00,1.01,0.92 cpus=4 t=06:36:18
# launch 15 build=A md5=7612c7f752b57ef20effb2c4a694ce00 facade_md5=8045c859563f90acf92a73b882358a78
# L15 build=A extension=/home/runner/work/strata/strata/python/strata/_strata.cpython-312-aarch64-linux-gnu.so md5=7612c7f752b57ef20effb2c4a694ce00 load=1.00,1.01,0.93 cpus=4 t=06:36:47
# launch 16 build=A md5=7612c7f752b57ef20effb2c4a694ce00 facade_md5=8045c859563f90acf92a73b882358a78
# L16 build=A extension=/home/runner/work/strata/strata/python/strata/_strata.cpython-312-aarch64-linux-gnu.so md5=7612c7f752b57ef20effb2c4a694ce00 load=1.00,1.00,0.93 cpus=4 t=06:37:15
# launch 17 build=B md5=77e577691a63c1946c365a8c193db056 facade_md5=bc19225b9639128ba9fd166d5e3f1bef
# L17 build=B extension=/home/runner/work/strata/strata/python/strata/_strata.cpython-312-aarch64-linux-gnu.so md5=77e577691a63c1946c365a8c193db056 load=1.00,1.00,0.93 cpus=4 t=06:37:44
# launch 18 build=B md5=77e577691a63c1946c365a8c193db056 facade_md5=bc19225b9639128ba9fd166d5e3f1bef
# L18 build=B extension=/home/runner/work/strata/strata/python/strata/_strata.cpython-312-aarch64-linux-gnu.so md5=77e577691a63c1946c365a8c193db056 load=1.00,1.00,0.93 cpus=4 t=06:38:12
# launch 19 build=A md5=7612c7f752b57ef20effb2c4a694ce00 facade_md5=8045c859563f90acf92a73b882358a78
# L19 build=A extension=/home/runner/work/strata/strata/python/strata/_strata.cpython-312-aarch64-linux-gnu.so md5=7612c7f752b57ef20effb2c4a694ce00 load=1.00,1.00,0.94 cpus=4 t=06:38:41
# launch 20 build=A md5=7612c7f752b57ef20effb2c4a694ce00 facade_md5=8045c859563f90acf92a73b882358a78
# L20 build=A extension=/home/runner/work/strata/strata/python/strata/_strata.cpython-312-aarch64-linux-gnu.so md5=7612c7f752b57ef20effb2c4a694ce00 load=1.00,1.00,0.94 cpus=4 t=06:39:10
# launch 21 build=B md5=77e577691a63c1946c365a8c193db056 facade_md5=bc19225b9639128ba9fd166d5e3f1bef
# L21 build=B extension=/home/runner/work/strata/strata/python/strata/_strata.cpython-312-aarch64-linux-gnu.so md5=77e577691a63c1946c365a8c193db056 load=1.00,1.00,0.94 cpus=4 t=06:39:39
# launch 22 build=B md5=77e577691a63c1946c365a8c193db056 facade_md5=bc19225b9639128ba9fd166d5e3f1bef
# L22 build=B extension=/home/runner/work/strata/strata/python/strata/_strata.cpython-312-aarch64-linux-gnu.so md5=77e577691a63c1946c365a8c193db056 load=1.00,1.00,0.95 cpus=4 t=06:40:06
# launch 23 build=A md5=7612c7f752b57ef20effb2c4a694ce00 facade_md5=8045c859563f90acf92a73b882358a78
# L23 build=A extension=/home/runner/work/strata/strata/python/strata/_strata.cpython-312-aarch64-linux-gnu.so md5=7612c7f752b57ef20effb2c4a694ce00 load=1.00,1.00,0.95 cpus=4 t=06:40:32
# launch 24 build=A md5=7612c7f752b57ef20effb2c4a694ce00 facade_md5=8045c859563f90acf92a73b882358a78
# L24 build=A extension=/home/runner/work/strata/strata/python/strata/_strata.cpython-312-aarch64-linux-gnu.so md5=7612c7f752b57ef20effb2c4a694ce00 load=1.00,1.00,0.95 cpus=4 t=06:40:58
# wrote ab/R1.tsv (25 of 25 launches)
# restored /home/runner/work/strata/strata/python/strata/_strata.cpython-312-aarch64-linux-gnu.so to md5=dbcfd99261e564bb147b318c2a942e97
# restored facade /home/runner/work/strata/strata/python/strata to md5=bc19225b9639128ba9fd166d5e3f1bef
