Using pip 26.2.1 from /Users/borysbardysh/worktrees/strata/m15-pgo/.venv/lib/python3.14/site-packages/pip (python 3.14)
Obtaining file:///Users/borysbardysh/worktrees/strata/m15-pgo
  Installing build dependencies: started
  Running command installing build dependencies
  Using pip 26.2.1 from /Users/borysbardysh/worktrees/strata/m15-pgo/.venv/lib/python3.14/site-packages/pip (python 3.14)
  Collecting setuptools>=77
    Obtaining dependency information for setuptools>=77 from https://files.pythonhosted.org/packages/95/9c/c510029fc6ef33a6275cd2c5d3cecd6613dfd6aa401d57c54f1c18852ccf/setuptools-84.0.0-py3-none-any.whl.metadata
    Using cached setuptools-84.0.0-py3-none-any.whl.metadata (6.6 kB)
  Collecting wheel
    Obtaining dependency information for wheel from https://files.pythonhosted.org/packages/2e/29/69cfbb602cd91690c55d38ba9fe53e6a7e76a6fa647bf38f19c138d25449/wheel-0.48.0-py3-none-any.whl.metadata
    Using cached wheel-0.48.0-py3-none-any.whl.metadata (2.3 kB)
  Collecting cmake>=3.20
    Obtaining dependency information for cmake>=3.20 from https://files.pythonhosted.org/packages/da/2e/78cc0dab93ad407e4b126ab6a3c8a6fc3df89011b49e910c5a5e9bda78a6/cmake-4.4.3-py3-none-macosx_10_10_universal2.whl.metadata
    Using cached cmake-4.4.3-py3-none-macosx_10_10_universal2.whl.metadata (7.0 kB)
  Collecting pytest>=7
    Obtaining dependency information for pytest>=7 from https://files.pythonhosted.org/packages/24/25/1de2678b631f5a49215c6c96fff41ba892b0a34df68d6d80292b1b48aa7f/pytest-9.1.1-py3-none-any.whl.metadata
    Using cached pytest-9.1.1-py3-none-any.whl.metadata (7.6 kB)
  Collecting packaging>=24.0 (from wheel)
    Obtaining dependency information for packaging>=24.0 from https://files.pythonhosted.org/packages/63/34/ba1c580383c9eada3711951fef0795c80b829a078d72188184bcab9dd527/packaging-26.3-py3-none-any.whl.metadata
    Using cached packaging-26.3-py3-none-any.whl.metadata (3.5 kB)
  Collecting iniconfig>=1.0.1 (from pytest>=7)
    Obtaining dependency information for iniconfig>=1.0.1 from https://files.pythonhosted.org/packages/cb/b1/3846dd7f199d53cb17f49cba7e651e9ce294d8497c8c150530ed11865bb8/iniconfig-2.3.0-py3-none-any.whl.metadata
    Using cached iniconfig-2.3.0-py3-none-any.whl.metadata (2.5 kB)
  Collecting pluggy<2,>=1.5 (from pytest>=7)
    Obtaining dependency information for pluggy<2,>=1.5 from https://files.pythonhosted.org/packages/54/20/4d324d65cc6d9205fabedc306948156824eb9f0ee1633355a8f7ec5c66bf/pluggy-1.6.0-py3-none-any.whl.metadata
    Using cached pluggy-1.6.0-py3-none-any.whl.metadata (4.8 kB)
  Collecting pygments>=2.7.2 (from pytest>=7)
    Obtaining dependency information for pygments>=2.7.2 from https://files.pythonhosted.org/packages/71/46/17f022dd3e953bf20a04a028a21ec746d942f8d2af30fa0f124fa0e6a684/pygments-2.21.0-py3-none-any.whl.metadata
    Using cached pygments-2.21.0-py3-none-any.whl.metadata (2.5 kB)
  Using cached setuptools-84.0.0-py3-none-any.whl (818 kB)
  Using cached wheel-0.48.0-py3-none-any.whl (33 kB)
  Using cached cmake-4.4.3-py3-none-macosx_10_10_universal2.whl (54.4 MB)
  Using cached pytest-9.1.1-py3-none-any.whl (386 kB)
  Using cached pluggy-1.6.0-py3-none-any.whl (20 kB)
  Using cached iniconfig-2.3.0-py3-none-any.whl (7.5 kB)
  Using cached packaging-26.3-py3-none-any.whl (129 kB)
  Using cached pygments-2.21.0-py3-none-any.whl (1.3 MB)
  Installing collected packages: setuptools, pygments, pluggy, packaging, iniconfig, cmake, wheel, pytest
    Creating /private/var/folders/0c/tyrb6gj95_vbvd8s0hb_gyfm0000gn/T/pip-build-env-1gudy6c1/overlay/bin
    changing mode of /private/var/folders/0c/tyrb6gj95_vbvd8s0hb_gyfm0000gn/T/pip-build-env-1gudy6c1/overlay/bin/pygmentize to 755
    changing mode of /private/var/folders/0c/tyrb6gj95_vbvd8s0hb_gyfm0000gn/T/pip-build-env-1gudy6c1/overlay/bin/ccmake to 755
    changing mode of /private/var/folders/0c/tyrb6gj95_vbvd8s0hb_gyfm0000gn/T/pip-build-env-1gudy6c1/overlay/bin/cmake to 755
    changing mode of /private/var/folders/0c/tyrb6gj95_vbvd8s0hb_gyfm0000gn/T/pip-build-env-1gudy6c1/overlay/bin/cpack to 755
    changing mode of /private/var/folders/0c/tyrb6gj95_vbvd8s0hb_gyfm0000gn/T/pip-build-env-1gudy6c1/overlay/bin/ctest to 755
    changing mode of /private/var/folders/0c/tyrb6gj95_vbvd8s0hb_gyfm0000gn/T/pip-build-env-1gudy6c1/overlay/bin/wheel to 755
    changing mode of /private/var/folders/0c/tyrb6gj95_vbvd8s0hb_gyfm0000gn/T/pip-build-env-1gudy6c1/overlay/bin/py.test to 755
    changing mode of /private/var/folders/0c/tyrb6gj95_vbvd8s0hb_gyfm0000gn/T/pip-build-env-1gudy6c1/overlay/bin/pytest to 755

  Successfully installed cmake-4.4.3 iniconfig-2.3.0 packaging-26.3 pluggy-1.6.0 pygments-2.21.0 pytest-9.1.1 setuptools-84.0.0 wheel-0.48.0
  Installing build dependencies: finished with status 'done'
  Checking if build backend supports build_editable: started
  Running command Checking if build backend supports build_editable
  Checking if build backend supports build_editable: finished with status 'done'
  Getting requirements to build editable: started
  Running command Getting requirements to build editable
  running egg_info
  writing python/strata.egg-info/PKG-INFO
  writing dependency_links to python/strata.egg-info/dependency_links.txt
  writing requirements to python/strata.egg-info/requires.txt
  writing top-level names to python/strata.egg-info/top_level.txt
  reading manifest file 'python/strata.egg-info/SOURCES.txt'
  reading manifest template 'MANIFEST.in'
  warning: no files found matching '*.c' under directory 'src'
  warning: no files found matching '*.cc' under directory 'src'
  warning: no files found matching '*.cxx' under directory 'src'
  warning: no files found matching '*.hpp' under directory 'src'
  warning: no files found matching '*.inc' under directory 'src'
  warning: no files found matching '*.h' under directory 'tests'
  warning: no files found matching '*.hpp' under directory 'tests'
  warning: no files found matching '*.json' under directory 'tests'
  adding license file 'LICENSE'
  writing manifest file 'python/strata.egg-info/SOURCES.txt'
  Getting requirements to build editable: finished with status 'done'
  Preparing editable metadata (pyproject.toml): started
  Running command Preparing editable metadata (pyproject.toml)
  running dist_info
  creating /private/var/folders/0c/tyrb6gj95_vbvd8s0hb_gyfm0000gn/T/pip-modern-metadata-tb84wh0a/strata.egg-info
  writing /private/var/folders/0c/tyrb6gj95_vbvd8s0hb_gyfm0000gn/T/pip-modern-metadata-tb84wh0a/strata.egg-info/PKG-INFO
  writing dependency_links to /private/var/folders/0c/tyrb6gj95_vbvd8s0hb_gyfm0000gn/T/pip-modern-metadata-tb84wh0a/strata.egg-info/dependency_links.txt
  writing requirements to /private/var/folders/0c/tyrb6gj95_vbvd8s0hb_gyfm0000gn/T/pip-modern-metadata-tb84wh0a/strata.egg-info/requires.txt
  writing top-level names to /private/var/folders/0c/tyrb6gj95_vbvd8s0hb_gyfm0000gn/T/pip-modern-metadata-tb84wh0a/strata.egg-info/top_level.txt
  writing manifest file '/private/var/folders/0c/tyrb6gj95_vbvd8s0hb_gyfm0000gn/T/pip-modern-metadata-tb84wh0a/strata.egg-info/SOURCES.txt'
  reading manifest file '/private/var/folders/0c/tyrb6gj95_vbvd8s0hb_gyfm0000gn/T/pip-modern-metadata-tb84wh0a/strata.egg-info/SOURCES.txt'
  reading manifest template 'MANIFEST.in'
  warning: no files found matching '*.c' under directory 'src'
  warning: no files found matching '*.cc' under directory 'src'
  warning: no files found matching '*.cxx' under directory 'src'
  warning: no files found matching '*.hpp' under directory 'src'
  warning: no files found matching '*.inc' under directory 'src'
  warning: no files found matching '*.h' under directory 'tests'
  warning: no files found matching '*.hpp' under directory 'tests'
  warning: no files found matching '*.json' under directory 'tests'
  adding license file 'LICENSE'
  writing manifest file '/private/var/folders/0c/tyrb6gj95_vbvd8s0hb_gyfm0000gn/T/pip-modern-metadata-tb84wh0a/strata.egg-info/SOURCES.txt'
  creating '/private/var/folders/0c/tyrb6gj95_vbvd8s0hb_gyfm0000gn/T/pip-modern-metadata-tb84wh0a/strata-2026.8.10.dist-info'
  Preparing editable metadata (pyproject.toml): finished with status 'done'
Building wheels for collected packages: strata
  Building editable for strata (pyproject.toml): started
  Running command Building editable for strata (pyproject.toml)
  running editable_wheel
  creating /private/var/folders/0c/tyrb6gj95_vbvd8s0hb_gyfm0000gn/T/pip-ephem-wheel-cache-p7vcaoqg/wheels/55/ae/4a/316d67abb673b3d8521459659c799851d5bc6ed3ad72b86c73/tmpxq2gax3p/.tmp-mkd44mwf/strata.egg-info
  writing /private/var/folders/0c/tyrb6gj95_vbvd8s0hb_gyfm0000gn/T/pip-ephem-wheel-cache-p7vcaoqg/wheels/55/ae/4a/316d67abb673b3d8521459659c799851d5bc6ed3ad72b86c73/tmpxq2gax3p/.tmp-mkd44mwf/strata.egg-info/PKG-INFO
  writing dependency_links to /private/var/folders/0c/tyrb6gj95_vbvd8s0hb_gyfm0000gn/T/pip-ephem-wheel-cache-p7vcaoqg/wheels/55/ae/4a/316d67abb673b3d8521459659c799851d5bc6ed3ad72b86c73/tmpxq2gax3p/.tmp-mkd44mwf/strata.egg-info/dependency_links.txt
  writing requirements to /private/var/folders/0c/tyrb6gj95_vbvd8s0hb_gyfm0000gn/T/pip-ephem-wheel-cache-p7vcaoqg/wheels/55/ae/4a/316d67abb673b3d8521459659c799851d5bc6ed3ad72b86c73/tmpxq2gax3p/.tmp-mkd44mwf/strata.egg-info/requires.txt
  writing top-level names to /private/var/folders/0c/tyrb6gj95_vbvd8s0hb_gyfm0000gn/T/pip-ephem-wheel-cache-p7vcaoqg/wheels/55/ae/4a/316d67abb673b3d8521459659c799851d5bc6ed3ad72b86c73/tmpxq2gax3p/.tmp-mkd44mwf/strata.egg-info/top_level.txt
  writing manifest file '/private/var/folders/0c/tyrb6gj95_vbvd8s0hb_gyfm0000gn/T/pip-ephem-wheel-cache-p7vcaoqg/wheels/55/ae/4a/316d67abb673b3d8521459659c799851d5bc6ed3ad72b86c73/tmpxq2gax3p/.tmp-mkd44mwf/strata.egg-info/SOURCES.txt'
  reading manifest file '/private/var/folders/0c/tyrb6gj95_vbvd8s0hb_gyfm0000gn/T/pip-ephem-wheel-cache-p7vcaoqg/wheels/55/ae/4a/316d67abb673b3d8521459659c799851d5bc6ed3ad72b86c73/tmpxq2gax3p/.tmp-mkd44mwf/strata.egg-info/SOURCES.txt'
  reading manifest template 'MANIFEST.in'
  warning: no files found matching '*.c' under directory 'src'
  warning: no files found matching '*.cc' under directory 'src'
  warning: no files found matching '*.cxx' under directory 'src'
  warning: no files found matching '*.hpp' under directory 'src'
  warning: no files found matching '*.inc' under directory 'src'
  warning: no files found matching '*.h' under directory 'tests'
  warning: no files found matching '*.hpp' under directory 'tests'
  warning: no files found matching '*.json' under directory 'tests'
  adding license file 'LICENSE'
  writing manifest file '/private/var/folders/0c/tyrb6gj95_vbvd8s0hb_gyfm0000gn/T/pip-ephem-wheel-cache-p7vcaoqg/wheels/55/ae/4a/316d67abb673b3d8521459659c799851d5bc6ed3ad72b86c73/tmpxq2gax3p/.tmp-mkd44mwf/strata.egg-info/SOURCES.txt'
  creating '/private/var/folders/0c/tyrb6gj95_vbvd8s0hb_gyfm0000gn/T/pip-ephem-wheel-cache-p7vcaoqg/wheels/55/ae/4a/316d67abb673b3d8521459659c799851d5bc6ed3ad72b86c73/tmpxq2gax3p/.tmp-mkd44mwf/strata-2026.8.10.dist-info'
  creating /private/var/folders/0c/tyrb6gj95_vbvd8s0hb_gyfm0000gn/T/pip-ephem-wheel-cache-p7vcaoqg/wheels/55/ae/4a/316d67abb673b3d8521459659c799851d5bc6ed3ad72b86c73/tmpxq2gax3p/.tmp-mkd44mwf/strata-2026.8.10.dist-info/WHEEL
  running build_py
  running build_ext

  ======================================================================
  GATE 1/2: C++ test suite (pre-build)
  ======================================================================
  + /Users/borysbardysh/worktrees/strata/m15-pgo/.venv/bin/python /Users/borysbardysh/worktrees/strata/m15-pgo/scripts/cpp_tests.py
  + /Users/borysbardysh/worktrees/strata/m15-pgo/.venv/bin/cmake -S . -B build/cmake -DCMAKE_BUILD_TYPE=Release
  -- Configuring done (0.1s)
  -- Generating done (0.1s)
  -- Build files have been written to: /Users/borysbardysh/worktrees/strata/m15-pgo/build/cmake
  + /Users/borysbardysh/worktrees/strata/m15-pgo/.venv/bin/cmake --build build/cmake --config Release
  [  1%] Linking CXX executable smoke_tests
  [  6%] Built target smoke_tests
  [  7%] Linking CXX executable json_core_tests
  [ 12%] Built target json_core_tests
  [ 12%] Linking CXX executable json_parse_tests
  [ 18%] Built target json_parse_tests
  [ 19%] Linking CXX executable fast_parse_tests
  [ 24%] Built target fast_parse_tests
  [ 25%] Linking CXX executable value_cursor_tests
  [ 31%] Built target value_cursor_tests
  [ 32%] Linking CXX executable json_serialize_tests
  [ 38%] Built target json_serialize_tests
  [ 38%] Linking CXX executable float_precision_tests
  [ 44%] Built target float_precision_tests
  [ 44%] Linking CXX executable json_cursor_tests
  [ 50%] Built target json_cursor_tests
  [ 50%] Linking CXX executable ndjson_tests
  [ 56%] Built target ndjson_tests
  [ 56%] Linking CXX executable jsonpath_tests
  [ 62%] Built target jsonpath_tests
  [ 63%] Linking CXX executable jsonpath_stream_tests
  [ 68%] Built target jsonpath_stream_tests
  [ 69%] Linking CXX executable scan_tests
  [ 75%] Built target scan_tests
  [ 75%] Linking CXX executable temporal_tests
  [ 81%] Built target temporal_tests
  [ 81%] Linking CXX executable folder_tests
  [ 87%] Built target folder_tests
  [ 88%] Linking CXX executable fuzz_corpus_tests
  [ 94%] Built target fuzz_corpus_tests
  [ 94%] Linking CXX executable stress_deep_tests
  [100%] Built target stress_deep_tests
  + /Users/borysbardysh/worktrees/strata/m15-pgo/.venv/bin/ctest --test-dir build/cmake --build-config Release --output-on-failure --no-tests=error
  Test project /Users/borysbardysh/worktrees/strata/m15-pgo/build/cmake
        Start  1: smoke_tests
   1/16 Test  #1: smoke_tests ......................   Passed    0.34 sec
        Start  2: json_core_tests
   2/16 Test  #2: json_core_tests ..................   Passed    0.26 sec
        Start  3: json_parse_tests
   3/16 Test  #3: json_parse_tests .................   Passed    0.27 sec
        Start  4: fast_parse_tests
   4/16 Test  #4: fast_parse_tests .................   Passed    0.72 sec
        Start  5: value_cursor_tests
   5/16 Test  #5: value_cursor_tests ...............   Passed    0.32 sec
        Start  6: json_serialize_tests
   6/16 Test  #6: json_serialize_tests .............   Passed    0.25 sec
        Start  7: float_precision_tests
   7/16 Test  #7: float_precision_tests ............   Passed    2.13 sec
        Start  8: json_cursor_tests
   8/16 Test  #8: json_cursor_tests ................   Passed    0.62 sec
        Start  9: ndjson_tests
   9/16 Test  #9: ndjson_tests .....................   Passed    0.27 sec
        Start 10: jsonpath_tests
  10/16 Test #10: jsonpath_tests ...................   Passed    0.26 sec
        Start 11: jsonpath_stream_tests
  11/16 Test #11: jsonpath_stream_tests ............   Passed    0.26 sec
        Start 12: scan_tests
  12/16 Test #12: scan_tests .......................   Passed    0.26 sec
        Start 13: temporal_tests
  13/16 Test #13: temporal_tests ...................   Passed    0.26 sec
        Start 14: folder_tests
  14/16 Test #14: folder_tests .....................   Passed    0.26 sec
        Start 15: fuzz_corpus_tests
  15/16 Test #15: fuzz_corpus_tests ................   Passed    0.68 sec
        Start 16: stress_deep_tests
  16/16 Test #16: stress_deep_tests ................   Passed    0.25 sec

  100% tests passed out of 16

  Total Test time (real) =   7.41 sec

  ======================================================================
  Building the strata._strata and strata._dumps_hook extensions
  ======================================================================
  building 'strata._strata' extension
  clang++ -fno-strict-overflow -Wsign-compare -Wunreachable-code -fno-common -dynamic -DNDEBUG -g -O3 -Wall -Iinclude -I/opt/homebrew/Cellar/python@3.14/3.14.7/Frameworks/Python.framework/Versions/3.14/include/python3.14 -I/Users/borysbardysh/worktrees/strata/m15-pgo/.venv/include -I/opt/homebrew/opt/python@3.14/Frameworks/Python.framework/Versions/3.14/include/python3.14 -c src/strata/bindings/python_document.cpp -o /var/folders/0c/tyrb6gj95_vbvd8s0hb_gyfm0000gn/T/tmp7mkpi0dr.build-temp/src/strata/bindings/python_document.o -std=c++20 -O3 -D_LIBCPP_DISABLE_AVAILABILITY -march=native -flto=thin -fprofile-use=/Users/borysbardysh/PycharmProjects/PrimeLabFoundation/strata/build/evidence/M15/armA/strata.profdata
  clang++ -fno-strict-overflow -Wsign-compare -Wunreachable-code -fno-common -dynamic -DNDEBUG -g -O3 -Wall -Iinclude -I/opt/homebrew/Cellar/python@3.14/3.14.7/Frameworks/Python.framework/Versions/3.14/include/python3.14 -I/Users/borysbardysh/worktrees/strata/m15-pgo/.venv/include -I/opt/homebrew/opt/python@3.14/Frameworks/Python.framework/Versions/3.14/include/python3.14 -c src/strata/bindings/python_dumps.cpp -o /var/folders/0c/tyrb6gj95_vbvd8s0hb_gyfm0000gn/T/tmp7mkpi0dr.build-temp/src/strata/bindings/python_dumps.o -std=c++20 -O3 -D_LIBCPP_DISABLE_AVAILABILITY -march=native -flto=thin -fprofile-use=/Users/borysbardysh/PycharmProjects/PrimeLabFoundation/strata/build/evidence/M15/armA/strata.profdata
  warning: src/strata/bindings/python_dumps.cpp: function control flow change detected (hash mismatch) _ZN6strata8bindings12_GLOBAL__N_110Serializer5writeEP7_object Hash = 534572324966741362 up to 6447184 count discarded [-Wbackend-plugin]
  1 warning generated.
  clang++ -fno-strict-overflow -Wsign-compare -Wunreachable-code -fno-common -dynamic -DNDEBUG -g -O3 -Wall -Iinclude -I/opt/homebrew/Cellar/python@3.14/3.14.7/Frameworks/Python.framework/Versions/3.14/include/python3.14 -I/Users/borysbardysh/worktrees/strata/m15-pgo/.venv/include -I/opt/homebrew/opt/python@3.14/Frameworks/Python.framework/Versions/3.14/include/python3.14 -c src/strata/bindings/python_files.cpp -o /var/folders/0c/tyrb6gj95_vbvd8s0hb_gyfm0000gn/T/tmp7mkpi0dr.build-temp/src/strata/bindings/python_files.o -std=c++20 -O3 -D_LIBCPP_DISABLE_AVAILABILITY -march=native -flto=thin -fprofile-use=/Users/borysbardysh/PycharmProjects/PrimeLabFoundation/strata/build/evidence/M15/armA/strata.profdata
  clang++ -fno-strict-overflow -Wsign-compare -Wunreachable-code -fno-common -dynamic -DNDEBUG -g -O3 -Wall -Iinclude -I/opt/homebrew/Cellar/python@3.14/3.14.7/Frameworks/Python.framework/Versions/3.14/include/python3.14 -I/Users/borysbardysh/worktrees/strata/m15-pgo/.venv/include -I/opt/homebrew/opt/python@3.14/Frameworks/Python.framework/Versions/3.14/include/python3.14 -c src/strata/bindings/python_folder.cpp -o /var/folders/0c/tyrb6gj95_vbvd8s0hb_gyfm0000gn/T/tmp7mkpi0dr.build-temp/src/strata/bindings/python_folder.o -std=c++20 -O3 -D_LIBCPP_DISABLE_AVAILABILITY -march=native -flto=thin -fprofile-use=/Users/borysbardysh/PycharmProjects/PrimeLabFoundation/strata/build/evidence/M15/armA/strata.profdata
  clang++ -fno-strict-overflow -Wsign-compare -Wunreachable-code -fno-common -dynamic -DNDEBUG -g -O3 -Wall -Iinclude -I/opt/homebrew/Cellar/python@3.14/3.14.7/Frameworks/Python.framework/Versions/3.14/include/python3.14 -I/Users/borysbardysh/worktrees/strata/m15-pgo/.venv/include -I/opt/homebrew/opt/python@3.14/Frameworks/Python.framework/Versions/3.14/include/python3.14 -c src/strata/bindings/python_jsonpath.cpp -o /var/folders/0c/tyrb6gj95_vbvd8s0hb_gyfm0000gn/T/tmp7mkpi0dr.build-temp/src/strata/bindings/python_jsonpath.o -std=c++20 -O3 -D_LIBCPP_DISABLE_AVAILABILITY -march=native -flto=thin -fprofile-use=/Users/borysbardysh/PycharmProjects/PrimeLabFoundation/strata/build/evidence/M15/armA/strata.profdata
  clang++ -fno-strict-overflow -Wsign-compare -Wunreachable-code -fno-common -dynamic -DNDEBUG -g -O3 -Wall -Iinclude -I/opt/homebrew/Cellar/python@3.14/3.14.7/Frameworks/Python.framework/Versions/3.14/include/python3.14 -I/Users/borysbardysh/worktrees/strata/m15-pgo/.venv/include -I/opt/homebrew/opt/python@3.14/Frameworks/Python.framework/Versions/3.14/include/python3.14 -c src/strata/bindings/python_loads.cpp -o /var/folders/0c/tyrb6gj95_vbvd8s0hb_gyfm0000gn/T/tmp7mkpi0dr.build-temp/src/strata/bindings/python_loads.o -std=c++20 -O3 -D_LIBCPP_DISABLE_AVAILABILITY -march=native -flto=thin -fprofile-use=/Users/borysbardysh/PycharmProjects/PrimeLabFoundation/strata/build/evidence/M15/armA/strata.profdata
  clang++ -fno-strict-overflow -Wsign-compare -Wunreachable-code -fno-common -dynamic -DNDEBUG -g -O3 -Wall -Iinclude -I/opt/homebrew/Cellar/python@3.14/3.14.7/Frameworks/Python.framework/Versions/3.14/include/python3.14 -I/Users/borysbardysh/worktrees/strata/m15-pgo/.venv/include -I/opt/homebrew/opt/python@3.14/Frameworks/Python.framework/Versions/3.14/include/python3.14 -c src/strata/bindings/python_module.cpp -o /var/folders/0c/tyrb6gj95_vbvd8s0hb_gyfm0000gn/T/tmp7mkpi0dr.build-temp/src/strata/bindings/python_module.o -std=c++20 -O3 -D_LIBCPP_DISABLE_AVAILABILITY -march=native -flto=thin -fprofile-use=/Users/borysbardysh/PycharmProjects/PrimeLabFoundation/strata/build/evidence/M15/armA/strata.profdata
  warning: src/strata/bindings/python_module.cpp: function control flow change detected (hash mismatch) PyInit__strata Hash = 93478048897321446 up to 85 count discarded [-Wbackend-plugin]
  warning: src/strata/bindings/python_module.cpp: function control flow change detected (hash mismatch) _ZN12_GLOBAL__N_112strata_loadsEP7_objectPKS1_lS1_ Hash = 259878934585941281 up to 489178 count discarded [-Wbackend-plugin]
  warning: src/strata/bindings/python_module.cpp: function control flow change detected (hash mismatch) _ZN12_GLOBAL__N_111strata_loadEP7_objectS1_S1_ Hash = 721571788758894727 up to 3208 count discarded [-Wbackend-plugin]
  warning: src/strata/bindings/python_module.cpp: function control flow change detected (hash mismatch) _ZN12_GLOBAL__N_112strata_queryEP7_objectS1_S1_ Hash = 322126093743978147 up to 2562 count discarded [-Wbackend-plugin]
  warning: src/strata/bindings/python_module.cpp: function control flow change detected (hash mismatch) _ZN12_GLOBAL__N_113strata_searchEP7_objectS1_S1_ Hash = 488967936122866648 up to 2731 count discarded [-Wbackend-plugin]
  5 warnings generated.
  clang++ -fno-strict-overflow -Wsign-compare -Wunreachable-code -fno-common -dynamic -DNDEBUG -g -O3 -Wall -Iinclude -I/opt/homebrew/Cellar/python@3.14/3.14.7/Frameworks/Python.framework/Versions/3.14/include/python3.14 -I/Users/borysbardysh/worktrees/strata/m15-pgo/.venv/include -I/opt/homebrew/opt/python@3.14/Frameworks/Python.framework/Versions/3.14/include/python3.14 -c src/strata/bindings/python_native_types.cpp -o /var/folders/0c/tyrb6gj95_vbvd8s0hb_gyfm0000gn/T/tmp7mkpi0dr.build-temp/src/strata/bindings/python_native_types.o -std=c++20 -O3 -D_LIBCPP_DISABLE_AVAILABILITY -march=native -flto=thin -fprofile-use=/Users/borysbardysh/PycharmProjects/PrimeLabFoundation/strata/build/evidence/M15/armA/strata.profdata
  clang++ -fno-strict-overflow -Wsign-compare -Wunreachable-code -fno-common -dynamic -DNDEBUG -g -O3 -Wall -Iinclude -I/opt/homebrew/Cellar/python@3.14/3.14.7/Frameworks/Python.framework/Versions/3.14/include/python3.14 -I/Users/borysbardysh/worktrees/strata/m15-pgo/.venv/include -I/opt/homebrew/opt/python@3.14/Frameworks/Python.framework/Versions/3.14/include/python3.14 -c src/strata/bindings/python_ndjson.cpp -o /var/folders/0c/tyrb6gj95_vbvd8s0hb_gyfm0000gn/T/tmp7mkpi0dr.build-temp/src/strata/bindings/python_ndjson.o -std=c++20 -O3 -D_LIBCPP_DISABLE_AVAILABILITY -march=native -flto=thin -fprofile-use=/Users/borysbardysh/PycharmProjects/PrimeLabFoundation/strata/build/evidence/M15/armA/strata.profdata
  clang++ -fno-strict-overflow -Wsign-compare -Wunreachable-code -fno-common -dynamic -DNDEBUG -g -O3 -Wall -Iinclude -I/opt/homebrew/Cellar/python@3.14/3.14.7/Frameworks/Python.framework/Versions/3.14/include/python3.14 -I/Users/borysbardysh/worktrees/strata/m15-pgo/.venv/include -I/opt/homebrew/opt/python@3.14/Frameworks/Python.framework/Versions/3.14/include/python3.14 -c src/strata/bindings/python_parse_types.cpp -o /var/folders/0c/tyrb6gj95_vbvd8s0hb_gyfm0000gn/T/tmp7mkpi0dr.build-temp/src/strata/bindings/python_parse_types.o -std=c++20 -O3 -D_LIBCPP_DISABLE_AVAILABILITY -march=native -flto=thin -fprofile-use=/Users/borysbardysh/PycharmProjects/PrimeLabFoundation/strata/build/evidence/M15/armA/strata.profdata
  clang++ -fno-strict-overflow -Wsign-compare -Wunreachable-code -fno-common -dynamic -DNDEBUG -g -O3 -Wall -Iinclude -I/opt/homebrew/Cellar/python@3.14/3.14.7/Frameworks/Python.framework/Versions/3.14/include/python3.14 -I/Users/borysbardysh/worktrees/strata/m15-pgo/.venv/include -I/opt/homebrew/opt/python@3.14/Frameworks/Python.framework/Versions/3.14/include/python3.14 -c src/strata/json/json_cursor.cpp -o /var/folders/0c/tyrb6gj95_vbvd8s0hb_gyfm0000gn/T/tmp7mkpi0dr.build-temp/src/strata/json/json_cursor.o -std=c++20 -O3 -D_LIBCPP_DISABLE_AVAILABILITY -march=native -flto=thin -fprofile-use=/Users/borysbardysh/PycharmProjects/PrimeLabFoundation/strata/build/evidence/M15/armA/strata.profdata
  clang++ -fno-strict-overflow -Wsign-compare -Wunreachable-code -fno-common -dynamic -DNDEBUG -g -O3 -Wall -Iinclude -I/opt/homebrew/Cellar/python@3.14/3.14.7/Frameworks/Python.framework/Versions/3.14/include/python3.14 -I/Users/borysbardysh/worktrees/strata/m15-pgo/.venv/include -I/opt/homebrew/opt/python@3.14/Frameworks/Python.framework/Versions/3.14/include/python3.14 -c src/strata/json/json_document.cpp -o /var/folders/0c/tyrb6gj95_vbvd8s0hb_gyfm0000gn/T/tmp7mkpi0dr.build-temp/src/strata/json/json_document.o -std=c++20 -O3 -D_LIBCPP_DISABLE_AVAILABILITY -march=native -flto=thin -fprofile-use=/Users/borysbardysh/PycharmProjects/PrimeLabFoundation/strata/build/evidence/M15/armA/strata.profdata
  clang++ -fno-strict-overflow -Wsign-compare -Wunreachable-code -fno-common -dynamic -DNDEBUG -g -O3 -Wall -Iinclude -I/opt/homebrew/Cellar/python@3.14/3.14.7/Frameworks/Python.framework/Versions/3.14/include/python3.14 -I/Users/borysbardysh/worktrees/strata/m15-pgo/.venv/include -I/opt/homebrew/opt/python@3.14/Frameworks/Python.framework/Versions/3.14/include/python3.14 -c src/strata/json/json_parse.cpp -o /var/folders/0c/tyrb6gj95_vbvd8s0hb_gyfm0000gn/T/tmp7mkpi0dr.build-temp/src/strata/json/json_parse.o -std=c++20 -O3 -D_LIBCPP_DISABLE_AVAILABILITY -march=native -flto=thin -fprofile-use=/Users/borysbardysh/PycharmProjects/PrimeLabFoundation/strata/build/evidence/M15/armA/strata.profdata
  clang++ -fno-strict-overflow -Wsign-compare -Wunreachable-code -fno-common -dynamic -DNDEBUG -g -O3 -Wall -Iinclude -I/opt/homebrew/Cellar/python@3.14/3.14.7/Frameworks/Python.framework/Versions/3.14/include/python3.14 -I/Users/borysbardysh/worktrees/strata/m15-pgo/.venv/include -I/opt/homebrew/opt/python@3.14/Frameworks/Python.framework/Versions/3.14/include/python3.14 -c src/strata/json/json_serialize.cpp -o /var/folders/0c/tyrb6gj95_vbvd8s0hb_gyfm0000gn/T/tmp7mkpi0dr.build-temp/src/strata/json/json_serialize.o -std=c++20 -O3 -D_LIBCPP_DISABLE_AVAILABILITY -march=native -flto=thin -fprofile-use=/Users/borysbardysh/PycharmProjects/PrimeLabFoundation/strata/build/evidence/M15/armA/strata.profdata
  clang++ -fno-strict-overflow -Wsign-compare -Wunreachable-code -fno-common -dynamic -DNDEBUG -g -O3 -Wall -Iinclude -I/opt/homebrew/Cellar/python@3.14/3.14.7/Frameworks/Python.framework/Versions/3.14/include/python3.14 -I/Users/borysbardysh/worktrees/strata/m15-pgo/.venv/include -I/opt/homebrew/opt/python@3.14/Frameworks/Python.framework/Versions/3.14/include/python3.14 -c src/strata/json/ndjson_stream.cpp -o /var/folders/0c/tyrb6gj95_vbvd8s0hb_gyfm0000gn/T/tmp7mkpi0dr.build-temp/src/strata/json/ndjson_stream.o -std=c++20 -O3 -D_LIBCPP_DISABLE_AVAILABILITY -march=native -flto=thin -fprofile-use=/Users/borysbardysh/PycharmProjects/PrimeLabFoundation/strata/build/evidence/M15/armA/strata.profdata
  clang++ -fno-strict-overflow -Wsign-compare -Wunreachable-code -fno-common -dynamic -DNDEBUG -g -O3 -Wall -Iinclude -I/opt/homebrew/Cellar/python@3.14/3.14.7/Frameworks/Python.framework/Versions/3.14/include/python3.14 -I/Users/borysbardysh/worktrees/strata/m15-pgo/.venv/include -I/opt/homebrew/opt/python@3.14/Frameworks/Python.framework/Versions/3.14/include/python3.14 -c src/strata/search/jsonpath_compile.cpp -o /var/folders/0c/tyrb6gj95_vbvd8s0hb_gyfm0000gn/T/tmp7mkpi0dr.build-temp/src/strata/search/jsonpath_compile.o -std=c++20 -O3 -D_LIBCPP_DISABLE_AVAILABILITY -march=native -flto=thin -fprofile-use=/Users/borysbardysh/PycharmProjects/PrimeLabFoundation/strata/build/evidence/M15/armA/strata.profdata
  clang++ -fno-strict-overflow -Wsign-compare -Wunreachable-code -fno-common -dynamic -DNDEBUG -g -O3 -Wall -Iinclude -I/opt/homebrew/Cellar/python@3.14/3.14.7/Frameworks/Python.framework/Versions/3.14/include/python3.14 -I/Users/borysbardysh/worktrees/strata/m15-pgo/.venv/include -I/opt/homebrew/opt/python@3.14/Frameworks/Python.framework/Versions/3.14/include/python3.14 -c src/strata/search/jsonpath_eval.cpp -o /var/folders/0c/tyrb6gj95_vbvd8s0hb_gyfm0000gn/T/tmp7mkpi0dr.build-temp/src/strata/search/jsonpath_eval.o -std=c++20 -O3 -D_LIBCPP_DISABLE_AVAILABILITY -march=native -flto=thin -fprofile-use=/Users/borysbardysh/PycharmProjects/PrimeLabFoundation/strata/build/evidence/M15/armA/strata.profdata
  clang++ -fno-strict-overflow -Wsign-compare -Wunreachable-code -fno-common -dynamic -DNDEBUG -g -O3 -Wall -Iinclude -I/opt/homebrew/Cellar/python@3.14/3.14.7/Frameworks/Python.framework/Versions/3.14/include/python3.14 -I/Users/borysbardysh/worktrees/strata/m15-pgo/.venv/include -I/opt/homebrew/opt/python@3.14/Frameworks/Python.framework/Versions/3.14/include/python3.14 -c src/strata/util/dtoa.cpp -o /var/folders/0c/tyrb6gj95_vbvd8s0hb_gyfm0000gn/T/tmp7mkpi0dr.build-temp/src/strata/util/dtoa.o -std=c++20 -O3 -D_LIBCPP_DISABLE_AVAILABILITY -march=native -flto=thin -fprofile-use=/Users/borysbardysh/PycharmProjects/PrimeLabFoundation/strata/build/evidence/M15/armA/strata.profdata
  clang++ -fno-strict-overflow -Wsign-compare -Wunreachable-code -fno-common -dynamic -DNDEBUG -g -O3 -Wall -Iinclude -I/opt/homebrew/Cellar/python@3.14/3.14.7/Frameworks/Python.framework/Versions/3.14/include/python3.14 -I/Users/borysbardysh/worktrees/strata/m15-pgo/.venv/include -I/opt/homebrew/opt/python@3.14/Frameworks/Python.framework/Versions/3.14/include/python3.14 -c src/strata/util/folder.cpp -o /var/folders/0c/tyrb6gj95_vbvd8s0hb_gyfm0000gn/T/tmp7mkpi0dr.build-temp/src/strata/util/folder.o -std=c++20 -O3 -D_LIBCPP_DISABLE_AVAILABILITY -march=native -flto=thin -fprofile-use=/Users/borysbardysh/PycharmProjects/PrimeLabFoundation/strata/build/evidence/M15/armA/strata.profdata
  clang++ -fno-strict-overflow -Wsign-compare -Wunreachable-code -fno-common -dynamic -DNDEBUG -g -O3 -Wall -Iinclude -I/opt/homebrew/Cellar/python@3.14/3.14.7/Frameworks/Python.framework/Versions/3.14/include/python3.14 -I/Users/borysbardysh/worktrees/strata/m15-pgo/.venv/include -I/opt/homebrew/opt/python@3.14/Frameworks/Python.framework/Versions/3.14/include/python3.14 -c src/strata/util/scan.cpp -o /var/folders/0c/tyrb6gj95_vbvd8s0hb_gyfm0000gn/T/tmp7mkpi0dr.build-temp/src/strata/util/scan.o -std=c++20 -O3 -D_LIBCPP_DISABLE_AVAILABILITY -march=native -flto=thin -fprofile-use=/Users/borysbardysh/PycharmProjects/PrimeLabFoundation/strata/build/evidence/M15/armA/strata.profdata
  clang++ -fno-strict-overflow -Wsign-compare -Wunreachable-code -fno-common -dynamic -DNDEBUG -g -O3 -Wall -Iinclude -I/opt/homebrew/Cellar/python@3.14/3.14.7/Frameworks/Python.framework/Versions/3.14/include/python3.14 -I/Users/borysbardysh/worktrees/strata/m15-pgo/.venv/include -I/opt/homebrew/opt/python@3.14/Frameworks/Python.framework/Versions/3.14/include/python3.14 -c src/strata/util/temporal.cpp -o /var/folders/0c/tyrb6gj95_vbvd8s0hb_gyfm0000gn/T/tmp7mkpi0dr.build-temp/src/strata/util/temporal.o -std=c++20 -O3 -D_LIBCPP_DISABLE_AVAILABILITY -march=native -flto=thin -fprofile-use=/Users/borysbardysh/PycharmProjects/PrimeLabFoundation/strata/build/evidence/M15/armA/strata.profdata
  clang++ -fno-strict-overflow -Wsign-compare -Wunreachable-code -fno-common -dynamic -DNDEBUG -g -O3 -Wall -bundle -undefined dynamic_lookup /var/folders/0c/tyrb6gj95_vbvd8s0hb_gyfm0000gn/T/tmp7mkpi0dr.build-temp/src/strata/bindings/python_document.o /var/folders/0c/tyrb6gj95_vbvd8s0hb_gyfm0000gn/T/tmp7mkpi0dr.build-temp/src/strata/bindings/python_dumps.o /var/folders/0c/tyrb6gj95_vbvd8s0hb_gyfm0000gn/T/tmp7mkpi0dr.build-temp/src/strata/bindings/python_files.o /var/folders/0c/tyrb6gj95_vbvd8s0hb_gyfm0000gn/T/tmp7mkpi0dr.build-temp/src/strata/bindings/python_folder.o /var/folders/0c/tyrb6gj95_vbvd8s0hb_gyfm0000gn/T/tmp7mkpi0dr.build-temp/src/strata/bindings/python_jsonpath.o /var/folders/0c/tyrb6gj95_vbvd8s0hb_gyfm0000gn/T/tmp7mkpi0dr.build-temp/src/strata/bindings/python_loads.o /var/folders/0c/tyrb6gj95_vbvd8s0hb_gyfm0000gn/T/tmp7mkpi0dr.build-temp/src/strata/bindings/python_module.o /var/folders/0c/tyrb6gj95_vbvd8s0hb_gyfm0000gn/T/tmp7mkpi0dr.build-temp/src/strata/bindings/python_native_types.o /var/folders/0c/tyrb6gj95_vbvd8s0hb_gyfm0000gn/T/tmp7mkpi0dr.build-temp/src/strata/bindings/python_ndjson.o /var/folders/0c/tyrb6gj95_vbvd8s0hb_gyfm0000gn/T/tmp7mkpi0dr.build-temp/src/strata/bindings/python_parse_types.o /var/folders/0c/tyrb6gj95_vbvd8s0hb_gyfm0000gn/T/tmp7mkpi0dr.build-temp/src/strata/json/json_cursor.o /var/folders/0c/tyrb6gj95_vbvd8s0hb_gyfm0000gn/T/tmp7mkpi0dr.build-temp/src/strata/json/json_document.o /var/folders/0c/tyrb6gj95_vbvd8s0hb_gyfm0000gn/T/tmp7mkpi0dr.build-temp/src/strata/json/json_parse.o /var/folders/0c/tyrb6gj95_vbvd8s0hb_gyfm0000gn/T/tmp7mkpi0dr.build-temp/src/strata/json/json_serialize.o /var/folders/0c/tyrb6gj95_vbvd8s0hb_gyfm0000gn/T/tmp7mkpi0dr.build-temp/src/strata/json/ndjson_stream.o /var/folders/0c/tyrb6gj95_vbvd8s0hb_gyfm0000gn/T/tmp7mkpi0dr.build-temp/src/strata/search/jsonpath_compile.o /var/folders/0c/tyrb6gj95_vbvd8s0hb_gyfm0000gn/T/tmp7mkpi0dr.build-temp/src/strata/search/jsonpath_eval.o /var/folders/0c/tyrb6gj95_vbvd8s0hb_gyfm0000gn/T/tmp7mkpi0dr.build-temp/src/strata/util/dtoa.o /var/folders/0c/tyrb6gj95_vbvd8s0hb_gyfm0000gn/T/tmp7mkpi0dr.build-temp/src/strata/util/folder.o /var/folders/0c/tyrb6gj95_vbvd8s0hb_gyfm0000gn/T/tmp7mkpi0dr.build-temp/src/strata/util/scan.o /var/folders/0c/tyrb6gj95_vbvd8s0hb_gyfm0000gn/T/tmp7mkpi0dr.build-temp/src/strata/util/temporal.o -o /var/folders/0c/tyrb6gj95_vbvd8s0hb_gyfm0000gn/T/tmpkmli34n_.build-lib/strata/_strata.cpython-314-darwin.so -flto=thin -fprofile-use=/Users/borysbardysh/PycharmProjects/PrimeLabFoundation/strata/build/evidence/M15/armA/strata.profdata
  building 'strata._dumps_hook' extension
  clang++ -fno-strict-overflow -Wsign-compare -Wunreachable-code -fno-common -dynamic -DNDEBUG -g -O3 -Wall -Iinclude -I/opt/homebrew/Cellar/python@3.14/3.14.7/Frameworks/Python.framework/Versions/3.14/include/python3.14 -I/Users/borysbardysh/worktrees/strata/m15-pgo/.venv/include -I/opt/homebrew/opt/python@3.14/Frameworks/Python.framework/Versions/3.14/include/python3.14 -c src/strata/bindings/python_dumps_hook.cpp -o /var/folders/0c/tyrb6gj95_vbvd8s0hb_gyfm0000gn/T/tmp7mkpi0dr.build-temp/strata._dumps_hook/src/strata/bindings/python_dumps_hook.o -std=c++20 -O3 -D_LIBCPP_DISABLE_AVAILABILITY -march=native -ffunction-sections -fdata-sections -fvisibility=hidden
  clang++ -fno-strict-overflow -Wsign-compare -Wunreachable-code -fno-common -dynamic -DNDEBUG -g -O3 -Wall -Iinclude -I/opt/homebrew/Cellar/python@3.14/3.14.7/Frameworks/Python.framework/Versions/3.14/include/python3.14 -I/Users/borysbardysh/worktrees/strata/m15-pgo/.venv/include -I/opt/homebrew/opt/python@3.14/Frameworks/Python.framework/Versions/3.14/include/python3.14 -c src/strata/bindings/python_native_types.cpp -o /var/folders/0c/tyrb6gj95_vbvd8s0hb_gyfm0000gn/T/tmp7mkpi0dr.build-temp/strata._dumps_hook/src/strata/bindings/python_native_types.o -std=c++20 -O3 -D_LIBCPP_DISABLE_AVAILABILITY -march=native -ffunction-sections -fdata-sections -fvisibility=hidden
  clang++ -fno-strict-overflow -Wsign-compare -Wunreachable-code -fno-common -dynamic -DNDEBUG -g -O3 -Wall -Iinclude -I/opt/homebrew/Cellar/python@3.14/3.14.7/Frameworks/Python.framework/Versions/3.14/include/python3.14 -I/Users/borysbardysh/worktrees/strata/m15-pgo/.venv/include -I/opt/homebrew/opt/python@3.14/Frameworks/Python.framework/Versions/3.14/include/python3.14 -c src/strata/json/json_cursor.cpp -o /var/folders/0c/tyrb6gj95_vbvd8s0hb_gyfm0000gn/T/tmp7mkpi0dr.build-temp/strata._dumps_hook/src/strata/json/json_cursor.o -std=c++20 -O3 -D_LIBCPP_DISABLE_AVAILABILITY -march=native -ffunction-sections -fdata-sections -fvisibility=hidden
  clang++ -fno-strict-overflow -Wsign-compare -Wunreachable-code -fno-common -dynamic -DNDEBUG -g -O3 -Wall -Iinclude -I/opt/homebrew/Cellar/python@3.14/3.14.7/Frameworks/Python.framework/Versions/3.14/include/python3.14 -I/Users/borysbardysh/worktrees/strata/m15-pgo/.venv/include -I/opt/homebrew/opt/python@3.14/Frameworks/Python.framework/Versions/3.14/include/python3.14 -c src/strata/json/json_document.cpp -o /var/folders/0c/tyrb6gj95_vbvd8s0hb_gyfm0000gn/T/tmp7mkpi0dr.build-temp/strata._dumps_hook/src/strata/json/json_document.o -std=c++20 -O3 -D_LIBCPP_DISABLE_AVAILABILITY -march=native -ffunction-sections -fdata-sections -fvisibility=hidden
  clang++ -fno-strict-overflow -Wsign-compare -Wunreachable-code -fno-common -dynamic -DNDEBUG -g -O3 -Wall -Iinclude -I/opt/homebrew/Cellar/python@3.14/3.14.7/Frameworks/Python.framework/Versions/3.14/include/python3.14 -I/Users/borysbardysh/worktrees/strata/m15-pgo/.venv/include -I/opt/homebrew/opt/python@3.14/Frameworks/Python.framework/Versions/3.14/include/python3.14 -c src/strata/json/json_parse.cpp -o /var/folders/0c/tyrb6gj95_vbvd8s0hb_gyfm0000gn/T/tmp7mkpi0dr.build-temp/strata._dumps_hook/src/strata/json/json_parse.o -std=c++20 -O3 -D_LIBCPP_DISABLE_AVAILABILITY -march=native -ffunction-sections -fdata-sections -fvisibility=hidden
  clang++ -fno-strict-overflow -Wsign-compare -Wunreachable-code -fno-common -dynamic -DNDEBUG -g -O3 -Wall -Iinclude -I/opt/homebrew/Cellar/python@3.14/3.14.7/Frameworks/Python.framework/Versions/3.14/include/python3.14 -I/Users/borysbardysh/worktrees/strata/m15-pgo/.venv/include -I/opt/homebrew/opt/python@3.14/Frameworks/Python.framework/Versions/3.14/include/python3.14 -c src/strata/json/json_serialize.cpp -o /var/folders/0c/tyrb6gj95_vbvd8s0hb_gyfm0000gn/T/tmp7mkpi0dr.build-temp/strata._dumps_hook/src/strata/json/json_serialize.o -std=c++20 -O3 -D_LIBCPP_DISABLE_AVAILABILITY -march=native -ffunction-sections -fdata-sections -fvisibility=hidden
  clang++ -fno-strict-overflow -Wsign-compare -Wunreachable-code -fno-common -dynamic -DNDEBUG -g -O3 -Wall -Iinclude -I/opt/homebrew/Cellar/python@3.14/3.14.7/Frameworks/Python.framework/Versions/3.14/include/python3.14 -I/Users/borysbardysh/worktrees/strata/m15-pgo/.venv/include -I/opt/homebrew/opt/python@3.14/Frameworks/Python.framework/Versions/3.14/include/python3.14 -c src/strata/json/ndjson_stream.cpp -o /var/folders/0c/tyrb6gj95_vbvd8s0hb_gyfm0000gn/T/tmp7mkpi0dr.build-temp/strata._dumps_hook/src/strata/json/ndjson_stream.o -std=c++20 -O3 -D_LIBCPP_DISABLE_AVAILABILITY -march=native -ffunction-sections -fdata-sections -fvisibility=hidden
  clang++ -fno-strict-overflow -Wsign-compare -Wunreachable-code -fno-common -dynamic -DNDEBUG -g -O3 -Wall -Iinclude -I/opt/homebrew/Cellar/python@3.14/3.14.7/Frameworks/Python.framework/Versions/3.14/include/python3.14 -I/Users/borysbardysh/worktrees/strata/m15-pgo/.venv/include -I/opt/homebrew/opt/python@3.14/Frameworks/Python.framework/Versions/3.14/include/python3.14 -c src/strata/search/jsonpath_compile.cpp -o /var/folders/0c/tyrb6gj95_vbvd8s0hb_gyfm0000gn/T/tmp7mkpi0dr.build-temp/strata._dumps_hook/src/strata/search/jsonpath_compile.o -std=c++20 -O3 -D_LIBCPP_DISABLE_AVAILABILITY -march=native -ffunction-sections -fdata-sections -fvisibility=hidden
  clang++ -fno-strict-overflow -Wsign-compare -Wunreachable-code -fno-common -dynamic -DNDEBUG -g -O3 -Wall -Iinclude -I/opt/homebrew/Cellar/python@3.14/3.14.7/Frameworks/Python.framework/Versions/3.14/include/python3.14 -I/Users/borysbardysh/worktrees/strata/m15-pgo/.venv/include -I/opt/homebrew/opt/python@3.14/Frameworks/Python.framework/Versions/3.14/include/python3.14 -c src/strata/search/jsonpath_eval.cpp -o /var/folders/0c/tyrb6gj95_vbvd8s0hb_gyfm0000gn/T/tmp7mkpi0dr.build-temp/strata._dumps_hook/src/strata/search/jsonpath_eval.o -std=c++20 -O3 -D_LIBCPP_DISABLE_AVAILABILITY -march=native -ffunction-sections -fdata-sections -fvisibility=hidden
  clang++ -fno-strict-overflow -Wsign-compare -Wunreachable-code -fno-common -dynamic -DNDEBUG -g -O3 -Wall -Iinclude -I/opt/homebrew/Cellar/python@3.14/3.14.7/Frameworks/Python.framework/Versions/3.14/include/python3.14 -I/Users/borysbardysh/worktrees/strata/m15-pgo/.venv/include -I/opt/homebrew/opt/python@3.14/Frameworks/Python.framework/Versions/3.14/include/python3.14 -c src/strata/util/dtoa.cpp -o /var/folders/0c/tyrb6gj95_vbvd8s0hb_gyfm0000gn/T/tmp7mkpi0dr.build-temp/strata._dumps_hook/src/strata/util/dtoa.o -std=c++20 -O3 -D_LIBCPP_DISABLE_AVAILABILITY -march=native -ffunction-sections -fdata-sections -fvisibility=hidden
  clang++ -fno-strict-overflow -Wsign-compare -Wunreachable-code -fno-common -dynamic -DNDEBUG -g -O3 -Wall -Iinclude -I/opt/homebrew/Cellar/python@3.14/3.14.7/Frameworks/Python.framework/Versions/3.14/include/python3.14 -I/Users/borysbardysh/worktrees/strata/m15-pgo/.venv/include -I/opt/homebrew/opt/python@3.14/Frameworks/Python.framework/Versions/3.14/include/python3.14 -c src/strata/util/folder.cpp -o /var/folders/0c/tyrb6gj95_vbvd8s0hb_gyfm0000gn/T/tmp7mkpi0dr.build-temp/strata._dumps_hook/src/strata/util/folder.o -std=c++20 -O3 -D_LIBCPP_DISABLE_AVAILABILITY -march=native -ffunction-sections -fdata-sections -fvisibility=hidden
  clang++ -fno-strict-overflow -Wsign-compare -Wunreachable-code -fno-common -dynamic -DNDEBUG -g -O3 -Wall -Iinclude -I/opt/homebrew/Cellar/python@3.14/3.14.7/Frameworks/Python.framework/Versions/3.14/include/python3.14 -I/Users/borysbardysh/worktrees/strata/m15-pgo/.venv/include -I/opt/homebrew/opt/python@3.14/Frameworks/Python.framework/Versions/3.14/include/python3.14 -c src/strata/util/scan.cpp -o /var/folders/0c/tyrb6gj95_vbvd8s0hb_gyfm0000gn/T/tmp7mkpi0dr.build-temp/strata._dumps_hook/src/strata/util/scan.o -std=c++20 -O3 -D_LIBCPP_DISABLE_AVAILABILITY -march=native -ffunction-sections -fdata-sections -fvisibility=hidden
  clang++ -fno-strict-overflow -Wsign-compare -Wunreachable-code -fno-common -dynamic -DNDEBUG -g -O3 -Wall -Iinclude -I/opt/homebrew/Cellar/python@3.14/3.14.7/Frameworks/Python.framework/Versions/3.14/include/python3.14 -I/Users/borysbardysh/worktrees/strata/m15-pgo/.venv/include -I/opt/homebrew/opt/python@3.14/Frameworks/Python.framework/Versions/3.14/include/python3.14 -c src/strata/util/temporal.cpp -o /var/folders/0c/tyrb6gj95_vbvd8s0hb_gyfm0000gn/T/tmp7mkpi0dr.build-temp/strata._dumps_hook/src/strata/util/temporal.o -std=c++20 -O3 -D_LIBCPP_DISABLE_AVAILABILITY -march=native -ffunction-sections -fdata-sections -fvisibility=hidden
  clang++ -fno-strict-overflow -Wsign-compare -Wunreachable-code -fno-common -dynamic -DNDEBUG -g -O3 -Wall -bundle -undefined dynamic_lookup /var/folders/0c/tyrb6gj95_vbvd8s0hb_gyfm0000gn/T/tmp7mkpi0dr.build-temp/strata._dumps_hook/src/strata/bindings/python_dumps_hook.o /var/folders/0c/tyrb6gj95_vbvd8s0hb_gyfm0000gn/T/tmp7mkpi0dr.build-temp/strata._dumps_hook/src/strata/bindings/python_native_types.o /var/folders/0c/tyrb6gj95_vbvd8s0hb_gyfm0000gn/T/tmp7mkpi0dr.build-temp/strata._dumps_hook/src/strata/json/json_cursor.o /var/folders/0c/tyrb6gj95_vbvd8s0hb_gyfm0000gn/T/tmp7mkpi0dr.build-temp/strata._dumps_hook/src/strata/json/json_document.o /var/folders/0c/tyrb6gj95_vbvd8s0hb_gyfm0000gn/T/tmp7mkpi0dr.build-temp/strata._dumps_hook/src/strata/json/json_parse.o /var/folders/0c/tyrb6gj95_vbvd8s0hb_gyfm0000gn/T/tmp7mkpi0dr.build-temp/strata._dumps_hook/src/strata/json/json_serialize.o /var/folders/0c/tyrb6gj95_vbvd8s0hb_gyfm0000gn/T/tmp7mkpi0dr.build-temp/strata._dumps_hook/src/strata/json/ndjson_stream.o /var/folders/0c/tyrb6gj95_vbvd8s0hb_gyfm0000gn/T/tmp7mkpi0dr.build-temp/strata._dumps_hook/src/strata/search/jsonpath_compile.o /var/folders/0c/tyrb6gj95_vbvd8s0hb_gyfm0000gn/T/tmp7mkpi0dr.build-temp/strata._dumps_hook/src/strata/search/jsonpath_eval.o /var/folders/0c/tyrb6gj95_vbvd8s0hb_gyfm0000gn/T/tmp7mkpi0dr.build-temp/strata._dumps_hook/src/strata/util/dtoa.o /var/folders/0c/tyrb6gj95_vbvd8s0hb_gyfm0000gn/T/tmp7mkpi0dr.build-temp/strata._dumps_hook/src/strata/util/folder.o /var/folders/0c/tyrb6gj95_vbvd8s0hb_gyfm0000gn/T/tmp7mkpi0dr.build-temp/strata._dumps_hook/src/strata/util/scan.o /var/folders/0c/tyrb6gj95_vbvd8s0hb_gyfm0000gn/T/tmp7mkpi0dr.build-temp/strata._dumps_hook/src/strata/util/temporal.o -o /var/folders/0c/tyrb6gj95_vbvd8s0hb_gyfm0000gn/T/tmpkmli34n_.build-lib/strata/_dumps_hook.cpython-314-darwin.so -Wl,-dead_strip
  copying /var/folders/0c/tyrb6gj95_vbvd8s0hb_gyfm0000gn/T/tmpkmli34n_.build-lib/strata/_strata.cpython-314-darwin.so -> python/strata
  copying /var/folders/0c/tyrb6gj95_vbvd8s0hb_gyfm0000gn/T/tmpkmli34n_.build-lib/strata/_dumps_hook.cpython-314-darwin.so -> python/strata

  ======================================================================
  GATE 2/2: Python test suites (post-build)
  ======================================================================
  + /Users/borysbardysh/worktrees/strata/m15-pgo/.venv/bin/python /Users/borysbardysh/worktrees/strata/m15-pgo/scripts/py_tests.py --path /Users/borysbardysh/worktrees/strata/m15-pgo/python
  + pytest tests/py tests/unit --basetemp=/var/folders/0c/tyrb6gj95_vbvd8s0hb_gyfm0000gn/T/pytest-of-borysbardysh/bykyjx4c
    import path prefix: /Users/borysbardysh/worktrees/strata/m15-pgo/python
  ============================= test session starts ==============================
  platform darwin -- Python 3.14.7, pytest-9.1.1, pluggy-1.6.0
  rootdir: /Users/borysbardysh/worktrees/strata/m15-pgo
  configfile: pyproject.toml
  collected 3539 items / 1 skipped

  tests/py/native_types/test_native_import.py ...                          [  0%]
  tests/py/native_types/test_native_oracle.py .........                    [  0%]
  tests/py/native_types/test_native_reentrancy.py ........................ [  1%]
  .................................................                        [  2%]
  tests/py/native_types/test_parse_types.py .............................. [  3%]
  .......................................................                  [  4%]
  tests/py/test_dumps_brace_fold.py .........                              [  5%]
  tests/py/test_dumps_cycles_fused.py .................................... [  6%]
  ....................................................                     [  7%]
  tests/py/test_dumps_general_tables.py ............................       [  8%]
  tests/py/test_dumps_with_default.py .................................... [  9%]
  .............................ss                                          [ 10%]
  tests/py/test_dumps_with_default_contract.py ........................... [ 10%]
  ........................................................................ [ 13%]
  ........................................................................ [ 15%]
  ..........................                                               [ 15%]
  tests/py/test_fused_verification.py ..                                   [ 15%]
  tests/py/test_json_parity.py ........................................... [ 17%]
  ........................................................................ [ 19%]
  ........................................................................ [ 21%]
  ........................................................................ [ 23%]
  ........................................................................ [ 25%]
  ........................................................................ [ 27%]
  ........................................................................ [ 29%]
  ........................................................................ [ 31%]
  ........................................................................ [ 33%]
  ........................................................................ [ 35%]
  ........................................................................ [ 37%]
  ........................................................................ [ 39%]
  ........................................................................ [ 41%]
  ........................................................................ [ 43%]
  ........................................................................ [ 45%]
  ........................................................................ [ 47%]
  ........................................................................ [ 49%]
  .................................                                        [ 50%]
  tests/py/test_path_dispatch.py ................................          [ 51%]
  tests/py/test_py_tests_basetemp.py ..                                    [ 51%]
  tests/py/test_smoke.py ...                                               [ 51%]
  tests/unit/native_types/test_build_sources.py .....                      [ 51%]
  tests/unit/native_types/test_parse_contract.py ......................... [ 52%]
  .................................................                        [ 53%]
  tests/unit/native_types/test_serializer_contract.py .................... [ 54%]
  ........................................................................ [ 56%]
  ..                                                                       [ 56%]
  tests/unit/native_types/test_training_scope.py ............              [ 56%]
  tests/unit/test_ab_analysis.py ......................................    [ 57%]
  tests/unit/test_build_manifest.py ......                                 [ 58%]
  tests/unit/test_canonical_builds.py ....                                 [ 58%]
  tests/unit/test_ci_fetch.py ........................                     [ 58%]
  tests/unit/test_ci_summary.py .......................                    [ 59%]
  tests/unit/test_config.py ...........................                    [ 60%]
  tests/unit/test_core_purity.py ....                                      [ 60%]
  tests/unit/test_cross_sample.py ......                                   [ 60%]
  tests/unit/test_dumps.py ............................................... [ 61%]
  ..........                                                               [ 62%]
  tests/unit/test_dumps_brace_fold.py .........                            [ 62%]
  tests/unit/test_dumps_cold_start.py ....                                 [ 62%]
  tests/unit/test_dumps_contract.py ...................................... [ 63%]
  .............................................................            [ 65%]
  tests/unit/test_dumps_cycles_fused.py .................................. [ 66%]
  ......................................................                   [ 67%]
  tests/unit/test_dumps_general_tables.py ............................     [ 68%]
  tests/unit/test_dumps_latch.py ............................              [ 69%]
  tests/unit/test_dumps_private_cache.py ................................  [ 70%]
  tests/unit/test_dumps_reentrancy.py .................................... [ 71%]
  ......................................................................   [ 73%]
  tests/unit/test_dumps_reentrancy_review.py ............................. [ 74%]
  ..                                                                       [ 74%]
  tests/unit/test_dumps_schema_failure.py ...........................      [ 74%]
  tests/unit/test_dumps_user_step_counter.py ..........................    [ 75%]
  tests/unit/test_dumps_with_default.py .................................. [ 76%]
  ........................................................................ [ 78%]
  ...................................................................      [ 80%]
  tests/unit/test_dumps_with_default_state.py ............................ [ 81%]
  ........................................................................ [ 83%]
  ..............                                                           [ 83%]
  tests/unit/test_folder.py .............................................. [ 85%]
  .........................................                                [ 86%]
  tests/unit/test_fused_verification.py ..                                 [ 86%]
  tests/unit/test_hook_build_scope.py ...............................      [ 87%]
  tests/unit/test_json_cursor.py ...........................               [ 87%]
  tests/unit/test_jsonpath.py ............................................ [ 89%]
  .......................................................................  [ 91%]
  tests/unit/test_load_dump.py ........................................... [ 92%]
                                                                           [ 92%]
  tests/unit/test_loads.py ............................................... [ 93%]
  ........................................................................ [ 95%]
  ................                                                         [ 96%]
  tests/unit/test_native_interleaved_profile.py ...                        [ 96%]
  tests/unit/test_path_dispatch.py ................................        [ 97%]
  tests/unit/test_provenance.py ..................                         [ 97%]
  tests/unit/test_regression_check.py ..........................           [ 98%]
  tests/unit/test_search_stream.py .................                       [ 98%]
  tests/unit/test_string_identity_probe.py .                               [ 98%]
  tests/unit/test_supplementary.py ............s                           [ 99%]
  tests/unit/test_supportability_check.py ....................             [ 99%]
  tests/unit/test_version.py ....                                          [100%]

  ======================= 3536 passed, 4 skipped in 9.37s ========================

  ======================================================================
  Build complete — both gates green
  ======================================================================
  running egg_info
  creating /var/folders/0c/tyrb6gj95_vbvd8s0hb_gyfm0000gn/T/tmp7mkpi0dr.build-temp/strata.egg-info
  writing /var/folders/0c/tyrb6gj95_vbvd8s0hb_gyfm0000gn/T/tmp7mkpi0dr.build-temp/strata.egg-info/PKG-INFO
  writing dependency_links to /var/folders/0c/tyrb6gj95_vbvd8s0hb_gyfm0000gn/T/tmp7mkpi0dr.build-temp/strata.egg-info/dependency_links.txt
  writing requirements to /var/folders/0c/tyrb6gj95_vbvd8s0hb_gyfm0000gn/T/tmp7mkpi0dr.build-temp/strata.egg-info/requires.txt
  writing top-level names to /var/folders/0c/tyrb6gj95_vbvd8s0hb_gyfm0000gn/T/tmp7mkpi0dr.build-temp/strata.egg-info/top_level.txt
  writing manifest file '/var/folders/0c/tyrb6gj95_vbvd8s0hb_gyfm0000gn/T/tmp7mkpi0dr.build-temp/strata.egg-info/SOURCES.txt'
  reading manifest file '/var/folders/0c/tyrb6gj95_vbvd8s0hb_gyfm0000gn/T/tmp7mkpi0dr.build-temp/strata.egg-info/SOURCES.txt'
  reading manifest template 'MANIFEST.in'
  warning: no files found matching '*.c' under directory 'src'
  warning: no files found matching '*.cc' under directory 'src'
  warning: no files found matching '*.cxx' under directory 'src'
  warning: no files found matching '*.hpp' under directory 'src'
  warning: no files found matching '*.inc' under directory 'src'
  warning: no files found matching '*.h' under directory 'tests'
  warning: no files found matching '*.hpp' under directory 'tests'
  warning: no files found matching '*.json' under directory 'tests'
  adding license file 'LICENSE'
  writing manifest file '/var/folders/0c/tyrb6gj95_vbvd8s0hb_gyfm0000gn/T/tmp7mkpi0dr.build-temp/strata.egg-info/SOURCES.txt'

          Editable install will be performed using .pth file to extend `sys.path` with:
          ['python']

  Options like `package-data`, `include/exclude-package-data` or
  `packages.find.exclude/include` may have no effect.

  adding '__editable__.strata-2026.8.10.pth'
  creating '/private/var/folders/0c/tyrb6gj95_vbvd8s0hb_gyfm0000gn/T/pip-ephem-wheel-cache-p7vcaoqg/wheels/55/ae/4a/316d67abb673b3d8521459659c799851d5bc6ed3ad72b86c73/tmpxq2gax3p/.tmp-mkd44mwf/strata-2026.8.10-0.editable-cp314-cp314-macosx_26_0_arm64.whl' and adding '/var/folders/0c/tyrb6gj95_vbvd8s0hb_gyfm0000gn/T/tmpogirv8q2strata-2026.8.10-0.editable-cp314-cp314-macosx_26_0_arm64.whl' to it
  adding 'strata-2026.8.10.dist-info/licenses/LICENSE'
  adding 'strata-2026.8.10.dist-info/METADATA'
  adding 'strata-2026.8.10.dist-info/WHEEL'
  adding 'strata-2026.8.10.dist-info/top_level.txt'
  adding 'strata-2026.8.10.dist-info/RECORD'
  Building editable for strata (pyproject.toml): finished with status 'done'
  Created wheel for strata: filename=strata-2026.8.10-0.editable-cp314-cp314-macosx_26_0_arm64.whl size=4390 sha256=26d81d9e9a6ab663b5df9a21925852bfcdd0fbc6d4234ed6894e53ae5c9f1ee9
  Stored in directory: /private/var/folders/0c/tyrb6gj95_vbvd8s0hb_gyfm0000gn/T/pip-ephem-wheel-cache-p7vcaoqg/wheels/55/ae/4a/316d67abb673b3d8521459659c799851d5bc6ed3ad72b86c73
Successfully built strata
Installing collected packages: strata
  Attempting uninstall: strata
    Found existing installation: strata 2026.8.10
    Uninstalling strata-2026.8.10:
      Removing file or directory /Users/borysbardysh/worktrees/strata/m15-pgo/.venv/lib/python3.14/site-packages/__editable__.strata-2026.8.10.pth
      Removing file or directory /Users/borysbardysh/worktrees/strata/m15-pgo/.venv/lib/python3.14/site-packages/strata-2026.8.10.dist-info/
      Successfully uninstalled strata-2026.8.10
Successfully installed strata-2026.8.10
+ strata._dumps_hook is unprofiled: _dumps_hook.cpython-314-darwin.so.build.json records no profile or profile flag,
  and the image links no profile runtime
held build exit 0
