# target   /home/runner/work/strata/strata/python/strata/_strata.cpython-312-aarch64-linux-gnu.so
# build A  /home/runner/work/strata/strata/arms/A.so  md5=54c8aad5f0523e6f1a8f7a53da8b3a54
# build B  /home/runner/work/strata/strata/arms/A.so  md5=54c8aad5f0523e6f1a8f7a53da8b3a54
# order    ABBAABBAABBAABBAABBAABBAA (25 launches)
# rows     small:users:loads small:users:dumps small:users:load small:users:dump small:users:ndload small:flat:loads small:flat:dumps small:flat:load small:flat:dump small:nested:loads small:nested:dumps small:nested:load small:nested:dump small:wide_arrays:loads small:wide_arrays:dumps small:wide_arrays:load small:wide_arrays:dump small:mixed:loads small:mixed:dumps small:mixed:load small:mixed:dump medium:flat:dumps medium:users:dumps medium:mixed:dumps medium:wide_arrays:loads  repeat=60
# facade   /home/runner/work/strata/strata/python/strata swapped per launch
# launch 00 build=A md5=54c8aad5f0523e6f1a8f7a53da8b3a54 facade_md5=8045c859563f90acf92a73b882358a78
# L00 build=A extension=/home/runner/work/strata/strata/python/strata/_strata.cpython-312-aarch64-linux-gnu.so md5=54c8aad5f0523e6f1a8f7a53da8b3a54 load=1.00,1.00,0.94 cpus=4 t=00:53:32
# launch 01 build=B md5=54c8aad5f0523e6f1a8f7a53da8b3a54 facade_md5=8045c859563f90acf92a73b882358a78
# L01 build=B extension=/home/runner/work/strata/strata/python/strata/_strata.cpython-312-aarch64-linux-gnu.so md5=54c8aad5f0523e6f1a8f7a53da8b3a54 load=1.00,1.00,0.94 cpus=4 t=00:53:59
# launch 02 build=B md5=54c8aad5f0523e6f1a8f7a53da8b3a54 facade_md5=8045c859563f90acf92a73b882358a78
# L02 build=B extension=/home/runner/work/strata/strata/python/strata/_strata.cpython-312-aarch64-linux-gnu.so md5=54c8aad5f0523e6f1a8f7a53da8b3a54 load=1.00,1.00,0.95 cpus=4 t=00:54:26
# launch 03 build=A md5=54c8aad5f0523e6f1a8f7a53da8b3a54 facade_md5=8045c859563f90acf92a73b882358a78
# L03 build=A extension=/home/runner/work/strata/strata/python/strata/_strata.cpython-312-aarch64-linux-gnu.so md5=54c8aad5f0523e6f1a8f7a53da8b3a54 load=1.00,1.00,0.95 cpus=4 t=00:54:52
# launch 04 build=A md5=54c8aad5f0523e6f1a8f7a53da8b3a54 facade_md5=8045c859563f90acf92a73b882358a78
# L04 build=A extension=/home/runner/work/strata/strata/python/strata/_strata.cpython-312-aarch64-linux-gnu.so md5=54c8aad5f0523e6f1a8f7a53da8b3a54 load=1.00,1.00,0.95 cpus=4 t=00:55:22
# launch 05 build=B md5=54c8aad5f0523e6f1a8f7a53da8b3a54 facade_md5=8045c859563f90acf92a73b882358a78
# L05 build=B extension=/home/runner/work/strata/strata/python/strata/_strata.cpython-312-aarch64-linux-gnu.so md5=54c8aad5f0523e6f1a8f7a53da8b3a54 load=1.00,1.00,0.96 cpus=4 t=00:55:50
# launch 06 build=B md5=54c8aad5f0523e6f1a8f7a53da8b3a54 facade_md5=8045c859563f90acf92a73b882358a78
# L06 build=B extension=/home/runner/work/strata/strata/python/strata/_strata.cpython-312-aarch64-linux-gnu.so md5=54c8aad5f0523e6f1a8f7a53da8b3a54 load=1.00,1.00,0.96 cpus=4 t=00:56:17
# launch 07 build=A md5=54c8aad5f0523e6f1a8f7a53da8b3a54 facade_md5=8045c859563f90acf92a73b882358a78
# L07 build=A extension=/home/runner/work/strata/strata/python/strata/_strata.cpython-312-aarch64-linux-gnu.so md5=54c8aad5f0523e6f1a8f7a53da8b3a54 load=1.00,1.00,0.96 cpus=4 t=00:56:44
# launch 08 build=A md5=54c8aad5f0523e6f1a8f7a53da8b3a54 facade_md5=8045c859563f90acf92a73b882358a78
# L08 build=A extension=/home/runner/work/strata/strata/python/strata/_strata.cpython-312-aarch64-linux-gnu.so md5=54c8aad5f0523e6f1a8f7a53da8b3a54 load=1.00,1.00,0.96 cpus=4 t=00:57:15
# launch 09 build=B md5=54c8aad5f0523e6f1a8f7a53da8b3a54 facade_md5=8045c859563f90acf92a73b882358a78
# L09 build=B extension=/home/runner/work/strata/strata/python/strata/_strata.cpython-312-aarch64-linux-gnu.so md5=54c8aad5f0523e6f1a8f7a53da8b3a54 load=1.00,1.00,0.97 cpus=4 t=00:57:45
# launch 10 build=B md5=54c8aad5f0523e6f1a8f7a53da8b3a54 facade_md5=8045c859563f90acf92a73b882358a78
# L10 build=B extension=/home/runner/work/strata/strata/python/strata/_strata.cpython-312-aarch64-linux-gnu.so md5=54c8aad5f0523e6f1a8f7a53da8b3a54 load=1.00,1.00,0.97 cpus=4 t=00:58:12
# launch 11 build=A md5=54c8aad5f0523e6f1a8f7a53da8b3a54 facade_md5=8045c859563f90acf92a73b882358a78
# L11 build=A extension=/home/runner/work/strata/strata/python/strata/_strata.cpython-312-aarch64-linux-gnu.so md5=54c8aad5f0523e6f1a8f7a53da8b3a54 load=1.00,1.00,0.97 cpus=4 t=00:58:39
# launch 12 build=A md5=54c8aad5f0523e6f1a8f7a53da8b3a54 facade_md5=8045c859563f90acf92a73b882358a78
# L12 build=A extension=/home/runner/work/strata/strata/python/strata/_strata.cpython-312-aarch64-linux-gnu.so md5=54c8aad5f0523e6f1a8f7a53da8b3a54 load=1.00,1.00,0.97 cpus=4 t=00:59:06
# launch 13 build=B md5=54c8aad5f0523e6f1a8f7a53da8b3a54 facade_md5=8045c859563f90acf92a73b882358a78
# L13 build=B extension=/home/runner/work/strata/strata/python/strata/_strata.cpython-312-aarch64-linux-gnu.so md5=54c8aad5f0523e6f1a8f7a53da8b3a54 load=1.00,1.00,0.98 cpus=4 t=00:59:33
# launch 14 build=B md5=54c8aad5f0523e6f1a8f7a53da8b3a54 facade_md5=8045c859563f90acf92a73b882358a78
# L14 build=B extension=/home/runner/work/strata/strata/python/strata/_strata.cpython-312-aarch64-linux-gnu.so md5=54c8aad5f0523e6f1a8f7a53da8b3a54 load=1.06,1.02,0.98 cpus=4 t=01:00:00
# launch 15 build=A md5=54c8aad5f0523e6f1a8f7a53da8b3a54 facade_md5=8045c859563f90acf92a73b882358a78
# L15 build=A extension=/home/runner/work/strata/strata/python/strata/_strata.cpython-312-aarch64-linux-gnu.so md5=54c8aad5f0523e6f1a8f7a53da8b3a54 load=1.04,1.01,0.99 cpus=4 t=01:00:26
# launch 16 build=A md5=54c8aad5f0523e6f1a8f7a53da8b3a54 facade_md5=8045c859563f90acf92a73b882358a78
# L16 build=A extension=/home/runner/work/strata/strata/python/strata/_strata.cpython-312-aarch64-linux-gnu.so md5=54c8aad5f0523e6f1a8f7a53da8b3a54 load=1.02,1.01,0.99 cpus=4 t=01:00:52
# launch 17 build=B md5=54c8aad5f0523e6f1a8f7a53da8b3a54 facade_md5=8045c859563f90acf92a73b882358a78
# L17 build=B extension=/home/runner/work/strata/strata/python/strata/_strata.cpython-312-aarch64-linux-gnu.so md5=54c8aad5f0523e6f1a8f7a53da8b3a54 load=1.01,1.01,0.99 cpus=4 t=01:01:18
# launch 18 build=B md5=54c8aad5f0523e6f1a8f7a53da8b3a54 facade_md5=8045c859563f90acf92a73b882358a78
# L18 build=B extension=/home/runner/work/strata/strata/python/strata/_strata.cpython-312-aarch64-linux-gnu.so md5=54c8aad5f0523e6f1a8f7a53da8b3a54 load=1.01,1.00,1.00 cpus=4 t=01:01:44
# launch 19 build=A md5=54c8aad5f0523e6f1a8f7a53da8b3a54 facade_md5=8045c859563f90acf92a73b882358a78
# L19 build=A extension=/home/runner/work/strata/strata/python/strata/_strata.cpython-312-aarch64-linux-gnu.so md5=54c8aad5f0523e6f1a8f7a53da8b3a54 load=1.00,1.00,1.00 cpus=4 t=01:02:10
# launch 20 build=A md5=54c8aad5f0523e6f1a8f7a53da8b3a54 facade_md5=8045c859563f90acf92a73b882358a78
# L20 build=A extension=/home/runner/work/strata/strata/python/strata/_strata.cpython-312-aarch64-linux-gnu.so md5=54c8aad5f0523e6f1a8f7a53da8b3a54 load=1.00,1.00,1.00 cpus=4 t=01:02:42
# launch 21 build=B md5=54c8aad5f0523e6f1a8f7a53da8b3a54 facade_md5=8045c859563f90acf92a73b882358a78
# L21 build=B extension=/home/runner/work/strata/strata/python/strata/_strata.cpython-312-aarch64-linux-gnu.so md5=54c8aad5f0523e6f1a8f7a53da8b3a54 load=1.00,1.00,1.00 cpus=4 t=01:03:12
# launch 22 build=B md5=54c8aad5f0523e6f1a8f7a53da8b3a54 facade_md5=8045c859563f90acf92a73b882358a78
# L22 build=B extension=/home/runner/work/strata/strata/python/strata/_strata.cpython-312-aarch64-linux-gnu.so md5=54c8aad5f0523e6f1a8f7a53da8b3a54 load=1.00,1.00,1.00 cpus=4 t=01:03:38
# launch 23 build=A md5=54c8aad5f0523e6f1a8f7a53da8b3a54 facade_md5=8045c859563f90acf92a73b882358a78
# L23 build=A extension=/home/runner/work/strata/strata/python/strata/_strata.cpython-312-aarch64-linux-gnu.so md5=54c8aad5f0523e6f1a8f7a53da8b3a54 load=1.00,1.00,1.00 cpus=4 t=01:04:03
# launch 24 build=A md5=54c8aad5f0523e6f1a8f7a53da8b3a54 facade_md5=8045c859563f90acf92a73b882358a78
# L24 build=A extension=/home/runner/work/strata/strata/python/strata/_strata.cpython-312-aarch64-linux-gnu.so md5=54c8aad5f0523e6f1a8f7a53da8b3a54 load=1.00,1.00,1.00 cpus=4 t=01:04:29
# wrote ab/AA.tsv (25 of 25 launches)
# restored /home/runner/work/strata/strata/python/strata/_strata.cpython-312-aarch64-linux-gnu.so to md5=d93edf2e887fb50cf0b95c9057b99794
# restored facade /home/runner/work/strata/strata/python/strata to md5=bc19225b9639128ba9fd166d5e3f1bef
