python -m venv .venv
.venv/bin/python -m pip install -U pip setuptools wheel
Requirement already satisfied: pip in ./.venv/lib/python3.12/site-packages (25.0.1)
Collecting pip
  Using cached pip-26.2.1-py3-none-any.whl.metadata (4.6 kB)
Collecting setuptools
  Using cached setuptools-84.0.0-py3-none-any.whl.metadata (6.6 kB)
Collecting wheel
  Using cached wheel-0.48.0-py3-none-any.whl.metadata (2.3 kB)
Collecting packaging>=24.0 (from wheel)
  Using cached packaging-26.3-py3-none-any.whl.metadata (3.5 kB)
Using cached pip-26.2.1-py3-none-any.whl (1.8 MB)
Using cached setuptools-84.0.0-py3-none-any.whl (818 kB)
Using cached wheel-0.48.0-py3-none-any.whl (33 kB)
Using cached packaging-26.3-py3-none-any.whl (129 kB)
Installing collected packages: setuptools, pip, packaging, wheel
  Attempting uninstall: pip
    Found existing installation: pip 25.0.1
    Uninstalling pip-25.0.1:
      Successfully uninstalled pip-25.0.1
Successfully installed packaging-26.3 pip-26.2.1 setuptools-84.0.0 wheel-0.48.0
.venv/bin/python -m pip install -e '.[dev,bench]'
Obtaining file:///home/runner/work/_temp/strata-arm
  Installing build dependencies: started
  Installing build dependencies: finished with status 'done'
  Checking if build backend supports build_editable: started
  Checking if build backend supports build_editable: finished with status 'done'
  Getting requirements to build editable: started
  Getting requirements to build editable: finished with status 'done'
  Preparing editable metadata (pyproject.toml): started
  Preparing editable metadata (pyproject.toml): finished with status 'done'
Collecting cmake>=3.20 (from strata==2026.8.10)
  Using cached cmake-4.4.3-py3-none-manylinux2014_aarch64.manylinux_2_17_aarch64.whl.metadata (7.0 kB)
Collecting pytest>=7 (from strata==2026.8.10)
  Using cached pytest-9.1.1-py3-none-any.whl.metadata (7.6 kB)
Collecting pytest-cov>=4 (from strata==2026.8.10)
  Using cached pytest_cov-7.1.0-py3-none-any.whl.metadata (32 kB)
Collecting ruff>=0.5 (from strata==2026.8.10)
  Using cached ruff-0.16.9-py3-none-manylinux_2_17_aarch64.manylinux2014_aarch64.whl.metadata (20 kB)
Collecting pre-commit>=3.5 (from strata==2026.8.10)
  Using cached pre_commit-4.6.2-py2.py3-none-any.whl.metadata (1.2 kB)
Collecting clang-format<22,>=21 (from strata==2026.8.10)
  Using cached clang_format-21.1.8-py2.py3-none-manylinux_2_26_aarch64.manylinux_2_28_aarch64.whl.metadata (4.7 kB)
Collecting orjson (from strata==2026.8.10)
  Using cached orjson-3.12.0-cp312-cp312-manylinux_2_17_aarch64.manylinux2014_aarch64.whl.metadata (41 kB)
Collecting msgspec (from strata==2026.8.10)
  Using cached msgspec-0.21.1-cp312-cp312-manylinux2014_aarch64.manylinux_2_17_aarch64.manylinux_2_28_aarch64.whl.metadata (5.8 kB)
Collecting ujson (from strata==2026.8.10)
  Using cached ujson-6.0.0-cp312-cp312-manylinux_2_24_aarch64.manylinux_2_28_aarch64.whl.metadata (10.0 kB)
Collecting pysimdjson (from strata==2026.8.10)
  Using cached pysimdjson-7.0.2-cp312-cp312-manylinux_2_17_aarch64.manylinux2014_aarch64.whl.metadata (1.1 kB)
Collecting jmespath (from strata==2026.8.10)
  Using cached jmespath-1.1.0-py3-none-any.whl.metadata (7.6 kB)
Collecting jsonpath-ng (from strata==2026.8.10)
  Using cached jsonpath_ng-1.8.0-py3-none-any.whl.metadata (18 kB)
Collecting psutil>=5 (from strata==2026.8.10)
  Using cached psutil-7.2.2-cp36-abi3-manylinux2014_aarch64.manylinux_2_17_aarch64.manylinux_2_28_aarch64.whl.metadata (22 kB)
Collecting cfgv>=2.0.0 (from pre-commit>=3.5->strata==2026.8.10)
  Using cached cfgv-3.5.0-py2.py3-none-any.whl.metadata (8.9 kB)
Collecting identify>=1.0.0 (from pre-commit>=3.5->strata==2026.8.10)
  Using cached identify-2.6.20-py2.py3-none-any.whl.metadata (4.4 kB)
Collecting nodeenv>=0.11.1 (from pre-commit>=3.5->strata==2026.8.10)
  Using cached nodeenv-1.11.0-py2.py3-none-any.whl.metadata (40 kB)
Collecting pyyaml>=5.1 (from pre-commit>=3.5->strata==2026.8.10)
  Using cached pyyaml-6.0.3-cp312-cp312-manylinux2014_aarch64.manylinux_2_17_aarch64.manylinux_2_28_aarch64.whl.metadata (2.4 kB)
Collecting virtualenv>=20.10.0 (from pre-commit>=3.5->strata==2026.8.10)
  Using cached virtualenv-21.13.0-py3-none-any.whl.metadata (3.9 kB)
Collecting iniconfig>=1.0.1 (from pytest>=7->strata==2026.8.10)
  Using cached iniconfig-2.3.0-py3-none-any.whl.metadata (2.5 kB)
Requirement already satisfied: packaging>=22 in ./.venv/lib/python3.12/site-packages (from pytest>=7->strata==2026.8.10) (26.3)
Collecting pluggy<2,>=1.5 (from pytest>=7->strata==2026.8.10)
  Using cached pluggy-1.6.0-py3-none-any.whl.metadata (4.8 kB)
Collecting pygments>=2.7.2 (from pytest>=7->strata==2026.8.10)
  Using cached pygments-2.21.0-py3-none-any.whl.metadata (2.5 kB)
Collecting coverage>=7.10.6 (from coverage[toml]>=7.10.6->pytest-cov>=4->strata==2026.8.10)
  Using cached coverage-7.16.2-cp312-cp312-manylinux2014_aarch64.manylinux_2_17_aarch64.manylinux_2_28_aarch64.whl.metadata (8.2 kB)
Collecting distlib<1,>=0.3.7 (from virtualenv>=20.10.0->pre-commit>=3.5->strata==2026.8.10)
  Using cached distlib-0.4.3-py2.py3-none-any.whl.metadata (5.3 kB)
Collecting filelock<5,>=3.24.2 (from virtualenv>=20.10.0->pre-commit>=3.5->strata==2026.8.10)
  Using cached filelock-4.0.6-py3-none-any.whl.metadata (2.0 kB)
Collecting platformdirs<5,>=3.9.1 (from virtualenv>=20.10.0->pre-commit>=3.5->strata==2026.8.10)
  Using cached platformdirs-4.12.1-py3-none-any.whl.metadata (5.5 kB)
Collecting python-discovery>=1.6 (from virtualenv>=20.10.0->pre-commit>=3.5->strata==2026.8.10)
  Using cached python_discovery-1.6.1-py3-none-any.whl.metadata (5.1 kB)
Using cached clang_format-21.1.8-py2.py3-none-manylinux_2_26_aarch64.manylinux_2_28_aarch64.whl (1.7 MB)
Using cached cmake-4.4.3-py3-none-manylinux2014_aarch64.manylinux_2_17_aarch64.whl (30.3 MB)
Using cached pre_commit-4.6.2-py2.py3-none-any.whl (226 kB)
Using cached cfgv-3.5.0-py2.py3-none-any.whl (7.4 kB)
Using cached identify-2.6.20-py2.py3-none-any.whl (99 kB)
Using cached nodeenv-1.11.0-py2.py3-none-any.whl (34 kB)
Using cached psutil-7.2.2-cp36-abi3-manylinux2014_aarch64.manylinux_2_17_aarch64.manylinux_2_28_aarch64.whl (156 kB)
Using cached pytest-9.1.1-py3-none-any.whl (386 kB)
Using cached pluggy-1.6.0-py3-none-any.whl (20 kB)
Using cached iniconfig-2.3.0-py3-none-any.whl (7.5 kB)
Using cached pygments-2.21.0-py3-none-any.whl (1.3 MB)
Using cached pytest_cov-7.1.0-py3-none-any.whl (22 kB)
Using cached coverage-7.16.2-cp312-cp312-manylinux2014_aarch64.manylinux_2_17_aarch64.manylinux_2_28_aarch64.whl (259 kB)
Using cached pyyaml-6.0.3-cp312-cp312-manylinux2014_aarch64.manylinux_2_17_aarch64.manylinux_2_28_aarch64.whl (775 kB)
Using cached ruff-0.16.9-py3-none-manylinux_2_17_aarch64.manylinux2014_aarch64.whl (10.0 MB)
Using cached virtualenv-21.13.0-py3-none-any.whl (5.5 MB)
Using cached distlib-0.4.3-py2.py3-none-any.whl (470 kB)
Using cached filelock-4.0.6-py3-none-any.whl (109 kB)
Using cached platformdirs-4.12.1-py3-none-any.whl (33 kB)
Using cached python_discovery-1.6.1-py3-none-any.whl (38 kB)
Using cached jmespath-1.1.0-py3-none-any.whl (20 kB)
Using cached jsonpath_ng-1.8.0-py3-none-any.whl (67 kB)
Using cached msgspec-0.21.1-cp312-cp312-manylinux2014_aarch64.manylinux_2_17_aarch64.manylinux_2_28_aarch64.whl (218 kB)
Using cached orjson-3.12.0-cp312-cp312-manylinux_2_17_aarch64.manylinux2014_aarch64.whl (130 kB)
Using cached pysimdjson-7.0.2-cp312-cp312-manylinux_2_17_aarch64.manylinux2014_aarch64.whl (2.8 MB)
Using cached ujson-6.0.0-cp312-cp312-manylinux_2_24_aarch64.manylinux_2_28_aarch64.whl (57 kB)
Building wheels for collected packages: strata
  Building editable for strata (pyproject.toml): started
  Building editable for strata (pyproject.toml): still running...
  Building editable for strata (pyproject.toml): still running...
  Building editable for strata (pyproject.toml): still running...
  Building editable for strata (pyproject.toml): finished with status 'done'
  Created wheel for strata: filename=strata-2026.8.10-0.editable-cp312-cp312-linux_aarch64.whl size=4378 sha256=3d7810499af9fc65255e0767ac1d3faf5bbb527504aea5968f04f5bd384f5993
  Stored in directory: /tmp/pip-ephem-wheel-cache-y5proiet/wheels/52/33/a0/5b6b2078a60ab0013e828747db2e1ebf023c74b3d2d39d1819
Successfully built strata
Installing collected packages: jsonpath-ng, distlib, clang-format, ujson, strata, ruff, pyyaml, pysimdjson, pygments, psutil, pluggy, platformdirs, orjson, nodeenv, msgspec, jmespath, iniconfig, identify, filelock, coverage, cmake, cfgv, python-discovery, pytest, virtualenv, pytest-cov, pre-commit

Successfully installed cfgv-3.5.0 clang-format-21.1.8 cmake-4.4.3 coverage-7.16.2 distlib-0.4.3 filelock-4.0.6 identify-2.6.20 iniconfig-2.3.0 jmespath-1.1.0 jsonpath-ng-1.8.0 msgspec-0.21.1 nodeenv-1.11.0 orjson-3.12.0 platformdirs-4.12.1 pluggy-1.6.0 pre-commit-4.6.2 psutil-7.2.2 pygments-2.21.0 pysimdjson-7.0.2 pytest-9.1.1 pytest-cov-7.1.0 python-discovery-1.6.1 pyyaml-6.0.3 ruff-0.16.9 strata-2026.8.10 ujson-6.0.0 virtualenv-21.13.0
==> PGO: compiler is clang
==> PGO phase 1: instrumented build
Obtaining file:///home/runner/work/_temp/strata-arm
  Installing build dependencies: started
  Installing build dependencies: finished with status 'done'
  Checking if build backend supports build_editable: started
  Checking if build backend supports build_editable: finished with status 'done'
  Getting requirements to build editable: started
  Getting requirements to build editable: finished with status 'done'
  Preparing editable metadata (pyproject.toml): started
  Preparing editable metadata (pyproject.toml): finished with status 'done'
Building wheels for collected packages: strata
  Building editable for strata (pyproject.toml): started
  Building editable for strata (pyproject.toml): finished with status 'done'
  Created wheel for strata: filename=strata-2026.8.10-0.editable-cp312-cp312-linux_aarch64.whl size=4378 sha256=118a9040690d031d4cef872500113873b32e655c31472551850072924a0b5234
  Stored in directory: /tmp/pip-ephem-wheel-cache-k6k16arw/wheels/52/33/a0/5b6b2078a60ab0013e828747db2e1ebf023c74b3d2d39d1819
Successfully built strata
Installing collected packages: strata
  Attempting uninstall: strata
    Found existing installation: strata 2026.8.10
    Uninstalling strata-2026.8.10:
      Successfully uninstalled strata-2026.8.10
Successfully installed strata-2026.8.10
==> PGO: the hook image must carry no profile
+ strata._dumps_hook is unprofiled: _dumps_hook.cpython-312-aarch64-linux-gnu.so.build.json records no profile or profile flag,
  and the image links no profile runtime
==> PGO: generating training data
  build/pgo/train.json (10.0 MB)
  build/pgo/train.ndjson (10.0 MB)
==> PGO: running the training workload
PGO training workload
  corpus: 4001 records, 10.0 MB
[1/7] loads
  loads(str): 1x in 0.04s
  loads(bytes): 1x in 0.04s
  loads(sample): 5x in 0.01s
  loads(cursor): 5x in 0.01s
  loads(iterator): 3x in 0.01s
[2/7] dumps
  dumps(str): 1x in 0.03s
  dumps(bytes): 3x in 0.03s
  dumps(sample, bytes): 5x in 0.00s
  dumps(sample): 5x in 0.00s
  dumps(parsed sample, bytes): 2x in 0.00s
[3/7] load
  load(json): 1x in 0.04s
  load(ndjson): 1x in 0.05s
  load(ndjson, iterator): 1x in 0.05s
[4/7] dump
  dump(json): 3x in 0.00s
[5/7] query
  query $[0].name: 3x in 0.00s
  query $[*].id: 3x in 0.00s
  query $[*].items[*].sku: 3x in 0.00s
  query $..leaf: 3x in 0.00s
  query $[0:50].score: 3x in 0.00s
  query $[?(@.id > 100)].name: 3x in 0.00s
  query $[?(@.id <= 500)]: 3x in 0.00s
  query $[?(@.name == 'alpha')]: 3x in 0.00s
  query $[?(@.name != 'alpha')].id: 3x in 0.00s
  query $[?(@['id'] >= 0)].name: 3x in 0.00s
  query $[*].nested.child: 3x in 0.00s
  query $[*].tags[0]: 3x in 0.00s
  query $.*: 3x in 0.00s
  query(compiled): 5x in 0.00s
[6/7] search
  search json $[*].id: 1x in 0.02s
  search ndjson $[*].id: 1x in 0.05s
  search json $..leaf: 1x in 0.05s
  search ndjson $..leaf: 1x in 0.05s
  search json $[?(@.id > 100)].name: 1x in 0.04s
  search ndjson $[?(@.id > 100)].name: 1x in 0.05s
[7/7] folder mode
  dump(split_by): 1x in 0.00s
  load(folder): 1x in 0.00s
  search(folder): 1x in 0.00s
PGO training workload complete
==> PGO: gate tests on the instrumented build
+ /home/runner/work/_temp/strata-arm/.venv/bin/cmake -S . -B build/cmake -DCMAKE_BUILD_TYPE=Release
-- Configuring done (0.0s)
-- Generating done (0.0s)
-- Build files have been written to: /home/runner/work/_temp/strata-arm/build/cmake
+ /home/runner/work/_temp/strata-arm/.venv/bin/cmake --build build/cmake --config Release
gmake[1]: Entering directory '/home/runner/work/_temp/strata-arm/build/cmake'
gmake[2]: Entering directory '/home/runner/work/_temp/strata-arm/build/cmake'
gmake[3]: Entering directory '/home/runner/work/_temp/strata-arm/build/cmake'
gmake[3]: Leaving directory '/home/runner/work/_temp/strata-arm/build/cmake'
gmake[3]: Entering directory '/home/runner/work/_temp/strata-arm/build/cmake'
[  1%] Linking CXX executable smoke_tests
gmake[3]: Leaving directory '/home/runner/work/_temp/strata-arm/build/cmake'
[  6%] Built target smoke_tests
gmake[3]: Entering directory '/home/runner/work/_temp/strata-arm/build/cmake'
gmake[3]: Leaving directory '/home/runner/work/_temp/strata-arm/build/cmake'
gmake[3]: Entering directory '/home/runner/work/_temp/strata-arm/build/cmake'
[  7%] Linking CXX executable json_core_tests
gmake[3]: Leaving directory '/home/runner/work/_temp/strata-arm/build/cmake'
[ 12%] Built target json_core_tests
gmake[3]: Entering directory '/home/runner/work/_temp/strata-arm/build/cmake'
gmake[3]: Leaving directory '/home/runner/work/_temp/strata-arm/build/cmake'
gmake[3]: Entering directory '/home/runner/work/_temp/strata-arm/build/cmake'
[ 12%] Linking CXX executable json_parse_tests
gmake[3]: Leaving directory '/home/runner/work/_temp/strata-arm/build/cmake'
[ 18%] Built target json_parse_tests
gmake[3]: Entering directory '/home/runner/work/_temp/strata-arm/build/cmake'
gmake[3]: Leaving directory '/home/runner/work/_temp/strata-arm/build/cmake'
gmake[3]: Entering directory '/home/runner/work/_temp/strata-arm/build/cmake'
[ 19%] Linking CXX executable fast_parse_tests
gmake[3]: Leaving directory '/home/runner/work/_temp/strata-arm/build/cmake'
[ 24%] Built target fast_parse_tests
gmake[3]: Entering directory '/home/runner/work/_temp/strata-arm/build/cmake'
gmake[3]: Leaving directory '/home/runner/work/_temp/strata-arm/build/cmake'
gmake[3]: Entering directory '/home/runner/work/_temp/strata-arm/build/cmake'
[ 25%] Linking CXX executable value_cursor_tests
gmake[3]: Leaving directory '/home/runner/work/_temp/strata-arm/build/cmake'
[ 31%] Built target value_cursor_tests
gmake[3]: Entering directory '/home/runner/work/_temp/strata-arm/build/cmake'
gmake[3]: Leaving directory '/home/runner/work/_temp/strata-arm/build/cmake'
gmake[3]: Entering directory '/home/runner/work/_temp/strata-arm/build/cmake'
[ 32%] Linking CXX executable json_serialize_tests
gmake[3]: Leaving directory '/home/runner/work/_temp/strata-arm/build/cmake'
[ 38%] Built target json_serialize_tests
gmake[3]: Entering directory '/home/runner/work/_temp/strata-arm/build/cmake'
gmake[3]: Leaving directory '/home/runner/work/_temp/strata-arm/build/cmake'
gmake[3]: Entering directory '/home/runner/work/_temp/strata-arm/build/cmake'
[ 38%] Linking CXX executable float_precision_tests
gmake[3]: Leaving directory '/home/runner/work/_temp/strata-arm/build/cmake'
[ 44%] Built target float_precision_tests
gmake[3]: Entering directory '/home/runner/work/_temp/strata-arm/build/cmake'
gmake[3]: Leaving directory '/home/runner/work/_temp/strata-arm/build/cmake'
gmake[3]: Entering directory '/home/runner/work/_temp/strata-arm/build/cmake'
[ 44%] Linking CXX executable json_cursor_tests
gmake[3]: Leaving directory '/home/runner/work/_temp/strata-arm/build/cmake'
[ 50%] Built target json_cursor_tests
gmake[3]: Entering directory '/home/runner/work/_temp/strata-arm/build/cmake'
gmake[3]: Leaving directory '/home/runner/work/_temp/strata-arm/build/cmake'
gmake[3]: Entering directory '/home/runner/work/_temp/strata-arm/build/cmake'
[ 50%] Linking CXX executable ndjson_tests
gmake[3]: Leaving directory '/home/runner/work/_temp/strata-arm/build/cmake'
[ 56%] Built target ndjson_tests
gmake[3]: Entering directory '/home/runner/work/_temp/strata-arm/build/cmake'
gmake[3]: Leaving directory '/home/runner/work/_temp/strata-arm/build/cmake'
gmake[3]: Entering directory '/home/runner/work/_temp/strata-arm/build/cmake'
[ 56%] Linking CXX executable jsonpath_tests
gmake[3]: Leaving directory '/home/runner/work/_temp/strata-arm/build/cmake'
[ 62%] Built target jsonpath_tests
gmake[3]: Entering directory '/home/runner/work/_temp/strata-arm/build/cmake'
gmake[3]: Leaving directory '/home/runner/work/_temp/strata-arm/build/cmake'
gmake[3]: Entering directory '/home/runner/work/_temp/strata-arm/build/cmake'
[ 63%] Linking CXX executable jsonpath_stream_tests
gmake[3]: Leaving directory '/home/runner/work/_temp/strata-arm/build/cmake'
[ 68%] Built target jsonpath_stream_tests
gmake[3]: Entering directory '/home/runner/work/_temp/strata-arm/build/cmake'
gmake[3]: Leaving directory '/home/runner/work/_temp/strata-arm/build/cmake'
gmake[3]: Entering directory '/home/runner/work/_temp/strata-arm/build/cmake'
[ 69%] Linking CXX executable scan_tests
gmake[3]: Leaving directory '/home/runner/work/_temp/strata-arm/build/cmake'
[ 75%] Built target scan_tests
gmake[3]: Entering directory '/home/runner/work/_temp/strata-arm/build/cmake'
gmake[3]: Leaving directory '/home/runner/work/_temp/strata-arm/build/cmake'
gmake[3]: Entering directory '/home/runner/work/_temp/strata-arm/build/cmake'
[ 75%] Linking CXX executable temporal_tests
gmake[3]: Leaving directory '/home/runner/work/_temp/strata-arm/build/cmake'
[ 81%] Built target temporal_tests
gmake[3]: Entering directory '/home/runner/work/_temp/strata-arm/build/cmake'
gmake[3]: Leaving directory '/home/runner/work/_temp/strata-arm/build/cmake'
gmake[3]: Entering directory '/home/runner/work/_temp/strata-arm/build/cmake'
[ 81%] Linking CXX executable folder_tests
gmake[3]: Leaving directory '/home/runner/work/_temp/strata-arm/build/cmake'
[ 87%] Built target folder_tests
gmake[3]: Entering directory '/home/runner/work/_temp/strata-arm/build/cmake'
gmake[3]: Leaving directory '/home/runner/work/_temp/strata-arm/build/cmake'
gmake[3]: Entering directory '/home/runner/work/_temp/strata-arm/build/cmake'
[ 88%] Linking CXX executable fuzz_corpus_tests
gmake[3]: Leaving directory '/home/runner/work/_temp/strata-arm/build/cmake'
[ 94%] Built target fuzz_corpus_tests
gmake[3]: Entering directory '/home/runner/work/_temp/strata-arm/build/cmake'
gmake[3]: Leaving directory '/home/runner/work/_temp/strata-arm/build/cmake'
gmake[3]: Entering directory '/home/runner/work/_temp/strata-arm/build/cmake'
[ 94%] Linking CXX executable stress_deep_tests
gmake[3]: Leaving directory '/home/runner/work/_temp/strata-arm/build/cmake'
[100%] Built target stress_deep_tests
gmake[2]: Leaving directory '/home/runner/work/_temp/strata-arm/build/cmake'
gmake[1]: Leaving directory '/home/runner/work/_temp/strata-arm/build/cmake'
+ /home/runner/work/_temp/strata-arm/.venv/bin/ctest --test-dir build/cmake --build-config Release --output-on-failure --no-tests=error
Test project /home/runner/work/_temp/strata-arm/build/cmake
      Start  1: smoke_tests
 1/16 Test  #1: smoke_tests ......................   Passed    0.00 sec
      Start  2: json_core_tests
 2/16 Test  #2: json_core_tests ..................   Passed    0.00 sec
      Start  3: json_parse_tests
 3/16 Test  #3: json_parse_tests .................   Passed    0.00 sec
      Start  4: fast_parse_tests
 4/16 Test  #4: fast_parse_tests .................   Passed    0.06 sec
      Start  5: value_cursor_tests
 5/16 Test  #5: value_cursor_tests ...............   Passed    0.01 sec
      Start  6: json_serialize_tests
 6/16 Test  #6: json_serialize_tests .............   Passed    0.00 sec
      Start  7: float_precision_tests
 7/16 Test  #7: float_precision_tests ............   Passed    2.30 sec
      Start  8: json_cursor_tests
 8/16 Test  #8: json_cursor_tests ................   Passed    0.00 sec
      Start  9: ndjson_tests
 9/16 Test  #9: ndjson_tests .....................   Passed    0.00 sec
      Start 10: jsonpath_tests
10/16 Test #10: jsonpath_tests ...................   Passed    0.00 sec
      Start 11: jsonpath_stream_tests
11/16 Test #11: jsonpath_stream_tests ............   Passed    0.00 sec
      Start 12: scan_tests
12/16 Test #12: scan_tests .......................   Passed    0.02 sec
      Start 13: temporal_tests
13/16 Test #13: temporal_tests ...................   Passed    0.00 sec
      Start 14: folder_tests
14/16 Test #14: folder_tests .....................   Passed    0.00 sec
      Start 15: fuzz_corpus_tests
15/16 Test #15: fuzz_corpus_tests ................   Passed    0.00 sec
      Start 16: stress_deep_tests
16/16 Test #16: stress_deep_tests ................   Passed    0.00 sec

100% tests passed out of 16

Total Test time (real) =   2.42 sec
+ pytest tests/py tests/unit --ignore=tests/unit/native_types --ignore=tests/py/native_types --basetemp=/tmp/pytest-of-runner/sl33_u45
============================= test session starts ==============================
platform linux -- Python 3.12.14, pytest-9.1.1, pluggy-1.6.0
rootdir: /home/runner/work/_temp/strata-arm
configfile: pyproject.toml
plugins: platformdirs-4.12.1, cov-7.1.0
collected 3195 items

tests/py/test_dumps_brace_fold.py .........                              [  0%]
tests/py/test_dumps_cycles_fused.py .................................... [  1%]
....................................................                     [  3%]
tests/py/test_dumps_general_tables.py ............................       [  3%]
tests/py/test_dumps_with_default.py .................................... [  5%]
.............................ss                                          [  6%]
tests/py/test_dumps_with_default_contract.py ........................... [  6%]
........................................................................ [  9%]
........................................................................ [ 11%]
..........................                                               [ 12%]
tests/py/test_fused_verification.py ..                                   [ 12%]
tests/py/test_json_parity.py ........................................... [ 13%]
........................................................................ [ 15%]
........................................................................ [ 18%]
........................................................................ [ 20%]
........................................................................ [ 22%]
........................................................................ [ 24%]
........................................................................ [ 27%]
........................................................................ [ 29%]
........................................................................ [ 31%]
........................................................................ [ 33%]
........................................................................ [ 36%]
........................................................................ [ 38%]
........................................................................ [ 40%]
........................................................................ [ 42%]
........................................................................ [ 45%]
........................................................................ [ 47%]
........................................................................ [ 49%]
.................................                                        [ 50%]
tests/py/test_path_dispatch.py ................................          [ 51%]
tests/py/test_py_tests_basetemp.py ..                                    [ 51%]
tests/py/test_smoke.py ...                                               [ 51%]
tests/unit/test_ab_analysis.py ......................................... [ 53%]
..                                                                       [ 53%]
tests/unit/test_build_manifest.py ......                                 [ 53%]
tests/unit/test_canonical_builds.py ......                               [ 53%]
tests/unit/test_ci_fetch.py ........................                     [ 54%]
tests/unit/test_ci_summary.py .......................                    [ 55%]
tests/unit/test_config.py ...........................                    [ 55%]
tests/unit/test_core_purity.py ....                                      [ 55%]
tests/unit/test_cross_sample.py ......                                   [ 56%]
tests/unit/test_dumps.py ............................................... [ 57%]
..........                                                               [ 57%]
tests/unit/test_dumps_brace_fold.py .........                            [ 58%]
tests/unit/test_dumps_cold_start.py ....                                 [ 58%]
tests/unit/test_dumps_contract.py ...................................... [ 59%]
.............................................................            [ 61%]
tests/unit/test_dumps_cycles_fused.py .................................. [ 62%]
......................................................                   [ 64%]
tests/unit/test_dumps_general_tables.py ............................     [ 65%]
tests/unit/test_dumps_latch.py ............................              [ 65%]
tests/unit/test_dumps_private_cache.py ................................  [ 66%]
tests/unit/test_dumps_reentrancy.py .................................... [ 68%]
......................................................................   [ 70%]
tests/unit/test_dumps_reentrancy_review.py ............................. [ 71%]
..                                                                       [ 71%]
tests/unit/test_dumps_schema_failure.py ...........................      [ 72%]
tests/unit/test_dumps_user_step_counter.py ..........................    [ 72%]
tests/unit/test_dumps_with_default.py .................................. [ 73%]
........................................................................ [ 76%]
...................................................................      [ 78%]
tests/unit/test_dumps_with_default_state.py ............................ [ 79%]
........................................................................ [ 81%]
..............                                                           [ 81%]
tests/unit/test_folder.py .............................................. [ 83%]
.........................................                                [ 84%]
tests/unit/test_fused_verification.py ..                                 [ 84%]
tests/unit/test_hook_build_scope.py ...............................      [ 85%]
tests/unit/test_json_cursor.py ...........................               [ 86%]
tests/unit/test_jsonpath.py ............................................ [ 87%]
.......................................................................  [ 90%]
tests/unit/test_load_dump.py ........................................... [ 91%]
                                                                         [ 91%]
tests/unit/test_loads.py ............................................... [ 92%]
........................................................................ [ 95%]
................                                                         [ 95%]
tests/unit/test_native_interleaved_profile.py ...                        [ 95%]
tests/unit/test_nested_container_probe.py ....                           [ 95%]
tests/unit/test_path_dispatch.py ................................        [ 96%]
tests/unit/test_provenance.py ..................                         [ 97%]
tests/unit/test_regression_check.py ..........................           [ 98%]
tests/unit/test_search_stream.py .................                       [ 98%]
tests/unit/test_string_identity_probe.py .                               [ 98%]
tests/unit/test_supplementary.py .............                           [ 99%]
tests/unit/test_supportability_check.py ....................             [ 99%]
tests/unit/test_version.py ....                                          [100%]

======================= 3193 passed, 2 skipped in 9.96s ========================
==> PGO: merging 17 raw profiles
==> PGO phase 2: optimized build (profile + LTO)
Obtaining file:///home/runner/work/_temp/strata-arm
  Installing build dependencies: started
  Installing build dependencies: finished with status 'done'
  Checking if build backend supports build_editable: started
  Checking if build backend supports build_editable: finished with status 'done'
  Getting requirements to build editable: started
  Getting requirements to build editable: finished with status 'done'
  Preparing editable metadata (pyproject.toml): started
  Preparing editable metadata (pyproject.toml): finished with status 'done'
Building wheels for collected packages: strata
  Building editable for strata (pyproject.toml): started
  Building editable for strata (pyproject.toml): finished with status 'done'
  Created wheel for strata: filename=strata-2026.8.10-0.editable-cp312-cp312-linux_aarch64.whl size=4378 sha256=8cd9085477adc2675a7041e7f6157c3e12c397e627216b9cbc34bdc3f7428453
  Stored in directory: /tmp/pip-ephem-wheel-cache-vj45aqaj/wheels/52/33/a0/5b6b2078a60ab0013e828747db2e1ebf023c74b3d2d39d1819
Successfully built strata
Installing collected packages: strata
  Attempting uninstall: strata
    Found existing installation: strata 2026.8.10
    Uninstalling strata-2026.8.10:
      Successfully uninstalled strata-2026.8.10
Successfully installed strata-2026.8.10
==> PGO: the hook image must carry no profile
+ strata._dumps_hook is unprofiled: _dumps_hook.cpython-312-aarch64-linux-gnu.so.build.json records no profile or profile flag,
  and the image links no profile runtime
==> PGO: gate tests on the optimized build
+ /home/runner/work/_temp/strata-arm/.venv/bin/cmake -S . -B build/cmake -DCMAKE_BUILD_TYPE=Release
-- Configuring done (0.0s)
-- Generating done (0.0s)
-- Build files have been written to: /home/runner/work/_temp/strata-arm/build/cmake
+ /home/runner/work/_temp/strata-arm/.venv/bin/cmake --build build/cmake --config Release
gmake[1]: Entering directory '/home/runner/work/_temp/strata-arm/build/cmake'
gmake[2]: Entering directory '/home/runner/work/_temp/strata-arm/build/cmake'
gmake[3]: Entering directory '/home/runner/work/_temp/strata-arm/build/cmake'
gmake[3]: Leaving directory '/home/runner/work/_temp/strata-arm/build/cmake'
gmake[3]: Entering directory '/home/runner/work/_temp/strata-arm/build/cmake'
[  1%] Linking CXX executable smoke_tests
gmake[3]: Leaving directory '/home/runner/work/_temp/strata-arm/build/cmake'
[  6%] Built target smoke_tests
gmake[3]: Entering directory '/home/runner/work/_temp/strata-arm/build/cmake'
gmake[3]: Leaving directory '/home/runner/work/_temp/strata-arm/build/cmake'
gmake[3]: Entering directory '/home/runner/work/_temp/strata-arm/build/cmake'
[  7%] Linking CXX executable json_core_tests
gmake[3]: Leaving directory '/home/runner/work/_temp/strata-arm/build/cmake'
[ 12%] Built target json_core_tests
gmake[3]: Entering directory '/home/runner/work/_temp/strata-arm/build/cmake'
gmake[3]: Leaving directory '/home/runner/work/_temp/strata-arm/build/cmake'
gmake[3]: Entering directory '/home/runner/work/_temp/strata-arm/build/cmake'
[ 12%] Linking CXX executable json_parse_tests
gmake[3]: Leaving directory '/home/runner/work/_temp/strata-arm/build/cmake'
[ 18%] Built target json_parse_tests
gmake[3]: Entering directory '/home/runner/work/_temp/strata-arm/build/cmake'
gmake[3]: Leaving directory '/home/runner/work/_temp/strata-arm/build/cmake'
gmake[3]: Entering directory '/home/runner/work/_temp/strata-arm/build/cmake'
[ 19%] Linking CXX executable fast_parse_tests
gmake[3]: Leaving directory '/home/runner/work/_temp/strata-arm/build/cmake'
[ 24%] Built target fast_parse_tests
gmake[3]: Entering directory '/home/runner/work/_temp/strata-arm/build/cmake'
gmake[3]: Leaving directory '/home/runner/work/_temp/strata-arm/build/cmake'
gmake[3]: Entering directory '/home/runner/work/_temp/strata-arm/build/cmake'
[ 25%] Linking CXX executable value_cursor_tests
gmake[3]: Leaving directory '/home/runner/work/_temp/strata-arm/build/cmake'
[ 31%] Built target value_cursor_tests
gmake[3]: Entering directory '/home/runner/work/_temp/strata-arm/build/cmake'
gmake[3]: Leaving directory '/home/runner/work/_temp/strata-arm/build/cmake'
gmake[3]: Entering directory '/home/runner/work/_temp/strata-arm/build/cmake'
[ 32%] Linking CXX executable json_serialize_tests
gmake[3]: Leaving directory '/home/runner/work/_temp/strata-arm/build/cmake'
[ 38%] Built target json_serialize_tests
gmake[3]: Entering directory '/home/runner/work/_temp/strata-arm/build/cmake'
gmake[3]: Leaving directory '/home/runner/work/_temp/strata-arm/build/cmake'
gmake[3]: Entering directory '/home/runner/work/_temp/strata-arm/build/cmake'
[ 38%] Linking CXX executable float_precision_tests
gmake[3]: Leaving directory '/home/runner/work/_temp/strata-arm/build/cmake'
[ 44%] Built target float_precision_tests
gmake[3]: Entering directory '/home/runner/work/_temp/strata-arm/build/cmake'
gmake[3]: Leaving directory '/home/runner/work/_temp/strata-arm/build/cmake'
gmake[3]: Entering directory '/home/runner/work/_temp/strata-arm/build/cmake'
[ 44%] Linking CXX executable json_cursor_tests
gmake[3]: Leaving directory '/home/runner/work/_temp/strata-arm/build/cmake'
[ 50%] Built target json_cursor_tests
gmake[3]: Entering directory '/home/runner/work/_temp/strata-arm/build/cmake'
gmake[3]: Leaving directory '/home/runner/work/_temp/strata-arm/build/cmake'
gmake[3]: Entering directory '/home/runner/work/_temp/strata-arm/build/cmake'
[ 50%] Linking CXX executable ndjson_tests
gmake[3]: Leaving directory '/home/runner/work/_temp/strata-arm/build/cmake'
[ 56%] Built target ndjson_tests
gmake[3]: Entering directory '/home/runner/work/_temp/strata-arm/build/cmake'
gmake[3]: Leaving directory '/home/runner/work/_temp/strata-arm/build/cmake'
gmake[3]: Entering directory '/home/runner/work/_temp/strata-arm/build/cmake'
[ 56%] Linking CXX executable jsonpath_tests
gmake[3]: Leaving directory '/home/runner/work/_temp/strata-arm/build/cmake'
[ 62%] Built target jsonpath_tests
gmake[3]: Entering directory '/home/runner/work/_temp/strata-arm/build/cmake'
gmake[3]: Leaving directory '/home/runner/work/_temp/strata-arm/build/cmake'
gmake[3]: Entering directory '/home/runner/work/_temp/strata-arm/build/cmake'
[ 63%] Linking CXX executable jsonpath_stream_tests
gmake[3]: Leaving directory '/home/runner/work/_temp/strata-arm/build/cmake'
[ 68%] Built target jsonpath_stream_tests
gmake[3]: Entering directory '/home/runner/work/_temp/strata-arm/build/cmake'
gmake[3]: Leaving directory '/home/runner/work/_temp/strata-arm/build/cmake'
gmake[3]: Entering directory '/home/runner/work/_temp/strata-arm/build/cmake'
[ 69%] Linking CXX executable scan_tests
gmake[3]: Leaving directory '/home/runner/work/_temp/strata-arm/build/cmake'
[ 75%] Built target scan_tests
gmake[3]: Entering directory '/home/runner/work/_temp/strata-arm/build/cmake'
gmake[3]: Leaving directory '/home/runner/work/_temp/strata-arm/build/cmake'
gmake[3]: Entering directory '/home/runner/work/_temp/strata-arm/build/cmake'
[ 75%] Linking CXX executable temporal_tests
gmake[3]: Leaving directory '/home/runner/work/_temp/strata-arm/build/cmake'
[ 81%] Built target temporal_tests
gmake[3]: Entering directory '/home/runner/work/_temp/strata-arm/build/cmake'
gmake[3]: Leaving directory '/home/runner/work/_temp/strata-arm/build/cmake'
gmake[3]: Entering directory '/home/runner/work/_temp/strata-arm/build/cmake'
[ 81%] Linking CXX executable folder_tests
gmake[3]: Leaving directory '/home/runner/work/_temp/strata-arm/build/cmake'
[ 87%] Built target folder_tests
gmake[3]: Entering directory '/home/runner/work/_temp/strata-arm/build/cmake'
gmake[3]: Leaving directory '/home/runner/work/_temp/strata-arm/build/cmake'
gmake[3]: Entering directory '/home/runner/work/_temp/strata-arm/build/cmake'
[ 88%] Linking CXX executable fuzz_corpus_tests
gmake[3]: Leaving directory '/home/runner/work/_temp/strata-arm/build/cmake'
[ 94%] Built target fuzz_corpus_tests
gmake[3]: Entering directory '/home/runner/work/_temp/strata-arm/build/cmake'
gmake[3]: Leaving directory '/home/runner/work/_temp/strata-arm/build/cmake'
gmake[3]: Entering directory '/home/runner/work/_temp/strata-arm/build/cmake'
[ 94%] Linking CXX executable stress_deep_tests
gmake[3]: Leaving directory '/home/runner/work/_temp/strata-arm/build/cmake'
[100%] Built target stress_deep_tests
gmake[2]: Leaving directory '/home/runner/work/_temp/strata-arm/build/cmake'
gmake[1]: Leaving directory '/home/runner/work/_temp/strata-arm/build/cmake'
+ /home/runner/work/_temp/strata-arm/.venv/bin/ctest --test-dir build/cmake --build-config Release --output-on-failure --no-tests=error
Test project /home/runner/work/_temp/strata-arm/build/cmake
      Start  1: smoke_tests
 1/16 Test  #1: smoke_tests ......................   Passed    0.00 sec
      Start  2: json_core_tests
 2/16 Test  #2: json_core_tests ..................   Passed    0.00 sec
      Start  3: json_parse_tests
 3/16 Test  #3: json_parse_tests .................   Passed    0.00 sec
      Start  4: fast_parse_tests
 4/16 Test  #4: fast_parse_tests .................   Passed    0.06 sec
      Start  5: value_cursor_tests
 5/16 Test  #5: value_cursor_tests ...............   Passed    0.01 sec
      Start  6: json_serialize_tests
 6/16 Test  #6: json_serialize_tests .............   Passed    0.00 sec
      Start  7: float_precision_tests
 7/16 Test  #7: float_precision_tests ............   Passed    2.30 sec
      Start  8: json_cursor_tests
 8/16 Test  #8: json_cursor_tests ................   Passed    0.00 sec
      Start  9: ndjson_tests
 9/16 Test  #9: ndjson_tests .....................   Passed    0.00 sec
      Start 10: jsonpath_tests
10/16 Test #10: jsonpath_tests ...................   Passed    0.00 sec
      Start 11: jsonpath_stream_tests
11/16 Test #11: jsonpath_stream_tests ............   Passed    0.00 sec
      Start 12: scan_tests
12/16 Test #12: scan_tests .......................   Passed    0.02 sec
      Start 13: temporal_tests
13/16 Test #13: temporal_tests ...................   Passed    0.00 sec
      Start 14: folder_tests
14/16 Test #14: folder_tests .....................   Passed    0.00 sec
      Start 15: fuzz_corpus_tests
15/16 Test #15: fuzz_corpus_tests ................   Passed    0.00 sec
      Start 16: stress_deep_tests
16/16 Test #16: stress_deep_tests ................   Passed    0.00 sec

100% tests passed out of 16

Total Test time (real) =   2.42 sec
+ pytest tests/py tests/unit --basetemp=/tmp/pytest-of-runner/1q7st0uk
============================= test session starts ==============================
platform linux -- Python 3.12.14, pytest-9.1.1, pluggy-1.6.0
rootdir: /home/runner/work/_temp/strata-arm
configfile: pyproject.toml
plugins: platformdirs-4.12.1, cov-7.1.0
collected 3589 items

tests/py/native_types/test_native_fast_paths.py ........ssssssssss..     [  0%]
tests/py/native_types/test_native_import.py ...                          [  0%]
tests/py/native_types/test_native_oracle.py .........                    [  0%]
tests/py/native_types/test_native_reentrancy.py ........................ [  1%]
..................................................                       [  2%]
tests/py/native_types/test_parse_types.py .............................. [  3%]
..........................................................               [  5%]
tests/py/test_dumps_brace_fold.py .........                              [  5%]
tests/py/test_dumps_cycles_fused.py .................................... [  6%]
....................................................                     [  8%]
tests/py/test_dumps_general_tables.py ............................       [  8%]
tests/py/test_dumps_with_default.py .................................... [  9%]
.............................ss                                          [ 10%]
tests/py/test_dumps_with_default_contract.py ........................... [ 11%]
........................................................................ [ 13%]
........................................................................ [ 15%]
..........................                                               [ 16%]
tests/py/test_fused_verification.py ..                                   [ 16%]
tests/py/test_json_parity.py ........................................... [ 17%]
........................................................................ [ 19%]
........................................................................ [ 21%]
........................................................................ [ 23%]
........................................................................ [ 25%]
........................................................................ [ 27%]
........................................................................ [ 29%]
........................................................................ [ 31%]
........................................................................ [ 33%]
........................................................................ [ 35%]
........................................................................ [ 37%]
........................................................................ [ 39%]
........................................................................ [ 41%]
........................................................................ [ 43%]
........................................................................ [ 45%]
........................................................................ [ 47%]
........................................................................ [ 49%]
.................................                                        [ 50%]
tests/py/test_path_dispatch.py ................................          [ 51%]
tests/py/test_py_tests_basetemp.py ..                                    [ 51%]
tests/py/test_smoke.py ...                                               [ 51%]
tests/unit/native_types/test_build_sources.py .....                      [ 51%]
tests/unit/native_types/test_parse_contract.py ......................... [ 52%]
.................................................                        [ 53%]
tests/unit/native_types/test_serializer_contract.py .................... [ 54%]
........................................................................ [ 56%]
.................                                                        [ 56%]
tests/unit/native_types/test_training_scope.py ............              [ 57%]
tests/unit/test_ab_analysis.py ......................................... [ 58%]
..                                                                       [ 58%]
tests/unit/test_build_manifest.py ......                                 [ 58%]
tests/unit/test_canonical_builds.py ......                               [ 58%]
tests/unit/test_ci_fetch.py ........................                     [ 59%]
tests/unit/test_ci_summary.py .......................                    [ 59%]
tests/unit/test_config.py ...........................                    [ 60%]
tests/unit/test_core_purity.py ....                                      [ 60%]
tests/unit/test_cross_sample.py ......                                   [ 60%]
tests/unit/test_dumps.py ............................................... [ 62%]
..........                                                               [ 62%]
tests/unit/test_dumps_brace_fold.py .........                            [ 62%]
tests/unit/test_dumps_cold_start.py ....                                 [ 62%]
tests/unit/test_dumps_contract.py ...................................... [ 64%]
.............................................................            [ 65%]
tests/unit/test_dumps_cycles_fused.py .................................. [ 66%]
......................................................                   [ 68%]
tests/unit/test_dumps_general_tables.py ............................     [ 68%]
tests/unit/test_dumps_latch.py ............................              [ 69%]
tests/unit/test_dumps_private_cache.py ................................  [ 70%]
tests/unit/test_dumps_reentrancy.py .................................... [ 71%]
......................................................................   [ 73%]
tests/unit/test_dumps_reentrancy_review.py ............................. [ 74%]
..                                                                       [ 74%]
tests/unit/test_dumps_schema_failure.py ...........................      [ 75%]
tests/unit/test_dumps_user_step_counter.py ..........................    [ 75%]
tests/unit/test_dumps_with_default.py .................................. [ 76%]
........................................................................ [ 78%]
...................................................................      [ 80%]
tests/unit/test_dumps_with_default_state.py ............................ [ 81%]
........................................................................ [ 83%]
..............                                                           [ 83%]
tests/unit/test_folder.py .............................................. [ 85%]
.........................................                                [ 86%]
tests/unit/test_fused_verification.py ..                                 [ 86%]
tests/unit/test_hook_build_scope.py ...............................      [ 87%]
tests/unit/test_json_cursor.py ...........................               [ 87%]
tests/unit/test_jsonpath.py ............................................ [ 89%]
.......................................................................  [ 91%]
tests/unit/test_load_dump.py ........................................... [ 92%]
                                                                         [ 92%]
tests/unit/test_loads.py ............................................... [ 93%]
........................................................................ [ 95%]
................                                                         [ 96%]
tests/unit/test_native_interleaved_profile.py ...                        [ 96%]
tests/unit/test_nested_container_probe.py ....                           [ 96%]
tests/unit/test_path_dispatch.py ................................        [ 97%]
tests/unit/test_provenance.py ..................                         [ 97%]
tests/unit/test_regression_check.py ..........................           [ 98%]
tests/unit/test_search_stream.py .................                       [ 98%]
tests/unit/test_string_identity_probe.py .                               [ 98%]
tests/unit/test_supplementary.py .............                           [ 99%]
tests/unit/test_supportability_check.py ....................             [ 99%]
tests/unit/test_version.py ....                                          [100%]

====================== 3577 passed, 12 skipped in 11.92s =======================
==> PGO: generating benchmark data
make[1]: Entering directory '/home/runner/work/_temp/strata-arm'
PYTHONPATH=. .venv/bin/python -m benchmarks.data.generate_bench_data --out-dir benchmarks/data/generated/small  --num-users 1000 --max-orders 10 --max-items 5  --records 500
  benchmarks/data/generated/small/users.json  (1680 KB)
  benchmarks/data/generated/small/users.ndjson  (1679 KB)
  benchmarks/data/generated/small/flat.json  (209 KB)
  benchmarks/data/generated/small/nested.json  (148 KB)
  benchmarks/data/generated/small/wide_arrays.json  (1218 KB)
  benchmarks/data/generated/small/mixed.json  (34 KB)
PYTHONPATH=. .venv/bin/python -m benchmarks.data.generate_bench_data --out-dir benchmarks/data/generated/medium --num-users 2000 --max-orders 20 --max-items 10 --records 2000
  benchmarks/data/generated/medium/users.json  (9883 KB)
  benchmarks/data/generated/medium/users.ndjson  (9881 KB)
  benchmarks/data/generated/medium/flat.json  (836 KB)
  benchmarks/data/generated/medium/nested.json  (594 KB)
  benchmarks/data/generated/medium/wide_arrays.json  (4874 KB)
  benchmarks/data/generated/medium/mixed.json  (138 KB)
PYTHONPATH=. .venv/bin/python -m benchmarks.data.generate_bench_data --out-dir benchmarks/data/generated/large  --num-users 4000 --max-orders 40 --max-items 20 --records 5000
  benchmarks/data/generated/large/users.json  (68083 KB)
  benchmarks/data/generated/large/users.ndjson  (68079 KB)
  benchmarks/data/generated/large/flat.json  (2092 KB)
  benchmarks/data/generated/large/nested.json  (1488 KB)
  benchmarks/data/generated/large/wide_arrays.json  (12185 KB)
  benchmarks/data/generated/large/mixed.json  (347 KB)
make[1]: Leaving directory '/home/runner/work/_temp/strata-arm'
==> PGO: verification benchmarks
wrote build/pgo/bench_results_pgo.md
==> PGO complete
    profile: /home/runner/work/_temp/strata-arm/build/pgo/strata.profdata
    results: build/pgo/bench_results_pgo.md
    The installed extension is now the PGO+LTO build.
